Archive member included to satisfy reference by file (symbol)

.pio/build/genericSTM32F411CE/libe3c/libWire.a(Wire.cpp.o)
                              .pio/build/genericSTM32F411CE/src/main.cpp.o (TwoWire::begin(bool))
.pio/build/genericSTM32F411CE/libe3c/libWire.a(twi.c.o)
                              .pio/build/genericSTM32F411CE/libe3c/libWire.a(Wire.cpp.o) (i2c_init)
.pio/build/genericSTM32F411CE/libf06/libBlueRobotics MS5837 Library.a(MS5837.cpp.o)
                              .pio/build/genericSTM32F411CE/src/main.cpp.o (MS5837::MS5837())
.pio/build/genericSTM32F411CE/libc01/libTCA9548A.a(TCA9548A.cpp.o)
                              .pio/build/genericSTM32F411CE/src/main.cpp.o (TCA9548A::TCA9548A(unsigned char))
.pio/build/genericSTM32F411CE/lib242/libAdafruit BNO08x.a(Adafruit_BNO08x.cpp.o)
                              .pio/build/genericSTM32F411CE/src/main.cpp.o (Adafruit_BNO08x::Adafruit_BNO08x(signed char))
.pio/build/genericSTM32F411CE/lib242/libAdafruit BNO08x.a(sh2.c.o)
                              .pio/build/genericSTM32F411CE/lib242/libAdafruit BNO08x.a(Adafruit_BNO08x.cpp.o) (sh2_open)
.pio/build/genericSTM32F411CE/lib242/libAdafruit BNO08x.a(sh2_SensorValue.c.o)
                              .pio/build/genericSTM32F411CE/lib242/libAdafruit BNO08x.a(Adafruit_BNO08x.cpp.o) (sh2_decodeSensorEvent)
.pio/build/genericSTM32F411CE/lib242/libAdafruit BNO08x.a(sh2_util.c.o)
                              .pio/build/genericSTM32F411CE/lib242/libAdafruit BNO08x.a(sh2_SensorValue.c.o) (readu16)
.pio/build/genericSTM32F411CE/lib242/libAdafruit BNO08x.a(shtp.c.o)
                              .pio/build/genericSTM32F411CE/lib242/libAdafruit BNO08x.a(sh2.c.o) (shtp_close)
.pio/build/genericSTM32F411CE/lib588/libElectronic Cats PN7150.a(Electroniccats_PN7150.cpp.o)
                              .pio/build/genericSTM32F411CE/src/main.cpp.o (Electroniccats_PN7150::Electroniccats_PN7150(unsigned char, unsigned char, unsigned char, ChipModel, TwoWire*))
.pio/build/genericSTM32F411CE/lib588/libElectronic Cats PN7150.a(Mode.cpp.o)
                              .pio/build/genericSTM32F411CE/lib588/libElectronic Cats PN7150.a(Electroniccats_PN7150.cpp.o) (Mode::Mode())
.pio/build/genericSTM32F411CE/lib588/libElectronic Cats PN7150.a(NdefMessage.cpp.o)
                              .pio/build/genericSTM32F411CE/src/main.cpp.o (NdefMessage::NdefMessage())
.pio/build/genericSTM32F411CE/lib588/libElectronic Cats PN7150.a(NdefRecord.cpp.o)
                              .pio/build/genericSTM32F411CE/lib588/libElectronic Cats PN7150.a(NdefMessage.cpp.o) (NdefRecord::NdefRecord())
.pio/build/genericSTM32F411CE/lib588/libElectronic Cats PN7150.a(P2P_NDEF.cpp.o)
                              .pio/build/genericSTM32F411CE/lib588/libElectronic Cats PN7150.a(Electroniccats_PN7150.cpp.o) (P2P_NDEF_Reset())
.pio/build/genericSTM32F411CE/lib588/libElectronic Cats PN7150.a(RW_NDEF.cpp.o)
                              .pio/build/genericSTM32F411CE/lib588/libElectronic Cats PN7150.a(NdefMessage.cpp.o) (registerUpdateNdefMessageCallback(void (*)(unsigned char*, unsigned short)))
.pio/build/genericSTM32F411CE/lib588/libElectronic Cats PN7150.a(RW_NDEF_MIFARE.cpp.o)
                              .pio/build/genericSTM32F411CE/lib588/libElectronic Cats PN7150.a(RW_NDEF.cpp.o) (RW_NDEF_MIFARE_Reset())
.pio/build/genericSTM32F411CE/lib588/libElectronic Cats PN7150.a(RW_NDEF_T1T.cpp.o)
                              .pio/build/genericSTM32F411CE/lib588/libElectronic Cats PN7150.a(RW_NDEF.cpp.o) (RW_NDEF_T1T_Reset())
.pio/build/genericSTM32F411CE/lib588/libElectronic Cats PN7150.a(RW_NDEF_T2T.cpp.o)
                              .pio/build/genericSTM32F411CE/lib588/libElectronic Cats PN7150.a(RW_NDEF.cpp.o) (RW_NDEF_T2T_Reset())
.pio/build/genericSTM32F411CE/lib588/libElectronic Cats PN7150.a(RW_NDEF_T3T.cpp.o)
                              .pio/build/genericSTM32F411CE/lib588/libElectronic Cats PN7150.a(RW_NDEF.cpp.o) (RW_NDEF_T3T_Reset())
.pio/build/genericSTM32F411CE/lib588/libElectronic Cats PN7150.a(RW_NDEF_T4T.cpp.o)
                              .pio/build/genericSTM32F411CE/lib588/libElectronic Cats PN7150.a(RW_NDEF.cpp.o) (RW_NDEF_T4T_Reset())
.pio/build/genericSTM32F411CE/lib588/libElectronic Cats PN7150.a(RemoteDevice.cpp.o)
                              .pio/build/genericSTM32F411CE/lib588/libElectronic Cats PN7150.a(Electroniccats_PN7150.cpp.o) (RemoteDevice::getInterface() const)
.pio/build/genericSTM32F411CE/lib588/libElectronic Cats PN7150.a(T4T_NDEF_emu.cpp.o)
                              .pio/build/genericSTM32F411CE/lib588/libElectronic Cats PN7150.a(NdefMessage.cpp.o) (T4T_NDEF_EMU_SetMsg(char const*, unsigned short))
.pio/build/genericSTM32F411CE/lib588/libElectronic Cats PN7150.a(ndef_helper.cpp.o)
                              .pio/build/genericSTM32F411CE/lib588/libElectronic Cats PN7150.a(NdefRecord.cpp.o) (ndef_helper_WifiAuth(unsigned char))
[...]
Memory Configuration

Name             Origin             Length             Attributes
*default*        0x00000000         0xffffffff
RAM              0x20000000         0x00020000         xrw
FLASH            0x08000000         0x00080000         xr

Linker script and memory map

                0x20020000                        _estack = (ORIGIN (RAM) + LENGTH (RAM))
                0x00000200                        _Min_Heap_Size = 0x200
                0x00000400                        _Min_Stack_Size = 0x400

.isr_vector     0x08000000      0x198
                0x08000000                        . = ALIGN (0x4)
 *(.isr_vector)
 .isr_vector    0x08000000      0x198 .pio/build/genericSTM32F411CE/libFrameworkArduino.a(startup_stm32yyxx.S.o)
                0x08000000                g_pfnVectors
                0x08000198                        . = ALIGN (0x4)

.text           0x080001a0     0xae48
                0x080001a0                        . = ALIGN (0x4)
 *(.text)
 .text          0x080001a0       0x30 c:/users/lorel/.platformio/packages/toolchain-gccarmnoneeabi/bin/../lib/gcc/arm-none-eabi/12.3.1/thumb/v7e-m+fp/hard\libgcc.a(_aeabi_uldivmod.o)
                0x080001a0                __aeabi_uldivmod
 .text          0x080001d0        0x4 c:/users/lorel/.platformio/packages/toolchain-gccarmnoneeabi/bin/../lib/gcc/arm-none-eabi/12.3.1/thumb/v7e-m+fp/hard\libgcc.a(_dvmd_tls.o)
                0x080001d0                __aeabi_idiv0
                0x080001d0                __aeabi_ldiv0
 .text          0x080001d4       0x14 c:/users/lorel/.platformio/packages/toolchain-gccarmnoneeabi/bin/../lib/gcc/arm-none-eabi/12.3.1/../../../../arm-none-eabi/lib/thumb/v7e-m+fp/hard\libc_nano.a(libc_a-strcmp.o)
                0x080001d4                strcmp
 .text          0x080001e8       0x10 c:/users/lorel/.platformio/packages/toolchain-gccarmnoneeabi/bin/../lib/gcc/arm-none-eabi/12.3.1/../../../../arm-none-eabi/lib/thumb/v7e-m+fp/hard\libc_nano.a(libc_a-strlen.o)
                0x080001e8                strlen
 *fill*         0x080001f8        0x8 
 .text          0x08000200       0xa0 c:/users/lorel/.platformio/packages/toolchain-gccarmnoneeabi/bin/../lib/gcc/arm-none-eabi/12.3.1/../../../../arm-none-eabi/lib/thumb/v7e-m+fp/hard\libc_nano.a(libc_a-memchr.o)
                0x08000200                memchr
 *(.text*)
 .text.__do_global_dtors_aux
                0x080002a0       0x24 c:/users/lorel/.platformio/packages/toolchain-gccarmnoneeabi/bin/../lib/gcc/arm-none-eabi/12.3.1/thumb/v7e-m+fp/hard/crtbegin.o
 .text.frame_dummy
                0x080002c4       0x1c c:/users/lorel/.platformio/packages/toolchain-gccarmnoneeabi/bin/../lib/gcc/arm-none-eabi/12.3.1/thumb/v7e-m+fp/hard/crtbegin.o
 .text._ZN9USBSerial5writeEh
                0x080002e0       0x18 .pio/build/genericSTM32F411CE/USBDevice/src/USBSerial.cpp.o
                0x080002e0                USBSerial::write(unsigned char)
 .text._ZN9USBSerial17availableForWriteEv
                0x080002f8        0xc .pio/build/genericSTM32F411CE/USBDevice/src/USBSerial.cpp.o
                0x080002f8                USBSerial::availableForWrite()
 .text._ZN9USBSerial5writeEPKhj
                0x08000304       0x48 .pio/build/genericSTM32F411CE/USBDevice/src/USBSerial.cpp.o
                0x08000304                USBSerial::write(unsigned char const*, unsigned int)
 .text._ZN9USBSerial9availableEv
                0x0800034c        0xc .pio/build/genericSTM32F411CE/USBDevice/src/USBSerial.cpp.o
                0x0800034c                USBSerial::available()
 .text._ZN9USBSerial4readEv
                0x08000358       0x18 .pio/build/genericSTM32F411CE/USBDevice/src/USBSerial.cpp.o
                0x08000358                USBSerial::read()
 .text._ZN9USBSerial9readBytesEPcj
                0x08000370       0x4c .pio/build/genericSTM32F411CE/USBDevice/src/USBSerial.cpp.o
                0x08000370                USBSerial::readBytes(char*, unsigned int)
 .text._ZN9USBSerial14readBytesUntilEcPcj
                0x080003bc       0x68 .pio/build/genericSTM32F411CE/USBDevice/src/USBSerial.cpp.o
                0x080003bc                USBSerial::readBytesUntil(char, char*, unsigned int)
 .text._ZN9USBSerial4peekEv
                0x08000424        0xc .pio/build/genericSTM32F411CE/USBDevice/src/USBSerial.cpp.o
                0x08000424                USBSerial::peek()
 .text._ZN9USBSerial5flushEv
                0x08000430       0x14 .pio/build/genericSTM32F411CE/USBDevice/src/USBSerial.cpp.o
                0x08000430                USBSerial::flush()
 .text._ZN9USBSerial5beginEm
                0x08000444        0x4 .pio/build/genericSTM32F411CE/USBDevice/src/USBSerial.cpp.o
                0x08000444                USBSerial::begin(unsigned long)
 .text._ZN9USBSerialcvbEv
                0x08000448       0x14 .pio/build/genericSTM32F411CE/USBDevice/src/USBSerial.cpp.o
                0x08000448                USBSerial::operator bool()
 .text.startup._GLOBAL__sub_I_SerialUSB
                0x0800045c       0x1c .pio/build/genericSTM32F411CE/USBDevice/src/USBSerial.cpp.o
 .text.CDC_TransmitQueue_Init
                0x08000478        0xc .pio/build/genericSTM32F411CE/USBDevice/src/cdc/cdc_queue.c.o
                0x08000478                CDC_TransmitQueue_Init
 .text.CDC_TransmitQueue_WriteSize
                0x08000484       0x20 .pio/build/genericSTM32F411CE/USBDevice/src/cdc/cdc_queue.c.o
                0x08000484                CDC_TransmitQueue_WriteSize
 .text.CDC_TransmitQueue_ReadSize
                0x080004a4       0x22 .pio/build/genericSTM32F411CE/USBDevice/src/cdc/cdc_queue.c.o
                0x080004a4                CDC_TransmitQueue_ReadSize
 .text.CDC_TransmitQueue_Enqueue
                0x080004c6       0x46 .pio/build/genericSTM32F411CE/USBDevice/src/cdc/cdc_queue.c.o
                0x080004c6                CDC_TransmitQueue_Enqueue
 .text.CDC_TransmitQueue_ReadBlock
                0x0800050c       0x36 .pio/build/genericSTM32F411CE/USBDevice/src/cdc/cdc_queue.c.o
                0x0800050c                CDC_TransmitQueue_ReadBlock
 .text.CDC_TransmitQueue_CommitRead
                0x08000542       0x14 .pio/build/genericSTM32F411CE/USBDevice/src/cdc/cdc_queue.c.o
                0x08000542                CDC_TransmitQueue_CommitRead
 .text.CDC_ReceiveQueue_Init
                0x08000556       0x12 .pio/build/genericSTM32F411CE/USBDevice/src/cdc/cdc_queue.c.o
                0x08000556                CDC_ReceiveQueue_Init
 .text.CDC_ReceiveQueue_ReserveBlock
                0x08000568       0x74 .pio/build/genericSTM32F411CE/USBDevice/src/cdc/cdc_queue.c.o
                0x08000568                CDC_ReceiveQueue_ReserveBlock
 .text.CDC_ReceiveQueue_CommitBlock
                0x080005dc       0x36 .pio/build/genericSTM32F411CE/USBDevice/src/cdc/cdc_queue.c.o
                0x080005dc                CDC_ReceiveQueue_CommitBlock
 .text.CDC_ReceiveQueue_ReadSize
                0x08000612       0x50 .pio/build/genericSTM32F411CE/USBDevice/src/cdc/cdc_queue.c.o
                0x08000612                CDC_ReceiveQueue_ReadSize
 .text.CDC_ReceiveQueue_Dequeue
                0x08000662       0x6e .pio/build/genericSTM32F411CE/USBDevice/src/cdc/cdc_queue.c.o
                0x08000662                CDC_ReceiveQueue_Dequeue
 .text.CDC_ReceiveQueue_Peek
                0x080006d0       0x4c .pio/build/genericSTM32F411CE/USBDevice/src/cdc/cdc_queue.c.o
                0x080006d0                CDC_ReceiveQueue_Peek
 .text.CDC_ReceiveQueue_Read
                0x0800071c       0x90 .pio/build/genericSTM32F411CE/USBDevice/src/cdc/cdc_queue.c.o
                0x0800071c                CDC_ReceiveQueue_Read
 .text.CDC_ReceiveQueue_ReadUntil
                0x080007ac       0xd0 .pio/build/genericSTM32F411CE/USBDevice/src/cdc/cdc_queue.c.o
                0x080007ac                CDC_ReceiveQueue_ReadUntil
 .text.USBD_CDC_EP0_RxReady
                0x0800087c       0x38 .pio/build/genericSTM32F411CE/USBDevice/src/cdc/usbd_cdc.c.o
 .text.USBD_CDC_GetDeviceQualifierDescriptor
                0x080008b4        0xc .pio/build/genericSTM32F411CE/USBDevice/src/cdc/usbd_cdc.c.o
                0x080008b4                USBD_CDC_GetDeviceQualifierDescriptor
 .text.USBD_CDC_GetOtherSpeedCfgDesc
                0x080008c0       0x48 .pio/build/genericSTM32F411CE/USBDevice/src/cdc/usbd_cdc.c.o
 .text.USBD_CDC_GetFSCfgDesc
                0x08000908       0x48 .pio/build/genericSTM32F411CE/USBDevice/src/cdc/usbd_cdc.c.o
 .text.USBD_CDC_GetHSCfgDesc
                0x08000950       0x48 .pio/build/genericSTM32F411CE/USBDevice/src/cdc/usbd_cdc.c.o
 .text.USBD_CDC_DataOut
                0x08000998       0x38 .pio/build/genericSTM32F411CE/USBDevice/src/cdc/usbd_cdc.c.o
 .text.USBD_CDC_DataIn
                0x080009d0       0x64 .pio/build/genericSTM32F411CE/USBDevice/src/cdc/usbd_cdc.c.o
 .text.USBD_CDC_Setup
                0x08000a34       0xf0 .pio/build/genericSTM32F411CE/USBDevice/src/cdc/usbd_cdc.c.o
 .text.USBD_CDC_DeInit
                0x08000b24       0x4e .pio/build/genericSTM32F411CE/USBDevice/src/cdc/usbd_cdc.c.o
 *fill*         0x08000b72        0x2 
 .text.USBD_CDC_Init
                0x08000b74       0xbc .pio/build/genericSTM32F411CE/USBDevice/src/cdc/usbd_cdc.c.o
 .text.USBD_CDC_RegisterInterface
                0x08000c30       0x16 .pio/build/genericSTM32F411CE/USBDevice/src/cdc/usbd_cdc.c.o
                0x08000c30                USBD_CDC_RegisterInterface
 .text.USBD_CDC_SetTxBuffer
                0x08000c46       0x1c .pio/build/genericSTM32F411CE/USBDevice/src/cdc/usbd_cdc.c.o
                0x08000c46                USBD_CDC_SetTxBuffer
 .text.USBD_CDC_SetRxBuffer
                0x08000c62       0x18 .pio/build/genericSTM32F411CE/USBDevice/src/cdc/usbd_cdc.c.o
                0x08000c62                USBD_CDC_SetRxBuffer
 .text.USBD_CDC_TransmitPacket
                0x08000c7a       0x36 .pio/build/genericSTM32F411CE/USBDevice/src/cdc/usbd_cdc.c.o
                0x08000c7a                USBD_CDC_TransmitPacket
 .text.USBD_CDC_ReceivePacket
                0x08000cb0       0x2c .pio/build/genericSTM32F411CE/USBDevice/src/cdc/usbd_cdc.c.o
                0x08000cb0                USBD_CDC_ReceivePacket
 .text.USBD_CDC_ClearBuffer
                0x08000cdc       0x20 .pio/build/genericSTM32F411CE/USBDevice/src/cdc/usbd_cdc.c.o
                0x08000cdc                USBD_CDC_ClearBuffer
 .text.USBD_CDC_DeInit
                0x08000cfc        0x4 .pio/build/genericSTM32F411CE/USBDevice/src/cdc/usbd_cdc_if.c.o
 .text.USBD_CDC_Control
                0x08000d00       0x84 .pio/build/genericSTM32F411CE/USBDevice/src/cdc/usbd_cdc_if.c.o
 .text.USBD_CDC_Init
                0x08000d84       0x38 .pio/build/genericSTM32F411CE/USBDevice/src/cdc/usbd_cdc_if.c.o
 .text.CDC_init
                0x08000dbc       0x48 .pio/build/genericSTM32F411CE/USBDevice/src/cdc/usbd_cdc_if.c.o
                0x08000dbc                CDC_init
 .text.CDC_connected
                0x08000e04       0x40 .pio/build/genericSTM32F411CE/USBDevice/src/cdc/usbd_cdc_if.c.o
                0x08000e04                CDC_connected
 .text.CDC_continue_transmit
                0x08000e44       0x4c .pio/build/genericSTM32F411CE/USBDevice/src/cdc/usbd_cdc_if.c.o
                0x08000e44                CDC_continue_transmit
 .text.USBD_CDC_TransmitCplt
                0x08000e90       0x20 .pio/build/genericSTM32F411CE/USBDevice/src/cdc/usbd_cdc_if.c.o
 .text.CDC_resume_receive
                0x08000eb0       0x38 .pio/build/genericSTM32F411CE/USBDevice/src/cdc/usbd_cdc_if.c.o
                0x08000eb0                CDC_resume_receive
 .text.USBD_CDC_Receive
                0x08000ee8       0x2c .pio/build/genericSTM32F411CE/USBDevice/src/cdc/usbd_cdc_if.c.o
 .text.USBD_Init
                0x08000f14       0x26 .pio/build/genericSTM32F411CE/USBDevice/src/usb_device_core.c.o
                0x08000f14                USBD_Init
 .text.USBD_RegisterClass
                0x08000f3a       0x32 .pio/build/genericSTM32F411CE/USBDevice/src/usb_device_core.c.o
                0x08000f3a                USBD_RegisterClass
 .text.USBD_Start
                0x08000f6c        0x4 .pio/build/genericSTM32F411CE/USBDevice/src/usb_device_core.c.o
                0x08000f6c                USBD_Start
 .text.USBD_SetClassConfig
                0x08000f70        0xe .pio/build/genericSTM32F411CE/USBDevice/src/usb_device_core.c.o
                0x08000f70                USBD_SetClassConfig
 .text.USBD_ClrClassConfig
                0x08000f7e       0x12 .pio/build/genericSTM32F411CE/USBDevice/src/usb_device_core.c.o
                0x08000f7e                USBD_ClrClassConfig
 .text.USBD_LL_SetupStage
                0x08000f90       0x60 .pio/build/genericSTM32F411CE/USBDevice/src/usb_device_core.c.o
                0x08000f90                USBD_LL_SetupStage
 .text.USBD_LL_DataOutStage
                0x08000ff0       0x6a .pio/build/genericSTM32F411CE/USBDevice/src/usb_device_core.c.o
                0x08000ff0                USBD_LL_DataOutStage
 .text.USBD_LL_DataInStage
                0x0800105a       0xa6 .pio/build/genericSTM32F411CE/USBDevice/src/usb_device_core.c.o
                0x0800105a                USBD_LL_DataInStage
 .text.USBD_LL_Reset
                0x08001100       0x5e .pio/build/genericSTM32F411CE/USBDevice/src/usb_device_core.c.o
                0x08001100                USBD_LL_Reset
 .text.USBD_LL_SetSpeed
                0x0800115e        0x6 .pio/build/genericSTM32F411CE/USBDevice/src/usb_device_core.c.o
                0x0800115e                USBD_LL_SetSpeed
 .text.USBD_LL_Suspend
                0x08001164       0x1c .pio/build/genericSTM32F411CE/USBDevice/src/usb_device_core.c.o
                0x08001164                USBD_LL_Suspend
 .text.USBD_LL_Resume
                0x08001180       0x16 .pio/build/genericSTM32F411CE/USBDevice/src/usb_device_core.c.o
                0x08001180                USBD_LL_Resume
 .text.USBD_LL_SOF
                0x08001196       0x1a .pio/build/genericSTM32F411CE/USBDevice/src/usb_device_core.c.o
                0x08001196                USBD_LL_SOF
 .text.USBD_LL_IsoINIncomplete
                0x080011b0       0x26 .pio/build/genericSTM32F411CE/USBDevice/src/usb_device_core.c.o
                0x080011b0                USBD_LL_IsoINIncomplete
 .text.USBD_LL_IsoOUTIncomplete
                0x080011d6       0x26 .pio/build/genericSTM32F411CE/USBDevice/src/usb_device_core.c.o
                0x080011d6                USBD_LL_IsoOUTIncomplete
 .text.USBD_LL_DevConnected
                0x080011fc        0x4 .pio/build/genericSTM32F411CE/USBDevice/src/usb_device_core.c.o
                0x080011fc                USBD_LL_DevConnected
 .text.USBD_LL_DevDisconnected
                0x08001200       0x20 .pio/build/genericSTM32F411CE/USBDevice/src/usb_device_core.c.o
                0x08001200                USBD_LL_DevDisconnected
 .text.USBD_CoreFindIF
                0x08001220        0x4 .pio/build/genericSTM32F411CE/USBDevice/src/usb_device_core.c.o
                0x08001220                USBD_CoreFindIF
 .text.USBD_CoreFindEP
                0x08001224        0x4 .pio/build/genericSTM32F411CE/USBDevice/src/usb_device_core.c.o
                0x08001224                USBD_CoreFindEP
 .text.USBD_GetEpDesc
                0x08001228       0x24 .pio/build/genericSTM32F411CE/USBDevice/src/usb_device_core.c.o
                0x08001228                USBD_GetEpDesc
 .text.USBD_CtlError.constprop.0
                0x0800124c       0x16 .pio/build/genericSTM32F411CE/USBDevice/src/usb_device_ctlreq.c.o
 *fill*         0x08001262        0x2 
 .text.USBD_StdDevReq
                0x08001264      0x288 .pio/build/genericSTM32F411CE/USBDevice/src/usb_device_ctlreq.c.o
                0x08001264                USBD_StdDevReq
 .text.USBD_StdItfReq
                0x080014ec       0x5a .pio/build/genericSTM32F411CE/USBDevice/src/usb_device_ctlreq.c.o
                0x080014ec                USBD_StdItfReq
 .text.USBD_StdEPReq
                0x08001546      0x13a .pio/build/genericSTM32F411CE/USBDevice/src/usb_device_ctlreq.c.o
                0x08001546                USBD_StdEPReq
 .text.USBD_ParseSetupRequest
                0x08001680       0x16 .pio/build/genericSTM32F411CE/USBDevice/src/usb_device_ctlreq.c.o
                0x08001680                USBD_ParseSetupRequest
 .text.USBD_CtlError
                0x08001696       0x16 .pio/build/genericSTM32F411CE/USBDevice/src/usb_device_ctlreq.c.o
                0x08001696                USBD_CtlError
 .text.USBD_GetString
                0x080016ac       0x42 .pio/build/genericSTM32F411CE/USBDevice/src/usb_device_ctlreq.c.o
                0x080016ac                USBD_GetString
 .text.USBD_CtlSendData
                0x080016ee       0x1a .pio/build/genericSTM32F411CE/USBDevice/src/usb_device_ioreq.c.o
                0x080016ee                USBD_CtlSendData
 .text.USBD_CtlContinueSendData
                0x08001708       0x10 .pio/build/genericSTM32F411CE/USBDevice/src/usb_device_ioreq.c.o
                0x08001708                USBD_CtlContinueSendData
 .text.USBD_CtlPrepareRx
                0x08001718       0x1a .pio/build/genericSTM32F411CE/USBDevice/src/usb_device_ioreq.c.o
                0x08001718                USBD_CtlPrepareRx
 .text.USBD_CtlContinueRx
                0x08001732       0x10 .pio/build/genericSTM32F411CE/USBDevice/src/usb_device_ioreq.c.o
                0x08001732                USBD_CtlContinueRx
 .text.USBD_CtlSendStatus
                0x08001742       0x16 .pio/build/genericSTM32F411CE/USBDevice/src/usb_device_ioreq.c.o
                0x08001742                USBD_CtlSendStatus
 .text.USBD_CtlReceiveStatus
                0x08001758       0x16 .pio/build/genericSTM32F411CE/USBDevice/src/usb_device_ioreq.c.o
                0x08001758                USBD_CtlReceiveStatus
 *fill*         0x0800176e        0x2 
 .text.HAL_PCD_MspInit
                0x08001770       0x98 .pio/build/genericSTM32F411CE/USBDevice/src/usbd_conf.c.o
                0x08001770                HAL_PCD_MspInit
 .text.HAL_PCD_SetupStageCallback
                0x08001808        0xc .pio/build/genericSTM32F411CE/USBDevice/src/usbd_conf.c.o
                0x08001808                HAL_PCD_SetupStageCallback
 .text.HAL_PCD_DataOutStageCallback
                0x08001814       0x12 .pio/build/genericSTM32F411CE/USBDevice/src/usbd_conf.c.o
                0x08001814                HAL_PCD_DataOutStageCallback
 .text.HAL_PCD_DataInStageCallback
                0x08001826       0x10 .pio/build/genericSTM32F411CE/USBDevice/src/usbd_conf.c.o
                0x08001826                HAL_PCD_DataInStageCallback
 .text.HAL_PCD_SOFCallback
                0x08001836        0x8 .pio/build/genericSTM32F411CE/USBDevice/src/usbd_conf.c.o
                0x08001836                HAL_PCD_SOFCallback
 .text.HAL_PCD_ResetCallback
                0x0800183e       0x1a .pio/build/genericSTM32F411CE/USBDevice/src/usbd_conf.c.o
                0x0800183e                HAL_PCD_ResetCallback
 .text.HAL_PCD_SuspendCallback
                0x08001858       0x30 .pio/build/genericSTM32F411CE/USBDevice/src/usbd_conf.c.o
                0x08001858                HAL_PCD_SuspendCallback
 .text.HAL_PCD_ResumeCallback
                0x08001888       0x34 .pio/build/genericSTM32F411CE/USBDevice/src/usbd_conf.c.o
                0x08001888                HAL_PCD_ResumeCallback
 .text.HAL_PCD_ISOOUTIncompleteCallback
                0x080018bc        0x8 .pio/build/genericSTM32F411CE/USBDevice/src/usbd_conf.c.o
                0x080018bc                HAL_PCD_ISOOUTIncompleteCallback
 .text.HAL_PCD_ISOINIncompleteCallback
                0x080018c4        0x8 .pio/build/genericSTM32F411CE/USBDevice/src/usbd_conf.c.o
                0x080018c4                HAL_PCD_ISOINIncompleteCallback
 .text.HAL_PCD_ConnectCallback
                0x080018cc        0x8 .pio/build/genericSTM32F411CE/USBDevice/src/usbd_conf.c.o
                0x080018cc                HAL_PCD_ConnectCallback
 .text.HAL_PCD_DisconnectCallback
                0x080018d4        0x8 .pio/build/genericSTM32F411CE/USBDevice/src/usbd_conf.c.o
                0x080018d4                HAL_PCD_DisconnectCallback
 .text.OTG_FS_IRQHandler
                0x080018dc        0xc .pio/build/genericSTM32F411CE/USBDevice/src/usbd_conf.c.o
                0x080018dc                OTG_FS_IRQHandler
 .text.OTG_FS_WKUP_IRQHandler
                0x080018e8       0x3c .pio/build/genericSTM32F411CE/USBDevice/src/usbd_conf.c.o
                0x080018e8                OTG_FS_WKUP_IRQHandler
 .text.USBD_LL_Init
                0x08001924       0x64 .pio/build/genericSTM32F411CE/USBDevice/src/usbd_conf.c.o
                0x08001924                USBD_LL_Init
 .text.USBD_LL_Start
                0x08001988        0xe .pio/build/genericSTM32F411CE/USBDevice/src/usbd_conf.c.o
                0x08001988                USBD_LL_Start
 .text.USBD_LL_OpenEP
                0x08001996       0x14 .pio/build/genericSTM32F411CE/USBDevice/src/usbd_conf.c.o
                0x08001996                USBD_LL_OpenEP
 .text.USBD_LL_CloseEP
                0x080019aa        0xe .pio/build/genericSTM32F411CE/USBDevice/src/usbd_conf.c.o
                0x080019aa                USBD_LL_CloseEP
 .text.USBD_LL_StallEP
                0x080019b8        0xe .pio/build/genericSTM32F411CE/USBDevice/src/usbd_conf.c.o
                0x080019b8                USBD_LL_StallEP
 .text.USBD_LL_ClearStallEP
                0x080019c6        0xe .pio/build/genericSTM32F411CE/USBDevice/src/usbd_conf.c.o
                0x080019c6                USBD_LL_ClearStallEP
 .text.USBD_LL_IsStallEP
                0x080019d4       0x24 .pio/build/genericSTM32F411CE/USBDevice/src/usbd_conf.c.o
                0x080019d4                USBD_LL_IsStallEP
 .text.USBD_LL_SetUSBAddress
                0x080019f8        0xe .pio/build/genericSTM32F411CE/USBDevice/src/usbd_conf.c.o
                0x080019f8                USBD_LL_SetUSBAddress
 .text.USBD_LL_Transmit
                0x08001a06        0xe .pio/build/genericSTM32F411CE/USBDevice/src/usbd_conf.c.o
                0x08001a06                USBD_LL_Transmit
 .text.USBD_LL_PrepareReceive
                0x08001a14        0xe .pio/build/genericSTM32F411CE/USBDevice/src/usbd_conf.c.o
                0x08001a14                USBD_LL_PrepareReceive
 .text.USBD_LL_GetRxDataSize
                0x08001a22        0x8 .pio/build/genericSTM32F411CE/USBDevice/src/usbd_conf.c.o
                0x08001a22                USBD_LL_GetRxDataSize
 *fill*         0x08001a2a        0x2 
 .text.USBD_Class_DeviceDescriptor
                0x08001a2c        0xc .pio/build/genericSTM32F411CE/USBDevice/src/usbd_desc.c.o
                0x08001a2c                USBD_Class_DeviceDescriptor
 .text.USBD_LangIDStrDescriptor
                0x08001a38        0xc .pio/build/genericSTM32F411CE/USBDevice/src/usbd_desc.c.o
                0x08001a38                USBD_LangIDStrDescriptor
 .text.USBD_Class_UserStrDescriptor
                0x08001a44        0x8 .pio/build/genericSTM32F411CE/USBDevice/src/usbd_desc.c.o
                0x08001a44                USBD_Class_UserStrDescriptor
 .text.IntToUnicode
                0x08001a4c       0x2a .pio/build/genericSTM32F411CE/USBDevice/src/usbd_desc.c.o
 *fill*         0x08001a76        0x2 
 .text.USBD_SerialStrDescriptor
                0x08001a78       0x3c .pio/build/genericSTM32F411CE/USBDevice/src/usbd_desc.c.o
                0x08001a78                USBD_SerialStrDescriptor
 .text.USBD_ManufacturerStrDescriptor
                0x08001ab4       0x1c .pio/build/genericSTM32F411CE/USBDevice/src/usbd_desc.c.o
                0x08001ab4                USBD_ManufacturerStrDescriptor
 .text.USBD_Class_ProductStrDescriptor
                0x08001ad0       0x24 .pio/build/genericSTM32F411CE/USBDevice/src/usbd_desc.c.o
                0x08001ad0                USBD_Class_ProductStrDescriptor
 .text.USBD_Class_ConfigStrDescriptor
                0x08001af4       0x1c .pio/build/genericSTM32F411CE/USBDevice/src/usbd_desc.c.o
                0x08001af4                USBD_Class_ConfigStrDescriptor
 .text.USBD_Class_InterfaceStrDescriptor
                0x08001b10       0x1c .pio/build/genericSTM32F411CE/USBDevice/src/usbd_desc.c.o
                0x08001b10                USBD_Class_InterfaceStrDescriptor
 .text.USBD_reenumerate
                0x08001b2c       0x1c .pio/build/genericSTM32F411CE/USBDevice/src/usbd_if.c.o
                0x08001b2c                USBD_reenumerate
 .text.USBD_CDC_init
                0x08001b48        0x4 .pio/build/genericSTM32F411CE/USBDevice/src/usbd_if.c.o
                0x08001b48                USBD_CDC_init
 .text.USBD_SystemClockConfigFromResume
                0x08001b4c        0xe .pio/build/genericSTM32F411CE/USBDevice/src/usbd_if.c.o
                0x08001b4c                USBD_SystemClockConfigFromResume
 *fill*         0x08001b5a        0x2 
 .text.SystemClock_Config
                0x08001b5c       0x9c .pio/build/genericSTM32F411CE/FrameworkArduinoVariant/generic_clock.c.o
                0x08001b5c                SystemClock_Config
 .text.HAL_MspInit
                0x08001bf8        0x2 .pio/build/genericSTM32F411CE/SrcWrapper/src/HAL/stm32yyxx_hal.c.o
                0x08001bf8                HAL_MspInit
 *fill*         0x08001bfa        0x2 
 .text.HAL_InitTick
                0x08001bfc       0x48 .pio/build/genericSTM32F411CE/SrcWrapper/src/HAL/stm32yyxx_hal.c.o
                0x08001bfc                HAL_InitTick
 .text.HAL_Init
                0x08001c44       0x34 .pio/build/genericSTM32F411CE/SrcWrapper/src/HAL/stm32yyxx_hal.c.o
                0x08001c44                HAL_Init
 .text.HAL_IncTick
                0x08001c78       0x18 .pio/build/genericSTM32F411CE/SrcWrapper/src/HAL/stm32yyxx_hal.c.o
                0x08001c78                HAL_IncTick
 .text.HAL_GetTick
                0x08001c90        0xc .pio/build/genericSTM32F411CE/SrcWrapper/src/HAL/stm32yyxx_hal.c.o
                0x08001c90                HAL_GetTick
 .text.HAL_Delay
                0x08001c9c       0x28 .pio/build/genericSTM32F411CE/SrcWrapper/src/HAL/stm32yyxx_hal.c.o
                0x08001c9c                HAL_Delay
 .text.HAL_NVIC_SetPriorityGrouping
                0x08001cc4       0x24 .pio/build/genericSTM32F411CE/SrcWrapper/src/HAL/stm32yyxx_hal_cortex.c.o
                0x08001cc4                HAL_NVIC_SetPriorityGrouping
 .text.HAL_NVIC_SetPriority
                0x08001ce8       0x64 .pio/build/genericSTM32F411CE/SrcWrapper/src/HAL/stm32yyxx_hal_cortex.c.o
                0x08001ce8                HAL_NVIC_SetPriority
 .text.HAL_NVIC_EnableIRQ
                0x08001d4c       0x1c .pio/build/genericSTM32F411CE/SrcWrapper/src/HAL/stm32yyxx_hal_cortex.c.o
                0x08001d4c                HAL_NVIC_EnableIRQ
 .text.HAL_NVIC_DisableIRQ
                0x08001d68       0x24 .pio/build/genericSTM32F411CE/SrcWrapper/src/HAL/stm32yyxx_hal_cortex.c.o
                0x08001d68                HAL_NVIC_DisableIRQ
 .text.HAL_SYSTICK_Config
                0x08001d8c       0x28 .pio/build/genericSTM32F411CE/SrcWrapper/src/HAL/stm32yyxx_hal_cortex.c.o
                0x08001d8c                HAL_SYSTICK_Config
 .text.HAL_NVIC_ClearPendingIRQ
                0x08001db4       0x1c .pio/build/genericSTM32F411CE/SrcWrapper/src/HAL/stm32yyxx_hal_cortex.c.o
                0x08001db4                HAL_NVIC_ClearPendingIRQ
 .text.HAL_SYSTICK_Callback
                0x08001dd0        0x2 .pio/build/genericSTM32F411CE/SrcWrapper/src/HAL/stm32yyxx_hal_cortex.c.o
                0x08001dd0                HAL_SYSTICK_Callback
 .text.HAL_SYSTICK_IRQHandler
                0x08001dd2        0x8 .pio/build/genericSTM32F411CE/SrcWrapper/src/HAL/stm32yyxx_hal_cortex.c.o
                0x08001dd2                HAL_SYSTICK_IRQHandler
 .text.HAL_CRC_MspInit
                0x08001dda        0x2 .pio/build/genericSTM32F411CE/SrcWrapper/src/HAL/stm32yyxx_hal_crc.c.o
                0x08001dda                HAL_CRC_MspInit
 .text.HAL_CRC_Init
                0x08001ddc       0x20 .pio/build/genericSTM32F411CE/SrcWrapper/src/HAL/stm32yyxx_hal_crc.c.o
                0x08001ddc                HAL_CRC_Init
 .text.HAL_DMA_Abort
                0x08001dfc       0x7c .pio/build/genericSTM32F411CE/SrcWrapper/src/HAL/stm32yyxx_hal_dma.c.o
                0x08001dfc                HAL_DMA_Abort
 .text.HAL_DMA_Abort_IT
                0x08001e78       0x24 .pio/build/genericSTM32F411CE/SrcWrapper/src/HAL/stm32yyxx_hal_dma.c.o
                0x08001e78                HAL_DMA_Abort_IT
 .text.HAL_DMA_GetState
                0x08001e9c        0x6 .pio/build/genericSTM32F411CE/SrcWrapper/src/HAL/stm32yyxx_hal_dma.c.o
                0x08001e9c                HAL_DMA_GetState
 *fill*         0x08001ea2        0x2 
 .text.HAL_GPIO_EXTI_IRQHandler
                0x08001ea4       0x18 .pio/build/genericSTM32F411CE/SrcWrapper/src/HAL/stm32yyxx_hal_gpio.c.o
                0x08001ea4                HAL_GPIO_EXTI_IRQHandler
 .text.I2C_WaitOnFlagUntilTimeout
                0x08001ebc       0x80 .pio/build/genericSTM32F411CE/SrcWrapper/src/HAL/stm32yyxx_hal_i2c.c.o
 .text.HAL_I2C_MspInit
                0x08001f3c        0x2 .pio/build/genericSTM32F411CE/SrcWrapper/src/HAL/stm32yyxx_hal_i2c.c.o
                0x08001f3c                HAL_I2C_MspInit
 *fill*         0x08001f3e        0x2 
 .text.HAL_I2C_Init
                0x08001f40      0x14c .pio/build/genericSTM32F411CE/SrcWrapper/src/HAL/stm32yyxx_hal_i2c.c.o
                0x08001f40                HAL_I2C_Init
 .text.HAL_I2C_MspDeInit
                0x0800208c        0x2 .pio/build/genericSTM32F411CE/SrcWrapper/src/HAL/stm32yyxx_hal_i2c.c.o
                0x0800208c                HAL_I2C_MspDeInit
 .text.HAL_I2C_DeInit
                0x0800208e       0x32 .pio/build/genericSTM32F411CE/SrcWrapper/src/HAL/stm32yyxx_hal_i2c.c.o
                0x0800208e                HAL_I2C_DeInit
 .text.HAL_I2C_IsDeviceReady
                0x080020c0      0x160 .pio/build/genericSTM32F411CE/SrcWrapper/src/HAL/stm32yyxx_hal_i2c.c.o
                0x080020c0                HAL_I2C_IsDeviceReady
 .text.HAL_I2C_Master_Seq_Transmit_IT
                0x08002220       0xd0 .pio/build/genericSTM32F411CE/SrcWrapper/src/HAL/stm32yyxx_hal_i2c.c.o
                0x08002220                HAL_I2C_Master_Seq_Transmit_IT
 .text.HAL_I2C_Master_Seq_Receive_IT
                0x080022f0      0x10c .pio/build/genericSTM32F411CE/SrcWrapper/src/HAL/stm32yyxx_hal_i2c.c.o
                0x080022f0                HAL_I2C_Master_Seq_Receive_IT
 .text.HAL_I2C_Slave_Seq_Transmit_IT
                0x080023fc       0x76 .pio/build/genericSTM32F411CE/SrcWrapper/src/HAL/stm32yyxx_hal_i2c.c.o
                0x080023fc                HAL_I2C_Slave_Seq_Transmit_IT
 .text.HAL_I2C_Slave_Seq_Receive_IT
                0x08002472       0x76 .pio/build/genericSTM32F411CE/SrcWrapper/src/HAL/stm32yyxx_hal_i2c.c.o
                0x08002472                HAL_I2C_Slave_Seq_Receive_IT
 .text.HAL_I2C_EnableListen_IT
                0x080024e8       0x36 .pio/build/genericSTM32F411CE/SrcWrapper/src/HAL/stm32yyxx_hal_i2c.c.o
                0x080024e8                HAL_I2C_EnableListen_IT
 .text.HAL_I2C_MasterTxCpltCallback
                0x0800251e        0x2 .pio/build/genericSTM32F411CE/SrcWrapper/src/HAL/stm32yyxx_hal_i2c.c.o
                0x0800251e                HAL_I2C_MasterTxCpltCallback
 .text.HAL_I2C_MasterRxCpltCallback
                0x08002520        0x2 .pio/build/genericSTM32F411CE/SrcWrapper/src/HAL/stm32yyxx_hal_i2c.c.o
                0x08002520                HAL_I2C_MasterRxCpltCallback
 .text.HAL_I2C_MemTxCpltCallback
                0x08002522        0x2 .pio/build/genericSTM32F411CE/SrcWrapper/src/HAL/stm32yyxx_hal_i2c.c.o
                0x08002522                HAL_I2C_MemTxCpltCallback
 .text.I2C_MemoryTransmit_TXE_BTF
                0x08002524       0xb6 .pio/build/genericSTM32F411CE/SrcWrapper/src/HAL/stm32yyxx_hal_i2c.c.o
 .text.HAL_I2C_MemRxCpltCallback
                0x080025da        0x2 .pio/build/genericSTM32F411CE/SrcWrapper/src/HAL/stm32yyxx_hal_i2c.c.o
                0x080025da                HAL_I2C_MemRxCpltCallback
 .text.HAL_I2C_AbortCpltCallback
                0x080025dc        0x2 .pio/build/genericSTM32F411CE/SrcWrapper/src/HAL/stm32yyxx_hal_i2c.c.o
                0x080025dc                HAL_I2C_AbortCpltCallback
 *fill*         0x080025de        0x2 
 .text.I2C_DMAAbort
                0x080025e0       0xe4 .pio/build/genericSTM32F411CE/SrcWrapper/src/HAL/stm32yyxx_hal_i2c.c.o
 .text.I2C_ITError
                0x080026c4      0x15c .pio/build/genericSTM32F411CE/SrcWrapper/src/HAL/stm32yyxx_hal_i2c.c.o
 .text.HAL_I2C_EV_IRQHandler
                0x08002820      0x8c8 .pio/build/genericSTM32F411CE/SrcWrapper/src/HAL/stm32yyxx_hal_i2c.c.o
                0x08002820                HAL_I2C_EV_IRQHandler
 .text.HAL_I2C_ER_IRQHandler
                0x080030e8      0x158 .pio/build/genericSTM32F411CE/SrcWrapper/src/HAL/stm32yyxx_hal_i2c.c.o
                0x080030e8                HAL_I2C_ER_IRQHandler
 .text.HAL_I2C_GetState
                0x08003240        0x6 .pio/build/genericSTM32F411CE/SrcWrapper/src/HAL/stm32yyxx_hal_i2c.c.o
                0x08003240                HAL_I2C_GetState
 .text.HAL_I2C_GetError
                0x08003246        0x4 .pio/build/genericSTM32F411CE/SrcWrapper/src/HAL/stm32yyxx_hal_i2c.c.o
                0x08003246                HAL_I2C_GetError
 .text.HAL_PCD_Init
                0x0800324a       0xde .pio/build/genericSTM32F411CE/SrcWrapper/src/HAL/stm32yyxx_hal_pcd.c.o
                0x0800324a                HAL_PCD_Init
 .text.HAL_PCD_Start
                0x08003328       0x3e .pio/build/genericSTM32F411CE/SrcWrapper/src/HAL/stm32yyxx_hal_pcd.c.o
                0x08003328                HAL_PCD_Start
 .text.HAL_PCD_SetAddress
                0x08003366       0x26 .pio/build/genericSTM32F411CE/SrcWrapper/src/HAL/stm32yyxx_hal_pcd.c.o
                0x08003366                HAL_PCD_SetAddress
 .text.HAL_PCD_EP_Open
                0x0800338c       0x72 .pio/build/genericSTM32F411CE/SrcWrapper/src/HAL/stm32yyxx_hal_pcd.c.o
                0x0800338c                HAL_PCD_EP_Open
 .text.HAL_PCD_EP_Close
                0x080033fe       0x5c .pio/build/genericSTM32F411CE/SrcWrapper/src/HAL/stm32yyxx_hal_pcd.c.o
                0x080033fe                HAL_PCD_EP_Close
 .text.HAL_PCD_EP_Receive
                0x0800345a       0x3c .pio/build/genericSTM32F411CE/SrcWrapper/src/HAL/stm32yyxx_hal_pcd.c.o
                0x0800345a                HAL_PCD_EP_Receive
 .text.HAL_PCD_EP_GetRxCount
                0x08003496       0x10 .pio/build/genericSTM32F411CE/SrcWrapper/src/HAL/stm32yyxx_hal_pcd.c.o
                0x08003496                HAL_PCD_EP_GetRxCount
 .text.HAL_PCD_EP_Transmit
                0x080034a6       0x36 .pio/build/genericSTM32F411CE/SrcWrapper/src/HAL/stm32yyxx_hal_pcd.c.o
                0x080034a6                HAL_PCD_EP_Transmit
 .text.HAL_PCD_EP_SetStall
                0x080034dc       0x6e .pio/build/genericSTM32F411CE/SrcWrapper/src/HAL/stm32yyxx_hal_pcd.c.o
                0x080034dc                HAL_PCD_EP_SetStall
 .text.HAL_PCD_EP_ClrStall
                0x0800354a       0x6a .pio/build/genericSTM32F411CE/SrcWrapper/src/HAL/stm32yyxx_hal_pcd.c.o
                0x0800354a                HAL_PCD_EP_ClrStall
 .text.HAL_PCD_EP_Abort
                0x080035b4       0x20 .pio/build/genericSTM32F411CE/SrcWrapper/src/HAL/stm32yyxx_hal_pcd.c.o
                0x080035b4                HAL_PCD_EP_Abort
 .text.HAL_PCD_IRQHandler
                0x080035d4      0x68c .pio/build/genericSTM32F411CE/SrcWrapper/src/HAL/stm32yyxx_hal_pcd.c.o
                0x080035d4                HAL_PCD_IRQHandler
 .text.HAL_PCDEx_SetTxFiFo
                0x08003c60       0x3e .pio/build/genericSTM32F411CE/SrcWrapper/src/HAL/stm32yyxx_hal_pcd_ex.c.o
                0x08003c60                HAL_PCDEx_SetTxFiFo
 .text.HAL_PCDEx_SetRxFiFo
                0x08003c9e        0x8 .pio/build/genericSTM32F411CE/SrcWrapper/src/HAL/stm32yyxx_hal_pcd_ex.c.o
                0x08003c9e                HAL_PCDEx_SetRxFiFo
 .text.HAL_PCDEx_LPM_Callback
                0x08003ca6        0x2 .pio/build/genericSTM32F411CE/SrcWrapper/src/HAL/stm32yyxx_hal_pcd_ex.c.o
                0x08003ca6                HAL_PCDEx_LPM_Callback
 .text.HAL_RCC_OscConfig
                0x08003ca8      0x35c .pio/build/genericSTM32F411CE/SrcWrapper/src/HAL/stm32yyxx_hal_rcc.c.o
                0x08003ca8                HAL_RCC_OscConfig
 .text.HAL_RCC_GetSysClockFreq
                0x08004004       0x5c .pio/build/genericSTM32F411CE/SrcWrapper/src/HAL/stm32yyxx_hal_rcc.c.o
                0x08004004                HAL_RCC_GetSysClockFreq
 .text.HAL_RCC_ClockConfig
                0x08004060      0x134 .pio/build/genericSTM32F411CE/SrcWrapper/src/HAL/stm32yyxx_hal_rcc.c.o
                0x08004060                HAL_RCC_ClockConfig
 .text.HAL_RCC_GetHCLKFreq
                0x08004194        0xc .pio/build/genericSTM32F411CE/SrcWrapper/src/HAL/stm32yyxx_hal_rcc.c.o
                0x08004194                HAL_RCC_GetHCLKFreq
 .text.HAL_RCC_GetPCLK1Freq
                0x080041a0       0x20 .pio/build/genericSTM32F411CE/SrcWrapper/src/HAL/stm32yyxx_hal_rcc.c.o
                0x080041a0                HAL_RCC_GetPCLK1Freq
 .text.HAL_TIM_PWM_PulseFinishedCallback
                0x080041c0        0x2 .pio/build/genericSTM32F411CE/SrcWrapper/src/HAL/stm32yyxx_hal_tim.c.o
                0x080041c0                HAL_TIM_PWM_PulseFinishedCallback
 .text.HAL_TIM_TriggerCallback
                0x080041c2        0x2 .pio/build/genericSTM32F411CE/SrcWrapper/src/HAL/stm32yyxx_hal_tim.c.o
                0x080041c2                HAL_TIM_TriggerCallback
 .text.HAL_TIM_IRQHandler
                0x080041c4      0x128 .pio/build/genericSTM32F411CE/SrcWrapper/src/HAL/stm32yyxx_hal_tim.c.o
                0x080041c4                HAL_TIM_IRQHandler
 .text.TIM_Base_SetConfig
                0x080042ec       0x88 .pio/build/genericSTM32F411CE/SrcWrapper/src/HAL/stm32yyxx_hal_tim.c.o
                0x080042ec                TIM_Base_SetConfig
 .text.HAL_TIM_Base_Init
                0x08004374       0x58 .pio/build/genericSTM32F411CE/SrcWrapper/src/HAL/stm32yyxx_hal_tim.c.o
                0x08004374                HAL_TIM_Base_Init
 .text.HAL_TIMEx_CommutCallback
                0x080043cc        0x2 .pio/build/genericSTM32F411CE/SrcWrapper/src/HAL/stm32yyxx_hal_tim_ex.c.o
                0x080043cc                HAL_TIMEx_CommutCallback
 .text.HAL_TIMEx_BreakCallback
                0x080043ce        0x2 .pio/build/genericSTM32F411CE/SrcWrapper/src/HAL/stm32yyxx_hal_tim_ex.c.o
                0x080043ce                HAL_TIMEx_BreakCallback
 .text.UART_EndRxTransfer
                0x080043d0       0x5c .pio/build/genericSTM32F411CE/SrcWrapper/src/HAL/stm32yyxx_hal_uart.c.o
 .text.HAL_UART_Transmit_IT
                0x0800442c       0x32 .pio/build/genericSTM32F411CE/SrcWrapper/src/HAL/stm32yyxx_hal_uart.c.o
                0x0800442c                HAL_UART_Transmit_IT
 .text.UART_DMAAbortOnError
                0x0800445e       0x10 .pio/build/genericSTM32F411CE/SrcWrapper/src/HAL/stm32yyxx_hal_uart.c.o
 .text.HAL_UARTEx_RxEventCallback
                0x0800446e        0x2 .pio/build/genericSTM32F411CE/SrcWrapper/src/HAL/stm32yyxx_hal_uart.c.o
                0x0800446e                HAL_UARTEx_RxEventCallback
 .text.UART_Receive_IT.isra.0
                0x08004470       0xb6 .pio/build/genericSTM32F411CE/SrcWrapper/src/HAL/stm32yyxx_hal_uart.c.o
 *fill*         0x08004526        0x2 
 .text.HAL_UART_IRQHandler
                0x08004528      0x2dc .pio/build/genericSTM32F411CE/SrcWrapper/src/HAL/stm32yyxx_hal_uart.c.o
                0x08004528                HAL_UART_IRQHandler
 .text.HAL_HalfDuplex_EnableTransmitter
                0x08004804       0x30 .pio/build/genericSTM32F411CE/SrcWrapper/src/HAL/stm32yyxx_hal_uart.c.o
                0x08004804                HAL_HalfDuplex_EnableTransmitter
 .text.HAL_HalfDuplex_EnableReceiver
                0x08004834       0x30 .pio/build/genericSTM32F411CE/SrcWrapper/src/HAL/stm32yyxx_hal_uart.c.o
                0x08004834                HAL_HalfDuplex_EnableReceiver
 .text.HAL_UART_GetState
                0x08004864        0xc .pio/build/genericSTM32F411CE/SrcWrapper/src/HAL/stm32yyxx_hal_uart.c.o
                0x08004864                HAL_UART_GetState
 .text.UART_Start_Receive_IT
                0x08004870       0x32 .pio/build/genericSTM32F411CE/SrcWrapper/src/HAL/stm32yyxx_hal_uart.c.o
                0x08004870                UART_Start_Receive_IT
 .text.HAL_UART_Receive_IT
                0x080048a2       0x22 .pio/build/genericSTM32F411CE/SrcWrapper/src/HAL/stm32yyxx_hal_uart.c.o
                0x080048a2                HAL_UART_Receive_IT
 .text._ZNSt8functionIFvvEEaSEDn.isra.0
                0x080048c4       0x16 .pio/build/genericSTM32F411CE/SrcWrapper/src/HardwareTimer.cpp.o
 .text._ZNSt14_Function_baseD2Ev
                0x080048da       0x12 .pio/build/genericSTM32F411CE/SrcWrapper/src/HardwareTimer.cpp.o
                0x080048da                std::_Function_base::~_Function_base()
                0x080048da                std::_Function_base::~_Function_base()
 .text._Z15get_timer_indexP11TIM_TypeDef
                0x080048ec       0x64 .pio/build/genericSTM32F411CE/SrcWrapper/src/HardwareTimer.cpp.o
                0x080048ec                get_timer_index(TIM_TypeDef*)
 .text._ZN13HardwareTimerD2Ev
                0x08004950       0x40 .pio/build/genericSTM32F411CE/SrcWrapper/src/HardwareTimer.cpp.o
                0x08004950                HardwareTimer::~HardwareTimer()
                0x08004950                HardwareTimer::~HardwareTimer()
 .text._ZN13HardwareTimer5setupEP11TIM_TypeDef
                0x08004990       0x84 .pio/build/genericSTM32F411CE/SrcWrapper/src/HardwareTimer.cpp.o
                0x08004990                HardwareTimer::setup(TIM_TypeDef*)
 .text.TIM1_UP_TIM10_IRQHandler
                0x08004a14       0x24 .pio/build/genericSTM32F411CE/SrcWrapper/src/HardwareTimer.cpp.o
                0x08004a14                TIM1_UP_TIM10_IRQHandler
 .text.TIM1_CC_IRQHandler
                0x08004a38       0x14 .pio/build/genericSTM32F411CE/SrcWrapper/src/HardwareTimer.cpp.o
                0x08004a38                TIM1_CC_IRQHandler
 .text.TIM2_IRQHandler
                0x08004a4c       0x14 .pio/build/genericSTM32F411CE/SrcWrapper/src/HardwareTimer.cpp.o
                0x08004a4c                TIM2_IRQHandler
 .text.TIM3_IRQHandler
                0x08004a60       0x14 .pio/build/genericSTM32F411CE/SrcWrapper/src/HardwareTimer.cpp.o
                0x08004a60                TIM3_IRQHandler
 .text.TIM4_IRQHandler
                0x08004a74       0x14 .pio/build/genericSTM32F411CE/SrcWrapper/src/HardwareTimer.cpp.o
                0x08004a74                TIM4_IRQHandler
 .text.TIM5_IRQHandler
                0x08004a88       0x14 .pio/build/genericSTM32F411CE/SrcWrapper/src/HardwareTimer.cpp.o
                0x08004a88                TIM5_IRQHandler
 .text.TIM1_BRK_TIM9_IRQHandler
                0x08004a9c       0x14 .pio/build/genericSTM32F411CE/SrcWrapper/src/HardwareTimer.cpp.o
                0x08004a9c                TIM1_BRK_TIM9_IRQHandler
 .text.TIM1_TRG_COM_TIM11_IRQHandler
                0x08004ab0       0x14 .pio/build/genericSTM32F411CE/SrcWrapper/src/HardwareTimer.cpp.o
                0x08004ab0                TIM1_TRG_COM_TIM11_IRQHandler
 .text._ZNSt8functionIFvvEEC2Ev
                0x08004ac4        0xc .pio/build/genericSTM32F411CE/SrcWrapper/src/HardwareTimer.cpp.o
                0x08004ac4                std::function<void ()>::function()
                0x08004ac4                std::function<void ()>::function()
 .text._ZN13HardwareTimerC2EP11TIM_TypeDef
                0x08004ad0       0x2a .pio/build/genericSTM32F411CE/SrcWrapper/src/HardwareTimer.cpp.o
                0x08004ad0                HardwareTimer::HardwareTimer(TIM_TypeDef*)
                0x08004ad0                HardwareTimer::HardwareTimer(TIM_TypeDef*)
 .text._ZNKSt8functionIFvvEEclEv
                0x08004afa       0x12 .pio/build/genericSTM32F411CE/SrcWrapper/src/HardwareTimer.cpp.o
                0x08004afa                std::function<void ()>::operator()() const
 .text._ZN13HardwareTimer14updateCallbackEP17TIM_HandleTypeDef
                0x08004b0c       0x18 .pio/build/genericSTM32F411CE/SrcWrapper/src/HardwareTimer.cpp.o
                0x08004b0c                HardwareTimer::updateCallback(TIM_HandleTypeDef*)
 .text.HAL_TIM_PeriodElapsedCallback
                0x08004b24        0x4 .pio/build/genericSTM32F411CE/SrcWrapper/src/HardwareTimer.cpp.o
                0x08004b24                HAL_TIM_PeriodElapsedCallback
 .text._ZN13HardwareTimer22captureCompareCallbackEP17TIM_HandleTypeDef
                0x08004b28       0x3e .pio/build/genericSTM32F411CE/SrcWrapper/src/HardwareTimer.cpp.o
                0x08004b28                HardwareTimer::captureCompareCallback(TIM_HandleTypeDef*)
 .text.HAL_TIM_OC_DelayElapsedCallback
                0x08004b66        0x4 .pio/build/genericSTM32F411CE/SrcWrapper/src/HardwareTimer.cpp.o
                0x08004b66                HAL_TIM_OC_DelayElapsedCallback
 .text.HAL_TIM_IC_CaptureCallback
                0x08004b6a        0x4 .pio/build/genericSTM32F411CE/SrcWrapper/src/HardwareTimer.cpp.o
                0x08004b6a                HAL_TIM_IC_CaptureCallback
 .text.USB_CoreReset
                0x08004b6e       0x46 .pio/build/genericSTM32F411CE/SrcWrapper/src/LL/stm32yyxx_ll_usb.c.o
 .text.USB_CoreInit
                0x08004bb4       0x88 .pio/build/genericSTM32F411CE/SrcWrapper/src/LL/stm32yyxx_ll_usb.c.o
                0x08004bb4                USB_CoreInit
 .text.USB_SetTurnaroundTime
                0x08004c3c       0xe0 .pio/build/genericSTM32F411CE/SrcWrapper/src/LL/stm32yyxx_ll_usb.c.o
                0x08004c3c                USB_SetTurnaroundTime
 .text.USB_EnableGlobalInt
                0x08004d1c        0xc .pio/build/genericSTM32F411CE/SrcWrapper/src/LL/stm32yyxx_ll_usb.c.o
                0x08004d1c                USB_EnableGlobalInt
 .text.USB_DisableGlobalInt
                0x08004d28        0xc .pio/build/genericSTM32F411CE/SrcWrapper/src/LL/stm32yyxx_ll_usb.c.o
                0x08004d28                USB_DisableGlobalInt
 .text.USB_SetCurrentMode
                0x08004d34       0x60 .pio/build/genericSTM32F411CE/SrcWrapper/src/LL/stm32yyxx_ll_usb.c.o
                0x08004d34                USB_SetCurrentMode
 .text.USB_FlushTxFifo
                0x08004d94       0x46 .pio/build/genericSTM32F411CE/SrcWrapper/src/LL/stm32yyxx_ll_usb.c.o
                0x08004d94                USB_FlushTxFifo
 .text.USB_FlushRxFifo
                0x08004dda       0x42 .pio/build/genericSTM32F411CE/SrcWrapper/src/LL/stm32yyxx_ll_usb.c.o
                0x08004dda                USB_FlushRxFifo
 .text.USB_SetDevSpeed
                0x08004e1c        0xe .pio/build/genericSTM32F411CE/SrcWrapper/src/LL/stm32yyxx_ll_usb.c.o
                0x08004e1c                USB_SetDevSpeed
 *fill*         0x08004e2a        0x2 
 .text.USB_DevInit
                0x08004e2c      0x188 .pio/build/genericSTM32F411CE/SrcWrapper/src/LL/stm32yyxx_ll_usb.c.o
                0x08004e2c                USB_DevInit
 .text.USB_GetDevSpeed
                0x08004fb4       0x16 .pio/build/genericSTM32F411CE/SrcWrapper/src/LL/stm32yyxx_ll_usb.c.o
                0x08004fb4                USB_GetDevSpeed
 .text.USB_ActivateEndpoint
                0x08004fca       0x7e .pio/build/genericSTM32F411CE/SrcWrapper/src/LL/stm32yyxx_ll_usb.c.o
                0x08004fca                USB_ActivateEndpoint
 .text.USB_DeactivateEndpoint
                0x08005048       0xac .pio/build/genericSTM32F411CE/SrcWrapper/src/LL/stm32yyxx_ll_usb.c.o
                0x08005048                USB_DeactivateEndpoint
 .text.USB_EPStopXfer
                0x080050f4       0x84 .pio/build/genericSTM32F411CE/SrcWrapper/src/LL/stm32yyxx_ll_usb.c.o
                0x080050f4                USB_EPStopXfer
 .text.USB_WritePacket
                0x08005178       0x26 .pio/build/genericSTM32F411CE/SrcWrapper/src/LL/stm32yyxx_ll_usb.c.o
                0x08005178                USB_WritePacket
 *fill*         0x0800519e        0x2 
 .text.USB_EPStartXfer
                0x080051a0      0x204 .pio/build/genericSTM32F411CE/SrcWrapper/src/LL/stm32yyxx_ll_usb.c.o
                0x080051a0                USB_EPStartXfer
 .text.USB_ReadPacket
                0x080053a4       0x40 .pio/build/genericSTM32F411CE/SrcWrapper/src/LL/stm32yyxx_ll_usb.c.o
                0x080053a4                USB_ReadPacket
 .text.USB_EPSetStall
                0x080053e4       0x56 .pio/build/genericSTM32F411CE/SrcWrapper/src/LL/stm32yyxx_ll_usb.c.o
                0x080053e4                USB_EPSetStall
 .text.USB_EPClearStall
                0x0800543a       0x52 .pio/build/genericSTM32F411CE/SrcWrapper/src/LL/stm32yyxx_ll_usb.c.o
                0x0800543a                USB_EPClearStall
 .text.USB_SetDevAddress
                0x0800548c       0x20 .pio/build/genericSTM32F411CE/SrcWrapper/src/LL/stm32yyxx_ll_usb.c.o
                0x0800548c                USB_SetDevAddress
 .text.USB_DevConnect
                0x080054ac       0x1c .pio/build/genericSTM32F411CE/SrcWrapper/src/LL/stm32yyxx_ll_usb.c.o
                0x080054ac                USB_DevConnect
 .text.USB_DevDisconnect
                0x080054c8       0x1c .pio/build/genericSTM32F411CE/SrcWrapper/src/LL/stm32yyxx_ll_usb.c.o
                0x080054c8                USB_DevDisconnect
 .text.USB_ReadInterrupts
                0x080054e4        0x8 .pio/build/genericSTM32F411CE/SrcWrapper/src/LL/stm32yyxx_ll_usb.c.o
                0x080054e4                USB_ReadInterrupts
 .text.USB_ReadDevAllOutEpInterrupt
                0x080054ec       0x10 .pio/build/genericSTM32F411CE/SrcWrapper/src/LL/stm32yyxx_ll_usb.c.o
                0x080054ec                USB_ReadDevAllOutEpInterrupt
 .text.USB_ReadDevAllInEpInterrupt
                0x080054fc       0x10 .pio/build/genericSTM32F411CE/SrcWrapper/src/LL/stm32yyxx_ll_usb.c.o
                0x080054fc                USB_ReadDevAllInEpInterrupt
 .text.USB_ReadDevOutEPInterrupt
                0x0800550c       0x12 .pio/build/genericSTM32F411CE/SrcWrapper/src/LL/stm32yyxx_ll_usb.c.o
                0x0800550c                USB_ReadDevOutEPInterrupt
 .text.USB_ReadDevInEPInterrupt
                0x0800551e       0x22 .pio/build/genericSTM32F411CE/SrcWrapper/src/LL/stm32yyxx_ll_usb.c.o
                0x0800551e                USB_ReadDevInEPInterrupt
 .text.USB_GetMode
                0x08005540        0x8 .pio/build/genericSTM32F411CE/SrcWrapper/src/LL/stm32yyxx_ll_usb.c.o
                0x08005540                USB_GetMode
 .text.USB_ActivateSetup
                0x08005548       0x20 .pio/build/genericSTM32F411CE/SrcWrapper/src/LL/stm32yyxx_ll_usb.c.o
                0x08005548                USB_ActivateSetup
 .text.USB_EP0_OutStart
                0x08005568       0x4c .pio/build/genericSTM32F411CE/SrcWrapper/src/LL/stm32yyxx_ll_usb.c.o
                0x08005568                USB_EP0_OutStart
 .text._Znwj    0x080055b4        0x4 .pio/build/genericSTM32F411CE/SrcWrapper/src/new.cpp.o
                0x080055b4                operator new(unsigned int)
 .text._ZdlPvj  0x080055b8        0x4 .pio/build/genericSTM32F411CE/SrcWrapper/src/new.cpp.o
                0x080055b8                operator delete(void*, unsigned int)
 .text.set_GPIO_Port_Clock
                0x080055bc       0xd0 .pio/build/genericSTM32F411CE/SrcWrapper/src/stm32/PortNames.c.o
                0x080055bc                set_GPIO_Port_Clock
 .text.pwm_stop
                0x0800568c       0x5c .pio/build/genericSTM32F411CE/SrcWrapper/src/stm32/analog.cpp.o
                0x0800568c                pwm_stop
 .text.getCurrentMillis
                0x080056e8        0x4 .pio/build/genericSTM32F411CE/SrcWrapper/src/stm32/clock.c.o
                0x080056e8                getCurrentMillis
 .text.noOsSystickHandler
                0x080056ec        0x2 .pio/build/genericSTM32F411CE/SrcWrapper/src/stm32/clock.c.o
                0x080056ec                osSystickHandler
                0x080056ec                noOsSystickHandler
 .text.SysTick_Handler
                0x080056ee       0x10 .pio/build/genericSTM32F411CE/SrcWrapper/src/stm32/clock.c.o
                0x080056ee                SysTick_Handler
 .text.configHSECapacitorTuning
                0x080056fe        0x2 .pio/build/genericSTM32F411CE/SrcWrapper/src/stm32/clock.c.o
                0x080056fe                configHSECapacitorTuning
 .text.configIPClock
                0x08005700       0x4c .pio/build/genericSTM32F411CE/SrcWrapper/src/stm32/clock.c.o
                0x08005700                configIPClock
 .text.dwt_init
                0x0800574c       0x3c .pio/build/genericSTM32F411CE/SrcWrapper/src/stm32/dwt.c.o
                0x0800574c                dwt_init
 .text.hw_config_init
                0x08005788       0x28 .pio/build/genericSTM32F411CE/SrcWrapper/src/stm32/hw_config.c.o
                0x08005788                hw_config_init
 .text.startup._ZNSt8functionIFvvEEC2EDn.constprop.0.isra.0
                0x080057b0        0xc .pio/build/genericSTM32F411CE/SrcWrapper/src/stm32/interrupt.cpp.o
 .text.HAL_GPIO_EXTI_Callback
                0x080057bc       0x2c .pio/build/genericSTM32F411CE/SrcWrapper/src/stm32/interrupt.cpp.o
                0x080057bc                HAL_GPIO_EXTI_Callback
 .text.EXTI0_IRQHandler
                0x080057e8        0x6 .pio/build/genericSTM32F411CE/SrcWrapper/src/stm32/interrupt.cpp.o
                0x080057e8                EXTI0_IRQHandler
 .text.EXTI1_IRQHandler
                0x080057ee        0x6 .pio/build/genericSTM32F411CE/SrcWrapper/src/stm32/interrupt.cpp.o
                0x080057ee                EXTI1_IRQHandler
 .text.EXTI2_IRQHandler
                0x080057f4        0x6 .pio/build/genericSTM32F411CE/SrcWrapper/src/stm32/interrupt.cpp.o
                0x080057f4                EXTI2_IRQHandler
 .text.EXTI3_IRQHandler
                0x080057fa        0x6 .pio/build/genericSTM32F411CE/SrcWrapper/src/stm32/interrupt.cpp.o
                0x080057fa                EXTI3_IRQHandler
 .text.EXTI4_IRQHandler
                0x08005800        0x6 .pio/build/genericSTM32F411CE/SrcWrapper/src/stm32/interrupt.cpp.o
                0x08005800                EXTI4_IRQHandler
 .text.EXTI9_5_IRQHandler
                0x08005806       0x16 .pio/build/genericSTM32F411CE/SrcWrapper/src/stm32/interrupt.cpp.o
                0x08005806                EXTI9_5_IRQHandler
 .text.EXTI15_10_IRQHandler
                0x0800581c       0x18 .pio/build/genericSTM32F411CE/SrcWrapper/src/stm32/interrupt.cpp.o
                0x0800581c                EXTI15_10_IRQHandler
 .text.startup._GLOBAL__sub_I__Z22stm32_interrupt_enableP12GPIO_TypeDeftSt8functionIFvvEEm
                0x08005834       0xd8 .pio/build/genericSTM32F411CE/SrcWrapper/src/stm32/interrupt.cpp.o
 .text.exit._GLOBAL__sub_D__Z22stm32_interrupt_enableP12GPIO_TypeDeftSt8functionIFvvEEm
                0x0800590c       0x1c .pio/build/genericSTM32F411CE/SrcWrapper/src/stm32/interrupt.cpp.o
 .text.LL_GPIO_SetPinPull
                0x08005928       0x2a .pio/build/genericSTM32F411CE/SrcWrapper/src/stm32/pinmap.c.o
 .text.pin_in_pinmap
                0x08005952       0x1e .pio/build/genericSTM32F411CE/SrcWrapper/src/stm32/pinmap.c.o
                0x08005952                pin_in_pinmap
 .text.pin_function
                0x08005970      0x11c .pio/build/genericSTM32F411CE/SrcWrapper/src/stm32/pinmap.c.o
                0x08005970                pin_function
 .text.pinmap_pinout
                0x08005a8c       0x1a .pio/build/genericSTM32F411CE/SrcWrapper/src/stm32/pinmap.c.o
                0x08005a8c                pinmap_pinout
 .text.pinmap_find_peripheral
                0x08005aa6       0x16 .pio/build/genericSTM32F411CE/SrcWrapper/src/stm32/pinmap.c.o
                0x08005aa6                pinmap_find_peripheral
 .text.pinmap_peripheral
                0x08005abc        0xc .pio/build/genericSTM32F411CE/SrcWrapper/src/stm32/pinmap.c.o
                0x08005abc                pinmap_peripheral
 .text.pinmap_find_pin
                0x08005ac8       0x16 .pio/build/genericSTM32F411CE/SrcWrapper/src/stm32/pinmap.c.o
                0x08005ac8                pinmap_find_pin
 .text.pinmap_pin
                0x08005ade        0xc .pio/build/genericSTM32F411CE/SrcWrapper/src/stm32/pinmap.c.o
                0x08005ade                pinmap_pin
 .text.pinmap_merge_peripheral
                0x08005aea       0x14 .pio/build/genericSTM32F411CE/SrcWrapper/src/stm32/pinmap.c.o
                0x08005aea                pinmap_merge_peripheral
 *fill*         0x08005afe        0x2 
 .text.SystemInit
                0x08005b00       0x50 .pio/build/genericSTM32F411CE/SrcWrapper/src/stm32/system_stm32yyxx.c.o
                0x08005b00                SystemInit
 .text.get_timer_obj
                0x08005b50        0x4 .pio/build/genericSTM32F411CE/SrcWrapper/src/stm32/timer.c.o
                0x08005b50                get_timer_obj
 .text.enableTimerClock
                0x08005b54      0x128 .pio/build/genericSTM32F411CE/SrcWrapper/src/stm32/timer.c.o
                0x08005b54                enableTimerClock
 .text.disableTimerClock
                0x08005c7c       0xb4 .pio/build/genericSTM32F411CE/SrcWrapper/src/stm32/timer.c.o
                0x08005c7c                disableTimerClock
 .text.getTimerUpIrq
                0x08005d30       0x74 .pio/build/genericSTM32F411CE/SrcWrapper/src/stm32/timer.c.o
                0x08005d30                getTimerUpIrq
 .text.getTimerCCIrq
                0x08005da4       0x78 .pio/build/genericSTM32F411CE/SrcWrapper/src/stm32/timer.c.o
                0x08005da4                getTimerCCIrq
 .text.HAL_TIM_Base_MspInit
                0x08005e1c       0x4e .pio/build/genericSTM32F411CE/SrcWrapper/src/stm32/timer.c.o
                0x08005e1c                HAL_TIM_Base_MspInit
 *fill*         0x08005e6a        0x2 
 .text.serial_rx_active
                0x08005e6c       0x24 .pio/build/genericSTM32F411CE/SrcWrapper/src/stm32/uart.c.o
                0x08005e6c                serial_rx_active
 .text.serial_tx_active
                0x08005e90       0x24 .pio/build/genericSTM32F411CE/SrcWrapper/src/stm32/uart.c.o
                0x08005e90                serial_tx_active
 .text.uart_attach_tx_callback
                0x08005eb4       0x40 .pio/build/genericSTM32F411CE/SrcWrapper/src/stm32/uart.c.o
                0x08005eb4                uart_attach_tx_callback
 .text.uart_enable_tx
                0x08005ef4       0x1c .pio/build/genericSTM32F411CE/SrcWrapper/src/stm32/uart.c.o
                0x08005ef4                uart_enable_tx
 .text.uart_enable_rx
                0x08005f10       0x1c .pio/build/genericSTM32F411CE/SrcWrapper/src/stm32/uart.c.o
                0x08005f10                uart_enable_rx
 .text.HAL_UART_RxCpltCallback
                0x08005f2c        0x6 .pio/build/genericSTM32F411CE/SrcWrapper/src/stm32/uart.c.o
                0x08005f2c                HAL_UART_RxCpltCallback
 .text.HAL_UART_TxCpltCallback
                0x08005f32        0x6 .pio/build/genericSTM32F411CE/SrcWrapper/src/stm32/uart.c.o
                0x08005f32                HAL_UART_TxCpltCallback
 .text.HAL_UART_ErrorCallback
                0x08005f38       0x7c .pio/build/genericSTM32F411CE/SrcWrapper/src/stm32/uart.c.o
                0x08005f38                HAL_UART_ErrorCallback
 .text.USART1_IRQHandler
                0x08005fb4       0x18 .pio/build/genericSTM32F411CE/SrcWrapper/src/stm32/uart.c.o
                0x08005fb4                USART1_IRQHandler
 .text.USART2_IRQHandler
                0x08005fcc       0x1c .pio/build/genericSTM32F411CE/SrcWrapper/src/stm32/uart.c.o
                0x08005fcc                USART2_IRQHandler
 .text.USART6_IRQHandler
                0x08005fe8       0x18 .pio/build/genericSTM32F411CE/SrcWrapper/src/stm32/uart.c.o
                0x08005fe8                USART6_IRQHandler
 .text._sbrk    0x08006000       0x3c .pio/build/genericSTM32F411CE/SrcWrapper/src/syscalls.c.o
                0x08006000                _sbrk
 .text._exit    0x0800603c        0x2 .pio/build/genericSTM32F411CE/SrcWrapper/src/syscalls.c.o
                0x0800603c                _exit
 *fill*         0x0800603e        0x2 
 .text._kill    0x08006040       0x10 .pio/build/genericSTM32F411CE/SrcWrapper/src/syscalls.c.o
                0x08006040                _kill
 .text._getpid  0x08006050        0x4 .pio/build/genericSTM32F411CE/SrcWrapper/src/syscalls.c.o
                0x08006050                _getpid
 .text._Z19messageSentCallbackv
                0x08006054       0x10 .pio/build/genericSTM32F411CE/src/main.cpp.o
                0x08006054                messageSentCallback()
 .text._Z10setReportsv
                0x08006064       0x50 .pio/build/genericSTM32F411CE/src/main.cpp.o
                0x08006064                setReports()
 .text.setup    0x080060b4      0x210 .pio/build/genericSTM32F411CE/src/main.cpp.o
                0x080060b4                setup
 .text.loop     0x080062c4      0x100 .pio/build/genericSTM32F411CE/src/main.cpp.o
                0x080062c4                loop
 .text.startup._GLOBAL__sub_I_sensor0
                0x080063c4      0x190 .pio/build/genericSTM32F411CE/src/main.cpp.o
 .text.exit._GLOBAL__sub_D_sensor0
                0x08006554        0xc .pio/build/genericSTM32F411CE/src/main.cpp.o
 .text._ZN5Print17availableForWriteEv
                0x08006560        0x4 .pio/build/genericSTM32F411CE/libe3c/libWire.a(Wire.cpp.o)
                0x08006560                Print::availableForWrite()
 .text._ZN7TwoWire9availableEv
                0x08006564        0x8 .pio/build/genericSTM32F411CE/libe3c/libWire.a(Wire.cpp.o)
                0x08006564                TwoWire::available()
 .text._ZN7TwoWire4readEv
                0x0800656c       0x1a .pio/build/genericSTM32F411CE/libe3c/libWire.a(Wire.cpp.o)
                0x0800656c                TwoWire::read()
 .text._ZN7TwoWire4peekEv
                0x08006586       0x12 .pio/build/genericSTM32F411CE/libe3c/libWire.a(Wire.cpp.o)
                0x08006586                TwoWire::peek()
 .text._ZN7TwoWire16onRequestServiceEP5i2c_s
                0x08006598       0x16 .pio/build/genericSTM32F411CE/libe3c/libWire.a(Wire.cpp.o)
                0x08006598                TwoWire::onRequestService(i2c_s*)
 *fill*         0x080065ae        0x2 
 .text._ZN7TwoWireC2Emm
                0x080065b0       0xcc .pio/build/genericSTM32F411CE/libe3c/libWire.a(Wire.cpp.o)
                0x080065b0                TwoWire::TwoWire(unsigned long, unsigned long)
                0x080065b0                TwoWire::TwoWire(unsigned long, unsigned long)
 .text._ZN7TwoWire3endEv
                0x0800667c       0x28 .pio/build/genericSTM32F411CE/libe3c/libWire.a(Wire.cpp.o)
                0x0800667c                TwoWire::end()
 .text._ZN7TwoWireD2Ev
                0x080066a4       0x28 .pio/build/genericSTM32F411CE/libe3c/libWire.a(Wire.cpp.o)
                0x080066a4                TwoWire::~TwoWire()
                0x080066a4                TwoWire::~TwoWire()
 .text._ZN7TwoWire17beginTransmissionEh
                0x080066cc       0x10 .pio/build/genericSTM32F411CE/libe3c/libWire.a(Wire.cpp.o)
                0x080066cc                TwoWire::beginTransmission(unsigned char)
 .text._ZN7TwoWire17beginTransmissionEi
                0x080066dc       0x10 .pio/build/genericSTM32F411CE/libe3c/libWire.a(Wire.cpp.o)
                0x080066dc                TwoWire::beginTransmission(int)
 .text._ZN7TwoWire16allocateRxBufferEj
                0x080066ec       0x24 .pio/build/genericSTM32F411CE/libe3c/libWire.a(Wire.cpp.o)
                0x080066ec                TwoWire::allocateRxBuffer(unsigned int)
 .text._ZN7TwoWire16onReceiveServiceEP5i2c_s
                0x08006710       0x4c .pio/build/genericSTM32F411CE/libe3c/libWire.a(Wire.cpp.o)
                0x08006710                TwoWire::onReceiveService(i2c_s*)
 .text._ZN7TwoWire16allocateTxBufferEj
                0x0800675c       0x32 .pio/build/genericSTM32F411CE/libe3c/libWire.a(Wire.cpp.o)
                0x0800675c                TwoWire::allocateTxBuffer(unsigned int)
 .text._ZN7TwoWire5writeEh
                0x0800678e       0x42 .pio/build/genericSTM32F411CE/libe3c/libWire.a(Wire.cpp.o)
                0x0800678e                TwoWire::write(unsigned char)
 .text._ZN7TwoWire5writeEPKhj
                0x080067d0       0x42 .pio/build/genericSTM32F411CE/libe3c/libWire.a(Wire.cpp.o)
                0x080067d0                TwoWire::write(unsigned char const*, unsigned int)
 .text._ZN7TwoWire13resetRxBufferEv
                0x08006812       0x10 .pio/build/genericSTM32F411CE/libe3c/libWire.a(Wire.cpp.o)
                0x08006812                TwoWire::resetRxBuffer()
 .text._ZN7TwoWire13resetTxBufferEv
                0x08006822       0x10 .pio/build/genericSTM32F411CE/libe3c/libWire.a(Wire.cpp.o)
                0x08006822                TwoWire::resetTxBuffer()
 .text._ZN7TwoWire15endTransmissionEh
                0x08006832       0x46 .pio/build/genericSTM32F411CE/libe3c/libWire.a(Wire.cpp.o)
                0x08006832                TwoWire::endTransmission(unsigned char)
 .text._ZN7TwoWire11requestFromEhhmhh
                0x08006878       0x94 .pio/build/genericSTM32F411CE/libe3c/libWire.a(Wire.cpp.o)
                0x08006878                TwoWire::requestFrom(unsigned char, unsigned char, unsigned long, unsigned char, unsigned char)
 .text._ZN7TwoWire11requestFromEhhh
                0x0800690c       0x12 .pio/build/genericSTM32F411CE/libe3c/libWire.a(Wire.cpp.o)
                0x0800690c                TwoWire::requestFrom(unsigned char, unsigned char, unsigned char)
 .text._ZN7TwoWire11requestFromEhh
                0x0800691e        0x6 .pio/build/genericSTM32F411CE/libe3c/libWire.a(Wire.cpp.o)
                0x0800691e                TwoWire::requestFrom(unsigned char, unsigned char)
 .text._ZN7TwoWire11requestFromEii
                0x08006924        0xa .pio/build/genericSTM32F411CE/libe3c/libWire.a(Wire.cpp.o)
                0x08006924                TwoWire::requestFrom(int, int)
 .text._ZN7TwoWire15endTransmissionEv
                0x0800692e        0x6 .pio/build/genericSTM32F411CE/libe3c/libWire.a(Wire.cpp.o)
                0x0800692e                TwoWire::endTransmission()
 .text._ZN7TwoWire5flushEv
                0x08006934       0x18 .pio/build/genericSTM32F411CE/libe3c/libWire.a(Wire.cpp.o)
                0x08006934                TwoWire::flush()
 .text._ZN7TwoWire10recoverBusEv
                0x0800694c       0xcc .pio/build/genericSTM32F411CE/libe3c/libWire.a(Wire.cpp.o)
                0x0800694c                TwoWire::recoverBus()
 .text._ZN7TwoWire5beginEhbb
                0x08006a18       0x98 .pio/build/genericSTM32F411CE/libe3c/libWire.a(Wire.cpp.o)
                0x08006a18                TwoWire::begin(unsigned char, bool, bool)
 .text._ZN7TwoWire5beginEb
                0x08006ab0        0xa .pio/build/genericSTM32F411CE/libe3c/libWire.a(Wire.cpp.o)
                0x08006ab0                TwoWire::begin(bool)
 *fill*         0x08006aba        0x2 
 .text.startup._GLOBAL__sub_I__ZN7TwoWireC2Emm
                0x08006abc       0x10 .pio/build/genericSTM32F411CE/libe3c/libWire.a(Wire.cpp.o)
 .text.exit._GLOBAL__sub_D__ZN7TwoWireC2Emm
                0x08006acc        0xc .pio/build/genericSTM32F411CE/libe3c/libWire.a(Wire.cpp.o)
 .text.i2c_init
                0x08006ad8      0x1bc .pio/build/genericSTM32F411CE/libe3c/libWire.a(twi.c.o)
                0x08006ad8                i2c_init
 .text.i2c_deinit
                0x08006c94       0xa0 .pio/build/genericSTM32F411CE/libe3c/libWire.a(twi.c.o)
                0x08006c94                i2c_deinit
 .text.i2c_slave_write_IT
                0x08006d34       0x34 .pio/build/genericSTM32F411CE/libe3c/libWire.a(twi.c.o)
                0x08006d34                i2c_slave_write_IT
 .text.i2c_master_read
                0x08006d68       0x8e .pio/build/genericSTM32F411CE/libe3c/libWire.a(twi.c.o)
                0x08006d68                i2c_master_read
 .text.i2c_IsDeviceReady
                0x08006df6       0x40 .pio/build/genericSTM32F411CE/libe3c/libWire.a(twi.c.o)
                0x08006df6                i2c_IsDeviceReady
 .text.i2c_master_write
                0x08006e36       0xa2 .pio/build/genericSTM32F411CE/libe3c/libWire.a(twi.c.o)
                0x08006e36                i2c_master_write
 .text.i2c_attachSlaveRxEvent
                0x08006ed8        0xe .pio/build/genericSTM32F411CE/libe3c/libWire.a(twi.c.o)
                0x08006ed8                i2c_attachSlaveRxEvent
 .text.i2c_attachSlaveTxEvent
                0x08006ee6        0xe .pio/build/genericSTM32F411CE/libe3c/libWire.a(twi.c.o)
                0x08006ee6                i2c_attachSlaveTxEvent
 .text.HAL_I2C_AddrCallback
                0x08006ef4       0x68 .pio/build/genericSTM32F411CE/libe3c/libWire.a(twi.c.o)
                0x08006ef4                HAL_I2C_AddrCallback
 .text.HAL_I2C_ListenCpltCallback
                0x08006f5c       0x2a .pio/build/genericSTM32F411CE/libe3c/libWire.a(twi.c.o)
                0x08006f5c                HAL_I2C_ListenCpltCallback
 .text.HAL_I2C_SlaveRxCpltCallback
                0x08006f86       0x24 .pio/build/genericSTM32F411CE/libe3c/libWire.a(twi.c.o)
                0x08006f86                HAL_I2C_SlaveRxCpltCallback
 .text.HAL_I2C_SlaveTxCpltCallback
                0x08006faa        0x8 .pio/build/genericSTM32F411CE/libe3c/libWire.a(twi.c.o)
                0x08006faa                HAL_I2C_SlaveTxCpltCallback
 .text.HAL_I2C_ErrorCallback
                0x08006fb2        0xc .pio/build/genericSTM32F411CE/libe3c/libWire.a(twi.c.o)
                0x08006fb2                HAL_I2C_ErrorCallback
 *fill*         0x08006fbe        0x2 
 .text.I2C1_EV_IRQHandler
                0x08006fc0        0xc .pio/build/genericSTM32F411CE/libe3c/libWire.a(twi.c.o)
                0x08006fc0                I2C1_EV_IRQHandler
 .text.I2C1_ER_IRQHandler
                0x08006fcc        0xc .pio/build/genericSTM32F411CE/libe3c/libWire.a(twi.c.o)
                0x08006fcc                I2C1_ER_IRQHandler
 .text.I2C2_EV_IRQHandler
                0x08006fd8        0xc .pio/build/genericSTM32F411CE/libe3c/libWire.a(twi.c.o)
                0x08006fd8                I2C2_EV_IRQHandler
 .text.I2C2_ER_IRQHandler
                0x08006fe4        0xc .pio/build/genericSTM32F411CE/libe3c/libWire.a(twi.c.o)
                0x08006fe4                I2C2_ER_IRQHandler
 .text.I2C3_EV_IRQHandler
                0x08006ff0        0xc .pio/build/genericSTM32F411CE/libe3c/libWire.a(twi.c.o)
                0x08006ff0                I2C3_EV_IRQHandler
 .text.I2C3_ER_IRQHandler
                0x08006ffc        0xc .pio/build/genericSTM32F411CE/libe3c/libWire.a(twi.c.o)
                0x08006ffc                I2C3_ER_IRQHandler
 .text._ZN7TwoWire5writeEi.isra.0
                0x08007008        0x8 .pio/build/genericSTM32F411CE/libf06/libBlueRobotics MS5837 Library.a(MS5837.cpp.o)
 .text._ZN6MS5837C2Ev
                0x08007010        0xc .pio/build/genericSTM32F411CE/libf06/libBlueRobotics MS5837 Library.a(MS5837.cpp.o)
                0x08007010                MS5837::MS5837()
                0x08007010                MS5837::MS5837()
 .text._ZN6MS58378setModelEh
                0x0800701c        0x6 .pio/build/genericSTM32F411CE/libf06/libBlueRobotics MS5837 Library.a(MS5837.cpp.o)
                0x0800701c                MS5837::setModel(unsigned char)
 .text._ZN6MS583715setFluidDensityEf
                0x08007022        0x6 .pio/build/genericSTM32F411CE/libf06/libBlueRobotics MS5837 Library.a(MS5837.cpp.o)
                0x08007022                MS5837::setFluidDensity(float)
 .text._ZN6MS58379calculateEv
                0x08007028      0x208 .pio/build/genericSTM32F411CE/libf06/libBlueRobotics MS5837 Library.a(MS5837.cpp.o)
                0x08007028                MS5837::calculate()
 .text._ZN6MS58378pressureEf
                0x08007230       0x28 .pio/build/genericSTM32F411CE/libf06/libBlueRobotics MS5837 Library.a(MS5837.cpp.o)
                0x08007230                MS5837::pressure(float)
 .text._ZN6MS58374crc4EPt
                0x08007258       0x4e .pio/build/genericSTM32F411CE/libf06/libBlueRobotics MS5837 Library.a(MS5837.cpp.o)
                0x08007258                MS5837::crc4(unsigned short*)
 *fill*         0x080072a6        0x2 
 .text._ZN6MS58374initEv
                0x080072a8       0x80 .pio/build/genericSTM32F411CE/libf06/libBlueRobotics MS5837 Library.a(MS5837.cpp.o)
                0x080072a8                MS5837::init()
 .text._ZN6MS58374readEv
                0x08007328       0xd8 .pio/build/genericSTM32F411CE/libf06/libBlueRobotics MS5837 Library.a(MS5837.cpp.o)
                0x08007328                MS5837::read()
 .text._ZN8TCA9548AC2Eh
                0x08007400        0x4 .pio/build/genericSTM32F411CE/libc01/libTCA9548A.a(TCA9548A.cpp.o)
                0x08007400                TCA9548A::TCA9548A(unsigned char)
                0x08007400                TCA9548A::TCA9548A(unsigned char)
 .text._ZN8TCA9548A5beginER7TwoWire
                0x08007404        0xc .pio/build/genericSTM32F411CE/libc01/libTCA9548A.a(TCA9548A.cpp.o)
                0x08007404                TCA9548A::begin(TwoWire&)
 .text._ZN8TCA9548A5writeEh
                0x08007410       0x24 .pio/build/genericSTM32F411CE/libc01/libTCA9548A.a(TCA9548A.cpp.o)
                0x08007410                TCA9548A::write(unsigned char)
 .text._ZN8TCA9548A11openChannelEh
                0x08007434       0x10 .pio/build/genericSTM32F411CE/libc01/libTCA9548A.a(TCA9548A.cpp.o)
                0x08007434                TCA9548A::openChannel(unsigned char)
 .text._ZN8TCA9548A12closeChannelEh
                0x08007444       0x10 .pio/build/genericSTM32F411CE/libc01/libTCA9548A.a(TCA9548A.cpp.o)
                0x08007444                TCA9548A::closeChannel(unsigned char)
 .text._ZN8TCA9548A8closeAllEv
                0x08007454        0x8 .pio/build/genericSTM32F411CE/libc01/libTCA9548A.a(TCA9548A.cpp.o)
                0x08007454                TCA9548A::closeAll()
 .text._ZL12i2chal_closeP9sh2_Hal_s
                0x0800745c        0x2 .pio/build/genericSTM32F411CE/lib242/libAdafruit BNO08x.a(Adafruit_BNO08x.cpp.o)
 *fill*         0x0800745e        0x2 
 .text._ZL12hal_callbackPvP14sh2_AsyncEvent
                0x08007460       0x10 .pio/build/genericSTM32F411CE/lib242/libAdafruit BNO08x.a(Adafruit_BNO08x.cpp.o)
 .text._ZL13hal_getTimeUsP9sh2_Hal_s
                0x08007470        0xe .pio/build/genericSTM32F411CE/lib242/libAdafruit BNO08x.a(Adafruit_BNO08x.cpp.o)
 *fill*         0x0800747e        0x2 
 .text._ZL12i2chal_writeP9sh2_Hal_sPhj
                0x08007480       0x30 .pio/build/genericSTM32F411CE/lib242/libAdafruit BNO08x.a(Adafruit_BNO08x.cpp.o)
 .text._ZL11i2chal_readP9sh2_Hal_sPhjPm
                0x080074b0       0xb8 .pio/build/genericSTM32F411CE/lib242/libAdafruit BNO08x.a(Adafruit_BNO08x.cpp.o)
 .text._ZL11i2chal_openP9sh2_Hal_s
                0x08007568       0x50 .pio/build/genericSTM32F411CE/lib242/libAdafruit BNO08x.a(Adafruit_BNO08x.cpp.o)
 .text._ZL17hal_hardwareResetv
                0x080075b8       0x4c .pio/build/genericSTM32F411CE/lib242/libAdafruit BNO08x.a(Adafruit_BNO08x.cpp.o)
 .text._ZL13sensorHandlerPvP15sh2_SensorEvent
                0x08007604       0x2c .pio/build/genericSTM32F411CE/lib242/libAdafruit BNO08x.a(Adafruit_BNO08x.cpp.o)
 .text._ZN15Adafruit_BNO08x5_initEl
                0x08007630       0x44 .pio/build/genericSTM32F411CE/lib242/libAdafruit BNO08x.a(Adafruit_BNO08x.cpp.o)
                0x08007630                Adafruit_BNO08x::_init(long)
 .text._ZN15Adafruit_BNO08xC2Ea
                0x08007674       0x14 .pio/build/genericSTM32F411CE/lib242/libAdafruit BNO08x.a(Adafruit_BNO08x.cpp.o)
                0x08007674                Adafruit_BNO08x::Adafruit_BNO08x(signed char)
                0x08007674                Adafruit_BNO08x::Adafruit_BNO08x(signed char)
 .text._ZN15Adafruit_BNO08xD2Ev
                0x08007688        0x2 .pio/build/genericSTM32F411CE/lib242/libAdafruit BNO08x.a(Adafruit_BNO08x.cpp.o)
                0x08007688                Adafruit_BNO08x::~Adafruit_BNO08x()
                0x08007688                Adafruit_BNO08x::~Adafruit_BNO08x()
 *fill*         0x0800768a        0x2 
 .text._ZN15Adafruit_BNO08x9begin_I2CEhP7TwoWirel
                0x0800768c       0x8c .pio/build/genericSTM32F411CE/lib242/libAdafruit BNO08x.a(Adafruit_BNO08x.cpp.o)
                0x0800768c                Adafruit_BNO08x::begin_I2C(unsigned char, TwoWire*, long)
 .text._ZN15Adafruit_BNO08x8wasResetEv
                0x08007718       0x10 .pio/build/genericSTM32F411CE/lib242/libAdafruit BNO08x.a(Adafruit_BNO08x.cpp.o)
                0x08007718                Adafruit_BNO08x::wasReset()
 .text._ZN15Adafruit_BNO08x14getSensorEventEP15sh2_SensorValue
                0x08007728       0x30 .pio/build/genericSTM32F411CE/lib242/libAdafruit BNO08x.a(Adafruit_BNO08x.cpp.o)
                0x08007728                Adafruit_BNO08x::getSensorEvent(sh2_SensorValue*)
 .text._ZN15Adafruit_BNO08x12enableReportEhm
                0x08007758       0x24 .pio/build/genericSTM32F411CE/lib242/libAdafruit BNO08x.a(Adafruit_BNO08x.cpp.o)
                0x08007758                Adafruit_BNO08x::enableReport(unsigned char, unsigned long)
 .text.opRx     0x0800777c        0xe .pio/build/genericSTM32F411CE/lib242/libAdafruit BNO08x.a(sh2.c.o)
 .text.executableAdvertHdlr
                0x0800778a        0x2 .pio/build/genericSTM32F411CE/lib242/libAdafruit BNO08x.a(sh2.c.o)
 .text.shtpEventCallback
                0x0800778c       0x24 .pio/build/genericSTM32F411CE/lib242/libAdafruit BNO08x.a(sh2.c.o)
 .text.sendCtrl
                0x080077b0        0xc .pio/build/genericSTM32F411CE/lib242/libAdafruit BNO08x.a(sh2.c.o)
 .text.getProdIdStart
                0x080077bc       0x1e .pio/build/genericSTM32F411CE/lib242/libAdafruit BNO08x.a(sh2.c.o)
 .text.setSensorConfigStart
                0x080077da       0x76 .pio/build/genericSTM32F411CE/lib242/libAdafruit BNO08x.a(sh2.c.o)
 .text.sensorhubInputGyroRvHdlr
                0x08007850       0x6e .pio/build/genericSTM32F411CE/lib242/libAdafruit BNO08x.a(sh2.c.o)
 *fill*         0x080078be        0x2 
 .text.sensorhubAdvertHdlr
                0x080078c0       0x78 .pio/build/genericSTM32F411CE/lib242/libAdafruit BNO08x.a(sh2.c.o)
 .text.sensorhubControlHdlr
                0x08007938       0xc4 .pio/build/genericSTM32F411CE/lib242/libAdafruit BNO08x.a(sh2.c.o)
 .text.executableDeviceHdlr
                0x080079fc       0x30 .pio/build/genericSTM32F411CE/lib242/libAdafruit BNO08x.a(sh2.c.o)
 .text.getProdIdRx
                0x08007a2c       0x78 .pio/build/genericSTM32F411CE/lib242/libAdafruit BNO08x.a(sh2.c.o)
 .text.opProcess.constprop.0
                0x08007aa4       0x64 .pio/build/genericSTM32F411CE/lib242/libAdafruit BNO08x.a(sh2.c.o)
 .text.sensorhubInputHdlr
                0x08007b08       0xe8 .pio/build/genericSTM32F411CE/lib242/libAdafruit BNO08x.a(sh2.c.o)
 .text.sensorhubInputNormalHdlr
                0x08007bf0        0x4 .pio/build/genericSTM32F411CE/lib242/libAdafruit BNO08x.a(sh2.c.o)
 .text.sensorhubInputWakeHdlr
                0x08007bf4        0x4 .pio/build/genericSTM32F411CE/lib242/libAdafruit BNO08x.a(sh2.c.o)
 .text.sh2_open
                0x08007bf8      0x104 .pio/build/genericSTM32F411CE/lib242/libAdafruit BNO08x.a(sh2.c.o)
                0x08007bf8                sh2_open
 .text.sh2_service
                0x08007cfc        0xc .pio/build/genericSTM32F411CE/lib242/libAdafruit BNO08x.a(sh2.c.o)
                0x08007cfc                sh2_service
 .text.sh2_setSensorCallback
                0x08007d08       0x10 .pio/build/genericSTM32F411CE/lib242/libAdafruit BNO08x.a(sh2.c.o)
                0x08007d08                sh2_setSensorCallback
 .text.sh2_getProdIds
                0x08007d18       0x1c .pio/build/genericSTM32F411CE/lib242/libAdafruit BNO08x.a(sh2.c.o)
                0x08007d18                sh2_getProdIds
 .text.sh2_setSensorConfig
                0x08007d34       0x20 .pio/build/genericSTM32F411CE/lib242/libAdafruit BNO08x.a(sh2.c.o)
                0x08007d34                sh2_setSensorConfig
 .text.decodeAccelerometer
                0x08007d54       0x64 .pio/build/genericSTM32F411CE/lib242/libAdafruit BNO08x.a(sh2_SensorValue.c.o)
 .text.decodeRotationVector
                0x08007db8       0x90 .pio/build/genericSTM32F411CE/lib242/libAdafruit BNO08x.a(sh2_SensorValue.c.o)
 .text.decodeGameRotationVector
                0x08007e48       0x7c .pio/build/genericSTM32F411CE/lib242/libAdafruit BNO08x.a(sh2_SensorValue.c.o)
 .text.decodeRawAccelerometer
                0x08007ec4       0x32 .pio/build/genericSTM32F411CE/lib242/libAdafruit BNO08x.a(sh2_SensorValue.c.o)
 *fill*         0x08007ef6        0x2 
 .text.sh2_decodeSensorEvent
                0x08007ef8      0x3fc .pio/build/genericSTM32F411CE/lib242/libAdafruit BNO08x.a(sh2_SensorValue.c.o)
                0x08007ef8                sh2_decodeSensorEvent
 .text.readu8   0x080082f4        0x4 .pio/build/genericSTM32F411CE/lib242/libAdafruit BNO08x.a(sh2_util.c.o)
                0x080082f4                readu8
 .text.readu16  0x080082f8        0x4 .pio/build/genericSTM32F411CE/lib242/libAdafruit BNO08x.a(sh2_util.c.o)
                0x080082f8                readu16
 .text.readu32  0x080082fc        0x4 .pio/build/genericSTM32F411CE/lib242/libAdafruit BNO08x.a(sh2_util.c.o)
                0x080082fc                readu32
 .text.read16   0x08008300        0x6 .pio/build/genericSTM32F411CE/lib242/libAdafruit BNO08x.a(sh2_util.c.o)
                0x08008300                read16
 .text.read32   0x08008306        0x4 .pio/build/genericSTM32F411CE/lib242/libAdafruit BNO08x.a(sh2_util.c.o)
                0x08008306                read32
 .text.callAdvertHandler
                0x0800830a       0x3a .pio/build/genericSTM32F411CE/lib242/libAdafruit BNO08x.a(shtp.c.o)
 .text.updateCallbacks
                0x08008344       0x68 .pio/build/genericSTM32F411CE/lib242/libAdafruit BNO08x.a(shtp.c.o)
 .text.addApp   0x080083ac       0x50 .pio/build/genericSTM32F411CE/lib242/libAdafruit BNO08x.a(shtp.c.o)
 .text.shtpAdvertHdlr
                0x080083fc       0x24 .pio/build/genericSTM32F411CE/lib242/libAdafruit BNO08x.a(shtp.c.o)
 .text.shtpCmdListener
                0x08008420      0x1b8 .pio/build/genericSTM32F411CE/lib242/libAdafruit BNO08x.a(shtp.c.o)
 .text.shtp_setEventCallback
                0x080085d8        0x6 .pio/build/genericSTM32F411CE/lib242/libAdafruit BNO08x.a(shtp.c.o)
                0x080085d8                shtp_setEventCallback
 .text.shtp_listenChan
                0x080085de       0x50 .pio/build/genericSTM32F411CE/lib242/libAdafruit BNO08x.a(shtp.c.o)
                0x080085de                shtp_listenChan
 .text.shtp_listenAdvert
                0x0800862e       0x34 .pio/build/genericSTM32F411CE/lib242/libAdafruit BNO08x.a(shtp.c.o)
                0x0800862e                shtp_listenAdvert
 *fill*         0x08008662        0x2 
 .text.shtp_open
                0x08008664       0xa8 .pio/build/genericSTM32F411CE/lib242/libAdafruit BNO08x.a(shtp.c.o)
                0x08008664                shtp_open
 .text.shtp_chanNo
                0x0800870c       0x62 .pio/build/genericSTM32F411CE/lib242/libAdafruit BNO08x.a(shtp.c.o)
                0x0800870c                shtp_chanNo
 *fill*         0x0800876e        0x2 
 .text.shtp_service
                0x08008770      0x154 .pio/build/genericSTM32F411CE/lib242/libAdafruit BNO08x.a(shtp.c.o)
                0x08008770                shtp_service
 .text.shtp_send
                0x080088c4       0xb4 .pio/build/genericSTM32F411CE/lib242/libAdafruit BNO08x.a(shtp.c.o)
                0x080088c4                shtp_send
 .text._ZN21Electroniccats_PN7150C2Ehhh9ChipModelP7TwoWire
                0x08008978       0x3e .pio/build/genericSTM32F411CE/lib588/libElectronic Cats PN7150.a(Electroniccats_PN7150.cpp.o)
                0x08008978                Electroniccats_PN7150::Electroniccats_PN7150(unsigned char, unsigned char, unsigned char, ChipModel, TwoWire*)
                0x08008978                Electroniccats_PN7150::Electroniccats_PN7150(unsigned char, unsigned char, unsigned char, ChipModel, TwoWire*)
 .text._ZNK21Electroniccats_PN71509isTimeOutEv
                0x080089b6       0x1c .pio/build/genericSTM32F411CE/lib588/libElectronic Cats PN7150.a(Electroniccats_PN7150.cpp.o)
                0x080089b6                Electroniccats_PN7150::isTimeOut() const
 .text._ZNK21Electroniccats_PN715010hasMessageEv
                0x080089d2       0x10 .pio/build/genericSTM32F411CE/lib588/libElectronic Cats PN7150.a(Electroniccats_PN7150.cpp.o)
                0x080089d2                Electroniccats_PN7150::hasMessage() const
 .text._ZNK21Electroniccats_PN71509writeDataEPhm
                0x080089e2       0x2e .pio/build/genericSTM32F411CE/lib588/libElectronic Cats PN7150.a(Electroniccats_PN7150.cpp.o)
                0x080089e2                Electroniccats_PN7150::writeData(unsigned char*, unsigned long) const
 .text._ZNK21Electroniccats_PN71508readDataEPh
                0x08008a10       0x5e .pio/build/genericSTM32F411CE/lib588/libElectronic Cats PN7150.a(Electroniccats_PN7150.cpp.o)
                0x08008a10                Electroniccats_PN7150::readData(unsigned char*) const
 .text._ZN21Electroniccats_PN715010getMessageEt
                0x08008a6e       0x4e .pio/build/genericSTM32F411CE/lib588/libElectronic Cats PN7150.a(Electroniccats_PN7150.cpp.o)
                0x08008a6e                Electroniccats_PN7150::getMessage(unsigned short)
 .text._ZN21Electroniccats_PN71509wakeupNCIEv
                0x08008abc       0x4c .pio/build/genericSTM32F411CE/lib588/libElectronic Cats PN7150.a(Electroniccats_PN7150.cpp.o)
                0x08008abc                Electroniccats_PN7150::wakeupNCI()
 .text._ZN21Electroniccats_PN715010connectNCIEv
                0x08008b08      0x11c .pio/build/genericSTM32F411CE/lib588/libElectronic Cats PN7150.a(Electroniccats_PN7150.cpp.o)
                0x08008b08                Electroniccats_PN7150::connectNCI()
 .text._ZN21Electroniccats_PN715017configureSettingsEv
                0x08008c24      0x268 .pio/build/genericSTM32F411CE/lib588/libElectronic Cats PN7150.a(Electroniccats_PN7150.cpp.o)
                0x08008c24                Electroniccats_PN7150::configureSettings()
 .text._ZN21Electroniccats_PN715013stopDiscoveryEv
                0x08008e8c       0x24 .pio/build/genericSTM32F411CE/lib588/libElectronic Cats PN7150.a(Electroniccats_PN7150.cpp.o)
                0x08008e8c                Electroniccats_PN7150::stopDiscovery()
 .text._ZN21Electroniccats_PN715010ConfigModeEh
                0x08008eb0      0x240 .pio/build/genericSTM32F411CE/lib588/libElectronic Cats PN7150.a(Electroniccats_PN7150.cpp.o)
                0x08008eb0                Electroniccats_PN7150::ConfigMode(unsigned char)
 .text._ZN21Electroniccats_PN715010configModeEv
                0x080090f0       0x14 .pio/build/genericSTM32F411CE/lib588/libElectronic Cats PN7150.a(Electroniccats_PN7150.cpp.o)
                0x080090f0                Electroniccats_PN7150::configMode()
 .text._ZN21Electroniccats_PN715014StartDiscoveryEh
                0x08009104       0xa4 .pio/build/genericSTM32F411CE/lib588/libElectronic Cats PN7150.a(Electroniccats_PN7150.cpp.o)
                0x08009104                Electroniccats_PN7150::StartDiscovery(unsigned char)
 .text._ZN21Electroniccats_PN715014startDiscoveryEv
                0x080091a8       0x14 .pio/build/genericSTM32F411CE/lib588/libElectronic Cats PN7150.a(Electroniccats_PN7150.cpp.o)
                0x080091a8                Electroniccats_PN7150::startDiscovery()
 .text._ZN21Electroniccats_PN71505beginEv
                0x080091bc       0x32 .pio/build/genericSTM32F411CE/lib588/libElectronic Cats PN7150.a(Electroniccats_PN7150.cpp.o)
                0x080091bc                Electroniccats_PN7150::begin()
 .text._ZN21Electroniccats_PN715012cardModeSendEPhh
                0x080091ee       0x2a .pio/build/genericSTM32F411CE/lib588/libElectronic Cats PN7150.a(Electroniccats_PN7150.cpp.o)
                0x080091ee                Electroniccats_PN7150::cardModeSend(unsigned char*, unsigned char)
 .text._ZN21Electroniccats_PN715015cardModeReceiveEPhS0_
                0x08009218       0x42 .pio/build/genericSTM32F411CE/lib588/libElectronic Cats PN7150.a(Electroniccats_PN7150.cpp.o)
                0x08009218                Electroniccats_PN7150::cardModeReceive(unsigned char*, unsigned char*)
 *fill*         0x0800925a        0x2 
 .text._ZN21Electroniccats_PN715015ProcessCardModeE8RfIntf_t
                0x0800925c       0xc8 .pio/build/genericSTM32F411CE/lib588/libElectronic Cats PN7150.a(Electroniccats_PN7150.cpp.o)
                0x0800925c                Electroniccats_PN7150::ProcessCardMode(RfIntf_t)
 .text._ZN21Electroniccats_PN715019handleCardEmulationEv
                0x08009324       0x28 .pio/build/genericSTM32F411CE/lib588/libElectronic Cats PN7150.a(Electroniccats_PN7150.cpp.o)
                0x08009324                Electroniccats_PN7150::handleCardEmulation()
 .text._ZN21Electroniccats_PN71505resetEv
                0x0800934c       0x3c .pio/build/genericSTM32F411CE/lib588/libElectronic Cats PN7150.a(Electroniccats_PN7150.cpp.o)
                0x0800934c                Electroniccats_PN7150::reset()
 .text._ZN21Electroniccats_PN715016setEmulationModeEv
                0x08009388       0x14 .pio/build/genericSTM32F411CE/lib588/libElectronic Cats PN7150.a(Electroniccats_PN7150.cpp.o)
                0x08009388                Electroniccats_PN7150::setEmulationMode()
 .text._ZN21Electroniccats_PN715018setSendMsgCallbackEPFvvE
                0x0800939c        0x6 .pio/build/genericSTM32F411CE/lib588/libElectronic Cats PN7150.a(Electroniccats_PN7150.cpp.o)
                0x0800939c                Electroniccats_PN7150::setSendMsgCallback(void (*)())
 .text._ZN21Electroniccats_PN715018closeCommunicationEv
                0x080093a2       0x16 .pio/build/genericSTM32F411CE/lib588/libElectronic Cats PN7150.a(Electroniccats_PN7150.cpp.o)
                0x080093a2                Electroniccats_PN7150::closeCommunication()
 .text._ZN21Electroniccats_PN715016isReaderDetectedEv
                0x080093b8       0x40 .pio/build/genericSTM32F411CE/lib588/libElectronic Cats PN7150.a(Electroniccats_PN7150.cpp.o)
                0x080093b8                Electroniccats_PN7150::isReaderDetected()
 .text._ZN21Electroniccats_PN715011sendMessageEv
                0x080093f8       0x12 .pio/build/genericSTM32F411CE/lib588/libElectronic Cats PN7150.a(Electroniccats_PN7150.cpp.o)
                0x080093f8                Electroniccats_PN7150::sendMessage()
 .text._ZN4ModeC2Ev
                0x0800940a        0x6 .pio/build/genericSTM32F411CE/lib588/libElectronic Cats PN7150.a(Mode.cpp.o)
                0x0800940a                Mode::Mode()
                0x0800940a                Mode::Mode()
 .text._ZN4Mode7setModeEi
                0x08009410        0xe .pio/build/genericSTM32F411CE/lib588/libElectronic Cats PN7150.a(Mode.cpp.o)
                0x08009410                Mode::setMode(int)
 .text._ZN4Mode7getModeEv
                0x0800941e        0x4 .pio/build/genericSTM32F411CE/lib588/libElectronic Cats PN7150.a(Mode.cpp.o)
                0x0800941e                Mode::getMode()
 *fill*         0x08009422        0x2 
 .text._ZN11NdefMessageC2Ev
                0x08009424       0x34 .pio/build/genericSTM32F411CE/lib588/libElectronic Cats PN7150.a(NdefMessage.cpp.o)
                0x08009424                NdefMessage::NdefMessage()
                0x08009424                NdefMessage::NdefMessage()
 .text._ZN11NdefMessage12isHeaderByteEh
                0x08009458       0x10 .pio/build/genericSTM32F411CE/lib588/libElectronic Cats PN7150.a(NdefMessage.cpp.o)
                0x08009458                NdefMessage::isHeaderByte(unsigned char)
 .text._ZN11NdefMessage17updateHeaderFlagsEv
                0x08009468      0x10c .pio/build/genericSTM32F411CE/lib588/libElectronic Cats PN7150.a(NdefMessage.cpp.o)
                0x08009468                NdefMessage::updateHeaderFlags()
 .text._ZN11NdefMessage10setContentEPKct
                0x08009574       0x28 .pio/build/genericSTM32F411CE/lib588/libElectronic Cats PN7150.a(NdefMessage.cpp.o)
                0x08009574                NdefMessage::setContent(char const*, unsigned short)
 .text.startup._GLOBAL__sub_I__ZN11NdefMessage7contentE
                0x0800959c       0x10 .pio/build/genericSTM32F411CE/lib588/libElectronic Cats PN7150.a(NdefMessage.cpp.o)
 .text.exit._GLOBAL__sub_D__ZN11NdefMessage7contentE
                0x080095ac        0xc .pio/build/genericSTM32F411CE/lib588/libElectronic Cats PN7150.a(NdefMessage.cpp.o)
 .text._ZNK12RemoteDevice11getProtocolEv
                0x080095b8        0x4 .pio/build/genericSTM32F411CE/lib588/libElectronic Cats PN7150.a(RemoteDevice.cpp.o)
                0x080095b8                RemoteDevice::getProtocol() const
 .text._Z19T4T_NDEF_EMU_SetMsgPKct
                0x080095bc       0x14 .pio/build/genericSTM32F411CE/lib588/libElectronic Cats PN7150.a(T4T_NDEF_emu.cpp.o)
                0x080095bc                T4T_NDEF_EMU_SetMsg(char const*, unsigned short)
 .text._Z24T4T_NDEF_EMU_SetCallbackPFvvE
                0x080095d0        0xc .pio/build/genericSTM32F411CE/lib588/libElectronic Cats PN7150.a(T4T_NDEF_emu.cpp.o)
                0x080095d0                T4T_NDEF_EMU_SetCallback(void (*)())
 .text._Z18T4T_NDEF_EMU_Resetv