Archive member included to satisfy reference by file (symbol)

.pio/build/genericSTM32F411CE/libe3c/libWire.a(Wire.cpp.o)
                              .pio/build/genericSTM32F411CE/src/main.cpp.o (TwoWire::begin(bool))
.pio/build/genericSTM32F411CE/libe3c/libWire.a(twi.c.o)
                              .pio/build/genericSTM32F411CE/libe3c/libWire.a(Wire.cpp.o) (i2c_init)
.pio/build/genericSTM32F411CE/libf06/libBlueRobotics MS5837 Library.a(MS5837.cpp.o)
                              .pio/build/genericSTM32F411CE/src/main.cpp.o (MS5837::MS5837())
.pio/build/genericSTM32F411CE/libc01/libTCA9548A.a(TCA9548A.cpp.o)
                              .pio/build/genericSTM32F411CE/src/main.cpp.o (TCA9548A::TCA9548A(unsigned char))
.pio/build/genericSTM32F411CE/lib242/libAdafruit BNO08x.a(Adafruit_BNO08x.cpp.o)
                              .pio/build/genericSTM32F411CE/src/main.cpp.o (Adafruit_BNO08x::Adafruit_BNO08x(signed char))
.pio/build/genericSTM32F411CE/lib242/libAdafruit BNO08x.a(sh2.c.o)
                              .pio/build/genericSTM32F411CE/lib242/libAdafruit BNO08x.a(Adafruit_BNO08x.cpp.o) (sh2_open)
.pio/build/genericSTM32F411CE/lib242/libAdafruit BNO08x.a(sh2_SensorValue.c.o)
                              .pio/build/genericSTM32F411CE/lib242/libAdafruit BNO08x.a(Adafruit_BNO08x.cpp.o) (sh2_decodeSensorEvent)
.pio/build/genericSTM32F411CE/lib242/libAdafruit BNO08x.a(sh2_util.c.o)
                              .pio/build/genericSTM32F411CE/lib242/libAdafruit BNO08x.a(sh2_SensorValue.c.o) (readu16)
.pio/build/genericSTM32F411CE/lib242/libAdafruit BNO08x.a(shtp.c.o)
                              .pio/build/genericSTM32F411CE/lib242/libAdafruit BNO08x.a(sh2.c.o) (shtp_close)
.pio/build/genericSTM32F411CE/libFrameworkArduino.a(HardwareSerial.cpp.o)
                              .pio/build/genericSTM32F411CE/lib242/libAdafruit BNO08x.a(Adafruit_BNO08x.cpp.o) (HardwareSerial::end())
.pio/build/genericSTM32F411CE/libFrameworkArduino.a(Print.cpp.o)
                              .pio/build/genericSTM32F411CE/src/main.cpp.o (Print::print(char const*))
.pio/build/genericSTM32F411CE/libFrameworkArduino.a(Stream.cpp.o)
                              .pio/build/genericSTM32F411CE/libe3c/libWire.a(Wire.cpp.o) (Stream::readBytes(char*, unsigned int))
.pio/build/genericSTM32F411CE/libFrameworkArduino.a(WString.cpp.o)
                              .pio/build/genericSTM32F411CE/libFrameworkArduino.a(Stream.cpp.o) (String::String(char const*))
.pio/build/genericSTM32F411CE/libFrameworkArduino.a(dtostrf.c.o)
                              .pio/build/genericSTM32F411CE/libFrameworkArduino.a(WString.cpp.o) (dtostrf)
.pio/build/genericSTM32F411CE/libFrameworkArduino.a(hooks.c.o)
                              .pio/build/genericSTM32F411CE/lib242/libAdafruit BNO08x.a(Adafruit_BNO08x.cpp.o) (yield)
.pio/build/genericSTM32F411CE/libFrameworkArduino.a(itoa.c.o)
                              .pio/build/genericSTM32F411CE/libFrameworkArduino.a(WString.cpp.o) (ltoa)
.pio/build/genericSTM32F411CE/libFrameworkArduino.a(main.cpp.o)
                              c:/users/lorel/.platformio/packages/toolchain-gccarmnoneeabi/bin/../lib/gcc/arm-none-eabi/12.3.1/../../../../arm-none-eabi/lib/thumb/v7e-m+fp/hard/crt0.o (main)
.pio/build/genericSTM32F411CE/libFrameworkArduino.a(pins_arduino.c.o)
                              .pio/build/genericSTM32F411CE/libe3c/libWire.a(Wire.cpp.o) (pinNametoDigitalPin)
.pio/build/genericSTM32F411CE/libFrameworkArduino.a(startup_stm32yyxx.S.o)
                              (Reset_Handler)
.pio/build/genericSTM32F411CE/libFrameworkArduino.a(wiring_digital.c.o)
                              .pio/build/genericSTM32F411CE/src/main.cpp.o (pinMode)
.pio/build/genericSTM32F411CE/libFrameworkArduino.a(wiring_time.c.o)
                              .pio/build/genericSTM32F411CE/USBDevice/src/USBSerial.cpp.o (millis)
.pio/build/genericSTM32F411CE/libFrameworkArduino.a(WSerial.cpp.o)
                              .pio/build/genericSTM32F411CE/libFrameworkArduino.a(main.cpp.o) (serialEventRun())
.pio/build/genericSTM32F411CE/libFrameworkArduino.a(board.c.o)
                              .pio/build/genericSTM32F411CE/libFrameworkArduino.a(main.cpp.o) (init)
.pio/build/genericSTM32F411CE/libFrameworkArduino.a(wiring_analog.c.o)
                              .pio/build/genericSTM32F411CE/libFrameworkArduino.a(wiring_digital.c.o) (g_anOutputPinConfigured)
c:/users/lorel/.platformio/packages/toolchain-gccarmnoneeabi/bin/../lib/gcc/arm-none-eabi/12.3.1/thumb/v7e-m+fp/hard\libgcc.a(_arm_muldf3.o)
                              .pio/build/genericSTM32F411CE/SrcWrapper/src/HardwareTimer.cpp.o (__aeabi_dmul)
c:/users/lorel/.platformio/packages/toolchain-gccarmnoneeabi/bin/../lib/gcc/arm-none-eabi/12.3.1/thumb/v7e-m+fp/hard\libgcc.a(_arm_addsubdf3.o)
                              .pio/build/genericSTM32F411CE/libf06/libBlueRobotics MS5837 Library.a(MS5837.cpp.o) (__aeabi_dsub)
[...]
Memory Configuration

Name             Origin             Length             Attributes
*default*        0x00000000         0xffffffff
RAM              0x20000000         0x00020000         xrw
FLASH            0x08000000         0x00080000         xr

Linker script and memory map

                0x20020000                        _estack = (ORIGIN (RAM) + LENGTH (RAM))
                0x00000200                        _Min_Heap_Size = 0x200
                0x00000400                        _Min_Stack_Size = 0x400

.isr_vector     0x08000000      0x198
                0x08000000                        . = ALIGN (0x4)
 *(.isr_vector)
 .isr_vector    0x08000000      0x198 .pio/build/genericSTM32F411CE/libFrameworkArduino.a(startup_stm32yyxx.S.o)
                0x08000000                g_pfnVectors
                0x08000198                        . = ALIGN (0x4)

.text           0x08000198     0x9afc
                0x08000198                        . = ALIGN (0x4)
 *(.text)
 .text          0x08000198       0x30 c:/users/lorel/.platformio/packages/toolchain-gccarmnoneeabi/bin/../lib/gcc/arm-none-eabi/12.3.1/thumb/v7e-m+fp/hard\libgcc.a(_aeabi_uldivmod.o)
                0x08000198                __aeabi_uldivmod
 .text          0x080001c8        0x4 c:/users/lorel/.platformio/packages/toolchain-gccarmnoneeabi/bin/../lib/gcc/arm-none-eabi/12.3.1/thumb/v7e-m+fp/hard\libgcc.a(_dvmd_tls.o)
                0x080001c8                __aeabi_idiv0
                0x080001c8                __aeabi_ldiv0
 .text          0x080001cc       0x14 c:/users/lorel/.platformio/packages/toolchain-gccarmnoneeabi/bin/../lib/gcc/arm-none-eabi/12.3.1/../../../../arm-none-eabi/lib/thumb/v7e-m+fp/hard\libc_nano.a(libc_a-strcmp.o)
                0x080001cc                strcmp
 .text          0x080001e0       0x10 c:/users/lorel/.platformio/packages/toolchain-gccarmnoneeabi/bin/../lib/gcc/arm-none-eabi/12.3.1/../../../../arm-none-eabi/lib/thumb/v7e-m+fp/hard\libc_nano.a(libc_a-strlen.o)
                0x080001e0                strlen
 *(.text*)
 .text.__do_global_dtors_aux
                0x080001f0       0x24 c:/users/lorel/.platformio/packages/toolchain-gccarmnoneeabi/bin/../lib/gcc/arm-none-eabi/12.3.1/thumb/v7e-m+fp/hard/crtbegin.o
 .text.frame_dummy
                0x08000214       0x1c c:/users/lorel/.platformio/packages/toolchain-gccarmnoneeabi/bin/../lib/gcc/arm-none-eabi/12.3.1/thumb/v7e-m+fp/hard/crtbegin.o
 .text._ZN9USBSerial5writeEh
                0x08000230       0x18 .pio/build/genericSTM32F411CE/USBDevice/src/USBSerial.cpp.o
                0x08000230                USBSerial::write(unsigned char)
 .text._ZN9USBSerial17availableForWriteEv
                0x08000248        0xc .pio/build/genericSTM32F411CE/USBDevice/src/USBSerial.cpp.o
                0x08000248                USBSerial::availableForWrite()
 .text._ZN9USBSerial5writeEPKhj
                0x08000254       0x48 .pio/build/genericSTM32F411CE/USBDevice/src/USBSerial.cpp.o
                0x08000254                USBSerial::write(unsigned char const*, unsigned int)
 .text._ZN9USBSerial9availableEv
                0x0800029c        0xc .pio/build/genericSTM32F411CE/USBDevice/src/USBSerial.cpp.o
                0x0800029c                USBSerial::available()
 .text._ZN9USBSerial4readEv
                0x080002a8       0x18 .pio/build/genericSTM32F411CE/USBDevice/src/USBSerial.cpp.o
                0x080002a8                USBSerial::read()
 .text._ZN9USBSerial9readBytesEPcj
                0x080002c0       0x4c .pio/build/genericSTM32F411CE/USBDevice/src/USBSerial.cpp.o
                0x080002c0                USBSerial::readBytes(char*, unsigned int)
 .text._ZN9USBSerial14readBytesUntilEcPcj
                0x0800030c       0x68 .pio/build/genericSTM32F411CE/USBDevice/src/USBSerial.cpp.o
                0x0800030c                USBSerial::readBytesUntil(char, char*, unsigned int)
 .text._ZN9USBSerial4peekEv
                0x08000374        0xc .pio/build/genericSTM32F411CE/USBDevice/src/USBSerial.cpp.o
                0x08000374                USBSerial::peek()
 .text._ZN9USBSerial5flushEv
                0x08000380       0x14 .pio/build/genericSTM32F411CE/USBDevice/src/USBSerial.cpp.o
                0x08000380                USBSerial::flush()
 .text._ZN9USBSerial5beginEm
                0x08000394        0x4 .pio/build/genericSTM32F411CE/USBDevice/src/USBSerial.cpp.o
                0x08000394                USBSerial::begin(unsigned long)
 .text._ZN9USBSerialcvbEv
                0x08000398       0x14 .pio/build/genericSTM32F411CE/USBDevice/src/USBSerial.cpp.o
                0x08000398                USBSerial::operator bool()
 .text.startup._GLOBAL__sub_I_SerialUSB
                0x080003ac       0x1c .pio/build/genericSTM32F411CE/USBDevice/src/USBSerial.cpp.o
 .text.CDC_TransmitQueue_Init
                0x080003c8        0xc .pio/build/genericSTM32F411CE/USBDevice/src/cdc/cdc_queue.c.o
                0x080003c8                CDC_TransmitQueue_Init
 .text.CDC_TransmitQueue_WriteSize
                0x080003d4       0x20 .pio/build/genericSTM32F411CE/USBDevice/src/cdc/cdc_queue.c.o
                0x080003d4                CDC_TransmitQueue_WriteSize
 .text.CDC_TransmitQueue_ReadSize
                0x080003f4       0x22 .pio/build/genericSTM32F411CE/USBDevice/src/cdc/cdc_queue.c.o
                0x080003f4                CDC_TransmitQueue_ReadSize
 .text.CDC_TransmitQueue_Enqueue
                0x08000416       0x46 .pio/build/genericSTM32F411CE/USBDevice/src/cdc/cdc_queue.c.o
                0x08000416                CDC_TransmitQueue_Enqueue
 .text.CDC_TransmitQueue_ReadBlock
                0x0800045c       0x36 .pio/build/genericSTM32F411CE/USBDevice/src/cdc/cdc_queue.c.o
                0x0800045c                CDC_TransmitQueue_ReadBlock
 .text.CDC_TransmitQueue_CommitRead
                0x08000492       0x14 .pio/build/genericSTM32F411CE/USBDevice/src/cdc/cdc_queue.c.o
                0x08000492                CDC_TransmitQueue_CommitRead
 .text.CDC_ReceiveQueue_Init
                0x080004a6       0x12 .pio/build/genericSTM32F411CE/USBDevice/src/cdc/cdc_queue.c.o
                0x080004a6                CDC_ReceiveQueue_Init
 .text.CDC_ReceiveQueue_ReserveBlock
                0x080004b8       0x74 .pio/build/genericSTM32F411CE/USBDevice/src/cdc/cdc_queue.c.o
                0x080004b8                CDC_ReceiveQueue_ReserveBlock
 .text.CDC_ReceiveQueue_CommitBlock
                0x0800052c       0x36 .pio/build/genericSTM32F411CE/USBDevice/src/cdc/cdc_queue.c.o
                0x0800052c                CDC_ReceiveQueue_CommitBlock
 .text.CDC_ReceiveQueue_ReadSize
                0x08000562       0x50 .pio/build/genericSTM32F411CE/USBDevice/src/cdc/cdc_queue.c.o
                0x08000562                CDC_ReceiveQueue_ReadSize
 .text.CDC_ReceiveQueue_Dequeue
                0x080005b2       0x6e .pio/build/genericSTM32F411CE/USBDevice/src/cdc/cdc_queue.c.o
                0x080005b2                CDC_ReceiveQueue_Dequeue
 .text.CDC_ReceiveQueue_Peek
                0x08000620       0x4c .pio/build/genericSTM32F411CE/USBDevice/src/cdc/cdc_queue.c.o
                0x08000620                CDC_ReceiveQueue_Peek
 .text.CDC_ReceiveQueue_Read
                0x0800066c       0x90 .pio/build/genericSTM32F411CE/USBDevice/src/cdc/cdc_queue.c.o
                0x0800066c                CDC_ReceiveQueue_Read
 .text.CDC_ReceiveQueue_ReadUntil
                0x080006fc       0xd0 .pio/build/genericSTM32F411CE/USBDevice/src/cdc/cdc_queue.c.o
                0x080006fc                CDC_ReceiveQueue_ReadUntil
 .text.USBD_CDC_EP0_RxReady
                0x080007cc       0x38 .pio/build/genericSTM32F411CE/USBDevice/src/cdc/usbd_cdc.c.o
 .text.USBD_CDC_GetDeviceQualifierDescriptor
                0x08000804        0xc .pio/build/genericSTM32F411CE/USBDevice/src/cdc/usbd_cdc.c.o
                0x08000804                USBD_CDC_GetDeviceQualifierDescriptor
 .text.USBD_CDC_GetOtherSpeedCfgDesc
                0x08000810       0x48 .pio/build/genericSTM32F411CE/USBDevice/src/cdc/usbd_cdc.c.o
 .text.USBD_CDC_GetFSCfgDesc
                0x08000858       0x48 .pio/build/genericSTM32F411CE/USBDevice/src/cdc/usbd_cdc.c.o
 .text.USBD_CDC_GetHSCfgDesc
                0x080008a0       0x48 .pio/build/genericSTM32F411CE/USBDevice/src/cdc/usbd_cdc.c.o
 .text.USBD_CDC_DataOut
                0x080008e8       0x38 .pio/build/genericSTM32F411CE/USBDevice/src/cdc/usbd_cdc.c.o
 .text.USBD_CDC_DataIn
                0x08000920       0x64 .pio/build/genericSTM32F411CE/USBDevice/src/cdc/usbd_cdc.c.o
 .text.USBD_CDC_Setup
                0x08000984       0xf0 .pio/build/genericSTM32F411CE/USBDevice/src/cdc/usbd_cdc.c.o
 .text.USBD_CDC_DeInit
                0x08000a74       0x4e .pio/build/genericSTM32F411CE/USBDevice/src/cdc/usbd_cdc.c.o
 *fill*         0x08000ac2        0x2 
 .text.USBD_CDC_Init
                0x08000ac4       0xbc .pio/build/genericSTM32F411CE/USBDevice/src/cdc/usbd_cdc.c.o
 .text.USBD_CDC_RegisterInterface
                0x08000b80       0x16 .pio/build/genericSTM32F411CE/USBDevice/src/cdc/usbd_cdc.c.o
                0x08000b80                USBD_CDC_RegisterInterface
 .text.USBD_CDC_SetTxBuffer
                0x08000b96       0x1c .pio/build/genericSTM32F411CE/USBDevice/src/cdc/usbd_cdc.c.o
                0x08000b96                USBD_CDC_SetTxBuffer
 .text.USBD_CDC_SetRxBuffer
                0x08000bb2       0x18 .pio/build/genericSTM32F411CE/USBDevice/src/cdc/usbd_cdc.c.o
                0x08000bb2                USBD_CDC_SetRxBuffer
 .text.USBD_CDC_TransmitPacket
                0x08000bca       0x36 .pio/build/genericSTM32F411CE/USBDevice/src/cdc/usbd_cdc.c.o
                0x08000bca                USBD_CDC_TransmitPacket
 .text.USBD_CDC_ReceivePacket
                0x08000c00       0x2c .pio/build/genericSTM32F411CE/USBDevice/src/cdc/usbd_cdc.c.o
                0x08000c00                USBD_CDC_ReceivePacket
 .text.USBD_CDC_ClearBuffer
                0x08000c2c       0x20 .pio/build/genericSTM32F411CE/USBDevice/src/cdc/usbd_cdc.c.o
                0x08000c2c                USBD_CDC_ClearBuffer
 .text.USBD_CDC_DeInit
                0x08000c4c        0x4 .pio/build/genericSTM32F411CE/USBDevice/src/cdc/usbd_cdc_if.c.o
 .text.USBD_CDC_Control
                0x08000c50       0x84 .pio/build/genericSTM32F411CE/USBDevice/src/cdc/usbd_cdc_if.c.o
 .text.USBD_CDC_Init
                0x08000cd4       0x38 .pio/build/genericSTM32F411CE/USBDevice/src/cdc/usbd_cdc_if.c.o
 .text.CDC_init
                0x08000d0c       0x48 .pio/build/genericSTM32F411CE/USBDevice/src/cdc/usbd_cdc_if.c.o
                0x08000d0c                CDC_init
 .text.CDC_connected
                0x08000d54       0x40 .pio/build/genericSTM32F411CE/USBDevice/src/cdc/usbd_cdc_if.c.o
                0x08000d54                CDC_connected
 .text.CDC_continue_transmit
                0x08000d94       0x4c .pio/build/genericSTM32F411CE/USBDevice/src/cdc/usbd_cdc_if.c.o
                0x08000d94                CDC_continue_transmit
 .text.USBD_CDC_TransmitCplt
                0x08000de0       0x20 .pio/build/genericSTM32F411CE/USBDevice/src/cdc/usbd_cdc_if.c.o
 .text.CDC_resume_receive
                0x08000e00       0x38 .pio/build/genericSTM32F411CE/USBDevice/src/cdc/usbd_cdc_if.c.o
                0x08000e00                CDC_resume_receive
 .text.USBD_CDC_Receive
                0x08000e38       0x2c .pio/build/genericSTM32F411CE/USBDevice/src/cdc/usbd_cdc_if.c.o
 .text.USBD_Init
                0x08000e64       0x26 .pio/build/genericSTM32F411CE/USBDevice/src/usb_device_core.c.o
                0x08000e64                USBD_Init
 .text.USBD_RegisterClass
                0x08000e8a       0x32 .pio/build/genericSTM32F411CE/USBDevice/src/usb_device_core.c.o
                0x08000e8a                USBD_RegisterClass
 .text.USBD_Start
                0x08000ebc        0x4 .pio/build/genericSTM32F411CE/USBDevice/src/usb_device_core.c.o
                0x08000ebc                USBD_Start
 .text.USBD_SetClassConfig
                0x08000ec0        0xe .pio/build/genericSTM32F411CE/USBDevice/src/usb_device_core.c.o
                0x08000ec0                USBD_SetClassConfig
 .text.USBD_ClrClassConfig
                0x08000ece       0x12 .pio/build/genericSTM32F411CE/USBDevice/src/usb_device_core.c.o
                0x08000ece                USBD_ClrClassConfig
 .text.USBD_LL_SetupStage
                0x08000ee0       0x60 .pio/build/genericSTM32F411CE/USBDevice/src/usb_device_core.c.o
                0x08000ee0                USBD_LL_SetupStage
 .text.USBD_LL_DataOutStage
                0x08000f40       0x6a .pio/build/genericSTM32F411CE/USBDevice/src/usb_device_core.c.o
                0x08000f40                USBD_LL_DataOutStage
 .text.USBD_LL_DataInStage
                0x08000faa       0xa6 .pio/build/genericSTM32F411CE/USBDevice/src/usb_device_core.c.o
                0x08000faa                USBD_LL_DataInStage
 .text.USBD_LL_Reset
                0x08001050       0x5e .pio/build/genericSTM32F411CE/USBDevice/src/usb_device_core.c.o
                0x08001050                USBD_LL_Reset
 .text.USBD_LL_SetSpeed
                0x080010ae        0x6 .pio/build/genericSTM32F411CE/USBDevice/src/usb_device_core.c.o
                0x080010ae                USBD_LL_SetSpeed
 .text.USBD_LL_Suspend
                0x080010b4       0x1c .pio/build/genericSTM32F411CE/USBDevice/src/usb_device_core.c.o
                0x080010b4                USBD_LL_Suspend
 .text.USBD_LL_Resume
                0x080010d0       0x16 .pio/build/genericSTM32F411CE/USBDevice/src/usb_device_core.c.o
                0x080010d0                USBD_LL_Resume
 .text.USBD_LL_SOF
                0x080010e6       0x1a .pio/build/genericSTM32F411CE/USBDevice/src/usb_device_core.c.o
                0x080010e6                USBD_LL_SOF
 .text.USBD_LL_IsoINIncomplete
                0x08001100       0x26 .pio/build/genericSTM32F411CE/USBDevice/src/usb_device_core.c.o
                0x08001100                USBD_LL_IsoINIncomplete
 .text.USBD_LL_IsoOUTIncomplete
                0x08001126       0x26 .pio/build/genericSTM32F411CE/USBDevice/src/usb_device_core.c.o
                0x08001126                USBD_LL_IsoOUTIncomplete
 .text.USBD_LL_DevConnected
                0x0800114c        0x4 .pio/build/genericSTM32F411CE/USBDevice/src/usb_device_core.c.o
                0x0800114c                USBD_LL_DevConnected
 .text.USBD_LL_DevDisconnected
                0x08001150       0x20 .pio/build/genericSTM32F411CE/USBDevice/src/usb_device_core.c.o
                0x08001150                USBD_LL_DevDisconnected
 .text.USBD_CoreFindIF
                0x08001170        0x4 .pio/build/genericSTM32F411CE/USBDevice/src/usb_device_core.c.o
                0x08001170                USBD_CoreFindIF
 .text.USBD_CoreFindEP
                0x08001174        0x4 .pio/build/genericSTM32F411CE/USBDevice/src/usb_device_core.c.o
                0x08001174                USBD_CoreFindEP
 .text.USBD_GetEpDesc
                0x08001178       0x24 .pio/build/genericSTM32F411CE/USBDevice/src/usb_device_core.c.o
                0x08001178                USBD_GetEpDesc
 .text.USBD_CtlError.constprop.0
                0x0800119c       0x16 .pio/build/genericSTM32F411CE/USBDevice/src/usb_device_ctlreq.c.o
 *fill*         0x080011b2        0x2 
 .text.USBD_StdDevReq
                0x080011b4      0x288 .pio/build/genericSTM32F411CE/USBDevice/src/usb_device_ctlreq.c.o
                0x080011b4                USBD_StdDevReq
 .text.USBD_StdItfReq
                0x0800143c       0x5a .pio/build/genericSTM32F411CE/USBDevice/src/usb_device_ctlreq.c.o
                0x0800143c                USBD_StdItfReq
 .text.USBD_StdEPReq
                0x08001496      0x13a .pio/build/genericSTM32F411CE/USBDevice/src/usb_device_ctlreq.c.o
                0x08001496                USBD_StdEPReq
 .text.USBD_ParseSetupRequest
                0x080015d0       0x16 .pio/build/genericSTM32F411CE/USBDevice/src/usb_device_ctlreq.c.o
                0x080015d0                USBD_ParseSetupRequest
 .text.USBD_CtlError
                0x080015e6       0x16 .pio/build/genericSTM32F411CE/USBDevice/src/usb_device_ctlreq.c.o
                0x080015e6                USBD_CtlError
 .text.USBD_GetString
                0x080015fc       0x42 .pio/build/genericSTM32F411CE/USBDevice/src/usb_device_ctlreq.c.o
                0x080015fc                USBD_GetString
 .text.USBD_CtlSendData
                0x0800163e       0x1a .pio/build/genericSTM32F411CE/USBDevice/src/usb_device_ioreq.c.o
                0x0800163e                USBD_CtlSendData
 .text.USBD_CtlContinueSendData
                0x08001658       0x10 .pio/build/genericSTM32F411CE/USBDevice/src/usb_device_ioreq.c.o
                0x08001658                USBD_CtlContinueSendData
 .text.USBD_CtlPrepareRx
                0x08001668       0x1a .pio/build/genericSTM32F411CE/USBDevice/src/usb_device_ioreq.c.o
                0x08001668                USBD_CtlPrepareRx
 .text.USBD_CtlContinueRx
                0x08001682       0x10 .pio/build/genericSTM32F411CE/USBDevice/src/usb_device_ioreq.c.o
                0x08001682                USBD_CtlContinueRx
 .text.USBD_CtlSendStatus
                0x08001692       0x16 .pio/build/genericSTM32F411CE/USBDevice/src/usb_device_ioreq.c.o
                0x08001692                USBD_CtlSendStatus
 .text.USBD_CtlReceiveStatus
                0x080016a8       0x16 .pio/build/genericSTM32F411CE/USBDevice/src/usb_device_ioreq.c.o
                0x080016a8                USBD_CtlReceiveStatus
 *fill*         0x080016be        0x2 
 .text.HAL_PCD_MspInit
                0x080016c0       0x98 .pio/build/genericSTM32F411CE/USBDevice/src/usbd_conf.c.o
                0x080016c0                HAL_PCD_MspInit
 .text.HAL_PCD_SetupStageCallback
                0x08001758        0xc .pio/build/genericSTM32F411CE/USBDevice/src/usbd_conf.c.o
                0x08001758                HAL_PCD_SetupStageCallback
 .text.HAL_PCD_DataOutStageCallback
                0x08001764       0x12 .pio/build/genericSTM32F411CE/USBDevice/src/usbd_conf.c.o
                0x08001764                HAL_PCD_DataOutStageCallback
 .text.HAL_PCD_DataInStageCallback
                0x08001776       0x10 .pio/build/genericSTM32F411CE/USBDevice/src/usbd_conf.c.o
                0x08001776                HAL_PCD_DataInStageCallback
 .text.HAL_PCD_SOFCallback
                0x08001786        0x8 .pio/build/genericSTM32F411CE/USBDevice/src/usbd_conf.c.o
                0x08001786                HAL_PCD_SOFCallback
 .text.HAL_PCD_ResetCallback
                0x0800178e       0x1a .pio/build/genericSTM32F411CE/USBDevice/src/usbd_conf.c.o
                0x0800178e                HAL_PCD_ResetCallback
 .text.HAL_PCD_SuspendCallback
                0x080017a8       0x30 .pio/build/genericSTM32F411CE/USBDevice/src/usbd_conf.c.o
                0x080017a8                HAL_PCD_SuspendCallback
 .text.HAL_PCD_ResumeCallback
                0x080017d8       0x34 .pio/build/genericSTM32F411CE/USBDevice/src/usbd_conf.c.o
                0x080017d8                HAL_PCD_ResumeCallback
 .text.HAL_PCD_ISOOUTIncompleteCallback
                0x0800180c        0x8 .pio/build/genericSTM32F411CE/USBDevice/src/usbd_conf.c.o
                0x0800180c                HAL_PCD_ISOOUTIncompleteCallback
 .text.HAL_PCD_ISOINIncompleteCallback
                0x08001814        0x8 .pio/build/genericSTM32F411CE/USBDevice/src/usbd_conf.c.o
                0x08001814                HAL_PCD_ISOINIncompleteCallback
 .text.HAL_PCD_ConnectCallback
                0x0800181c        0x8 .pio/build/genericSTM32F411CE/USBDevice/src/usbd_conf.c.o
                0x0800181c                HAL_PCD_ConnectCallback
 .text.HAL_PCD_DisconnectCallback
                0x08001824        0x8 .pio/build/genericSTM32F411CE/USBDevice/src/usbd_conf.c.o
                0x08001824                HAL_PCD_DisconnectCallback
 .text.OTG_FS_IRQHandler
                0x0800182c        0xc .pio/build/genericSTM32F411CE/USBDevice/src/usbd_conf.c.o
                0x0800182c                OTG_FS_IRQHandler
 .text.OTG_FS_WKUP_IRQHandler
                0x08001838       0x3c .pio/build/genericSTM32F411CE/USBDevice/src/usbd_conf.c.o
                0x08001838                OTG_FS_WKUP_IRQHandler
 .text.USBD_LL_Init
                0x08001874       0x64 .pio/build/genericSTM32F411CE/USBDevice/src/usbd_conf.c.o
                0x08001874                USBD_LL_Init
 .text.USBD_LL_Start
                0x080018d8        0xe .pio/build/genericSTM32F411CE/USBDevice/src/usbd_conf.c.o
                0x080018d8                USBD_LL_Start
 .text.USBD_LL_OpenEP
                0x080018e6       0x14 .pio/build/genericSTM32F411CE/USBDevice/src/usbd_conf.c.o
                0x080018e6                USBD_LL_OpenEP
 .text.USBD_LL_CloseEP
                0x080018fa        0xe .pio/build/genericSTM32F411CE/USBDevice/src/usbd_conf.c.o
                0x080018fa                USBD_LL_CloseEP
 .text.USBD_LL_StallEP
                0x08001908        0xe .pio/build/genericSTM32F411CE/USBDevice/src/usbd_conf.c.o
                0x08001908                USBD_LL_StallEP
 .text.USBD_LL_ClearStallEP
                0x08001916        0xe .pio/build/genericSTM32F411CE/USBDevice/src/usbd_conf.c.o
                0x08001916                USBD_LL_ClearStallEP
 .text.USBD_LL_IsStallEP
                0x08001924       0x24 .pio/build/genericSTM32F411CE/USBDevice/src/usbd_conf.c.o
                0x08001924                USBD_LL_IsStallEP
 .text.USBD_LL_SetUSBAddress
                0x08001948        0xe .pio/build/genericSTM32F411CE/USBDevice/src/usbd_conf.c.o
                0x08001948                USBD_LL_SetUSBAddress
 .text.USBD_LL_Transmit
                0x08001956        0xe .pio/build/genericSTM32F411CE/USBDevice/src/usbd_conf.c.o
                0x08001956                USBD_LL_Transmit
 .text.USBD_LL_PrepareReceive
                0x08001964        0xe .pio/build/genericSTM32F411CE/USBDevice/src/usbd_conf.c.o
                0x08001964                USBD_LL_PrepareReceive
 .text.USBD_LL_GetRxDataSize
                0x08001972        0x8 .pio/build/genericSTM32F411CE/USBDevice/src/usbd_conf.c.o
                0x08001972                USBD_LL_GetRxDataSize
 *fill*         0x0800197a        0x2 
 .text.USBD_Class_DeviceDescriptor
                0x0800197c        0xc .pio/build/genericSTM32F411CE/USBDevice/src/usbd_desc.c.o
                0x0800197c                USBD_Class_DeviceDescriptor
 .text.USBD_LangIDStrDescriptor
                0x08001988        0xc .pio/build/genericSTM32F411CE/USBDevice/src/usbd_desc.c.o
                0x08001988                USBD_LangIDStrDescriptor
 .text.USBD_Class_UserStrDescriptor
                0x08001994        0x8 .pio/build/genericSTM32F411CE/USBDevice/src/usbd_desc.c.o
                0x08001994                USBD_Class_UserStrDescriptor
 .text.IntToUnicode
                0x0800199c       0x2a .pio/build/genericSTM32F411CE/USBDevice/src/usbd_desc.c.o
 *fill*         0x080019c6        0x2 
 .text.USBD_SerialStrDescriptor
                0x080019c8       0x3c .pio/build/genericSTM32F411CE/USBDevice/src/usbd_desc.c.o
                0x080019c8                USBD_SerialStrDescriptor
 .text.USBD_ManufacturerStrDescriptor
                0x08001a04       0x1c .pio/build/genericSTM32F411CE/USBDevice/src/usbd_desc.c.o
                0x08001a04                USBD_ManufacturerStrDescriptor
 .text.USBD_Class_ProductStrDescriptor
                0x08001a20       0x24 .pio/build/genericSTM32F411CE/USBDevice/src/usbd_desc.c.o
                0x08001a20                USBD_Class_ProductStrDescriptor
 .text.USBD_Class_ConfigStrDescriptor
                0x08001a44       0x1c .pio/build/genericSTM32F411CE/USBDevice/src/usbd_desc.c.o
                0x08001a44                USBD_Class_ConfigStrDescriptor
 .text.USBD_Class_InterfaceStrDescriptor
                0x08001a60       0x1c .pio/build/genericSTM32F411CE/USBDevice/src/usbd_desc.c.o
                0x08001a60                USBD_Class_InterfaceStrDescriptor
 .text.USBD_reenumerate
                0x08001a7c       0x1c .pio/build/genericSTM32F411CE/USBDevice/src/usbd_if.c.o
                0x08001a7c                USBD_reenumerate
 .text.USBD_CDC_init
                0x08001a98        0x4 .pio/build/genericSTM32F411CE/USBDevice/src/usbd_if.c.o
                0x08001a98                USBD_CDC_init
 .text.USBD_SystemClockConfigFromResume
                0x08001a9c        0xe .pio/build/genericSTM32F411CE/USBDevice/src/usbd_if.c.o
                0x08001a9c                USBD_SystemClockConfigFromResume
 *fill*         0x08001aaa        0x2 
 .text.SystemClock_Config
                0x08001aac       0x9c .pio/build/genericSTM32F411CE/FrameworkArduinoVariant/generic_clock.c.o
                0x08001aac                SystemClock_Config
 .text.HAL_MspInit
                0x08001b48        0x2 .pio/build/genericSTM32F411CE/SrcWrapper/src/HAL/stm32yyxx_hal.c.o
                0x08001b48                HAL_MspInit
 *fill*         0x08001b4a        0x2 
 .text.HAL_InitTick
                0x08001b4c       0x48 .pio/build/genericSTM32F411CE/SrcWrapper/src/HAL/stm32yyxx_hal.c.o
                0x08001b4c                HAL_InitTick
 .text.HAL_Init
                0x08001b94       0x34 .pio/build/genericSTM32F411CE/SrcWrapper/src/HAL/stm32yyxx_hal.c.o
                0x08001b94                HAL_Init
 .text.HAL_IncTick
                0x08001bc8       0x18 .pio/build/genericSTM32F411CE/SrcWrapper/src/HAL/stm32yyxx_hal.c.o
                0x08001bc8                HAL_IncTick
 .text.HAL_GetTick
                0x08001be0        0xc .pio/build/genericSTM32F411CE/SrcWrapper/src/HAL/stm32yyxx_hal.c.o
                0x08001be0                HAL_GetTick
 .text.HAL_Delay
                0x08001bec       0x28 .pio/build/genericSTM32F411CE/SrcWrapper/src/HAL/stm32yyxx_hal.c.o
                0x08001bec                HAL_Delay
 .text.HAL_NVIC_SetPriorityGrouping
                0x08001c14       0x24 .pio/build/genericSTM32F411CE/SrcWrapper/src/HAL/stm32yyxx_hal_cortex.c.o
                0x08001c14                HAL_NVIC_SetPriorityGrouping
 .text.HAL_NVIC_SetPriority
                0x08001c38       0x64 .pio/build/genericSTM32F411CE/SrcWrapper/src/HAL/stm32yyxx_hal_cortex.c.o
                0x08001c38                HAL_NVIC_SetPriority
 .text.HAL_NVIC_EnableIRQ
                0x08001c9c       0x1c .pio/build/genericSTM32F411CE/SrcWrapper/src/HAL/stm32yyxx_hal_cortex.c.o
                0x08001c9c                HAL_NVIC_EnableIRQ
 .text.HAL_NVIC_DisableIRQ
                0x08001cb8       0x24 .pio/build/genericSTM32F411CE/SrcWrapper/src/HAL/stm32yyxx_hal_cortex.c.o
                0x08001cb8                HAL_NVIC_DisableIRQ
 .text.HAL_SYSTICK_Config
                0x08001cdc       0x28 .pio/build/genericSTM32F411CE/SrcWrapper/src/HAL/stm32yyxx_hal_cortex.c.o
                0x08001cdc                HAL_SYSTICK_Config
 .text.HAL_NVIC_ClearPendingIRQ
                0x08001d04       0x1c .pio/build/genericSTM32F411CE/SrcWrapper/src/HAL/stm32yyxx_hal_cortex.c.o
                0x08001d04                HAL_NVIC_ClearPendingIRQ
 .text.HAL_SYSTICK_Callback
                0x08001d20        0x2 .pio/build/genericSTM32F411CE/SrcWrapper/src/HAL/stm32yyxx_hal_cortex.c.o
                0x08001d20                HAL_SYSTICK_Callback
 .text.HAL_SYSTICK_IRQHandler
                0x08001d22        0x8 .pio/build/genericSTM32F411CE/SrcWrapper/src/HAL/stm32yyxx_hal_cortex.c.o
                0x08001d22                HAL_SYSTICK_IRQHandler
 .text.HAL_CRC_MspInit
                0x08001d2a        0x2 .pio/build/genericSTM32F411CE/SrcWrapper/src/HAL/stm32yyxx_hal_crc.c.o
                0x08001d2a                HAL_CRC_MspInit
 .text.HAL_CRC_Init
                0x08001d2c       0x20 .pio/build/genericSTM32F411CE/SrcWrapper/src/HAL/stm32yyxx_hal_crc.c.o
                0x08001d2c                HAL_CRC_Init
 .text.HAL_DMA_Abort
                0x08001d4c       0x7c .pio/build/genericSTM32F411CE/SrcWrapper/src/HAL/stm32yyxx_hal_dma.c.o
                0x08001d4c                HAL_DMA_Abort
 .text.HAL_DMA_Abort_IT
                0x08001dc8       0x24 .pio/build/genericSTM32F411CE/SrcWrapper/src/HAL/stm32yyxx_hal_dma.c.o
                0x08001dc8                HAL_DMA_Abort_IT
 .text.HAL_DMA_GetState
                0x08001dec        0x6 .pio/build/genericSTM32F411CE/SrcWrapper/src/HAL/stm32yyxx_hal_dma.c.o
                0x08001dec                HAL_DMA_GetState
 *fill*         0x08001df2        0x2 
 .text.HAL_GPIO_EXTI_IRQHandler
                0x08001df4       0x18 .pio/build/genericSTM32F411CE/SrcWrapper/src/HAL/stm32yyxx_hal_gpio.c.o
                0x08001df4                HAL_GPIO_EXTI_IRQHandler
 .text.I2C_WaitOnFlagUntilTimeout
                0x08001e0c       0x80 .pio/build/genericSTM32F411CE/SrcWrapper/src/HAL/stm32yyxx_hal_i2c.c.o
 .text.HAL_I2C_MspInit
                0x08001e8c        0x2 .pio/build/genericSTM32F411CE/SrcWrapper/src/HAL/stm32yyxx_hal_i2c.c.o
                0x08001e8c                HAL_I2C_MspInit
 *fill*         0x08001e8e        0x2 
 .text.HAL_I2C_Init
                0x08001e90      0x14c .pio/build/genericSTM32F411CE/SrcWrapper/src/HAL/stm32yyxx_hal_i2c.c.o
                0x08001e90                HAL_I2C_Init
 .text.HAL_I2C_MspDeInit
                0x08001fdc        0x2 .pio/build/genericSTM32F411CE/SrcWrapper/src/HAL/stm32yyxx_hal_i2c.c.o
                0x08001fdc                HAL_I2C_MspDeInit
 .text.HAL_I2C_DeInit
                0x08001fde       0x32 .pio/build/genericSTM32F411CE/SrcWrapper/src/HAL/stm32yyxx_hal_i2c.c.o
                0x08001fde                HAL_I2C_DeInit
 .text.HAL_I2C_IsDeviceReady
                0x08002010      0x160 .pio/build/genericSTM32F411CE/SrcWrapper/src/HAL/stm32yyxx_hal_i2c.c.o
                0x08002010                HAL_I2C_IsDeviceReady
 .text.HAL_I2C_Master_Seq_Transmit_IT
                0x08002170       0xd0 .pio/build/genericSTM32F411CE/SrcWrapper/src/HAL/stm32yyxx_hal_i2c.c.o
                0x08002170                HAL_I2C_Master_Seq_Transmit_IT
 .text.HAL_I2C_Master_Seq_Receive_IT
                0x08002240      0x10c .pio/build/genericSTM32F411CE/SrcWrapper/src/HAL/stm32yyxx_hal_i2c.c.o
                0x08002240                HAL_I2C_Master_Seq_Receive_IT
 .text.HAL_I2C_Slave_Seq_Transmit_IT
                0x0800234c       0x76 .pio/build/genericSTM32F411CE/SrcWrapper/src/HAL/stm32yyxx_hal_i2c.c.o
                0x0800234c                HAL_I2C_Slave_Seq_Transmit_IT
 .text.HAL_I2C_Slave_Seq_Receive_IT
                0x080023c2       0x76 .pio/build/genericSTM32F411CE/SrcWrapper/src/HAL/stm32yyxx_hal_i2c.c.o
                0x080023c2                HAL_I2C_Slave_Seq_Receive_IT
 .text.HAL_I2C_EnableListen_IT
                0x08002438       0x36 .pio/build/genericSTM32F411CE/SrcWrapper/src/HAL/stm32yyxx_hal_i2c.c.o
                0x08002438                HAL_I2C_EnableListen_IT
 .text.HAL_I2C_MasterTxCpltCallback
                0x0800246e        0x2 .pio/build/genericSTM32F411CE/SrcWrapper/src/HAL/stm32yyxx_hal_i2c.c.o
                0x0800246e                HAL_I2C_MasterTxCpltCallback
 .text.HAL_I2C_MasterRxCpltCallback
                0x08002470        0x2 .pio/build/genericSTM32F411CE/SrcWrapper/src/HAL/stm32yyxx_hal_i2c.c.o
                0x08002470                HAL_I2C_MasterRxCpltCallback
 .text.HAL_I2C_MemTxCpltCallback
                0x08002472        0x2 .pio/build/genericSTM32F411CE/SrcWrapper/src/HAL/stm32yyxx_hal_i2c.c.o
                0x08002472                HAL_I2C_MemTxCpltCallback
 .text.I2C_MemoryTransmit_TXE_BTF
                0x08002474       0xb6 .pio/build/genericSTM32F411CE/SrcWrapper/src/HAL/stm32yyxx_hal_i2c.c.o
 .text.HAL_I2C_MemRxCpltCallback
                0x0800252a        0x2 .pio/build/genericSTM32F411CE/SrcWrapper/src/HAL/stm32yyxx_hal_i2c.c.o
                0x0800252a                HAL_I2C_MemRxCpltCallback
 .text.HAL_I2C_AbortCpltCallback
                0x0800252c        0x2 .pio/build/genericSTM32F411CE/SrcWrapper/src/HAL/stm32yyxx_hal_i2c.c.o
                0x0800252c                HAL_I2C_AbortCpltCallback
 *fill*         0x0800252e        0x2 
 .text.I2C_DMAAbort
                0x08002530       0xe4 .pio/build/genericSTM32F411CE/SrcWrapper/src/HAL/stm32yyxx_hal_i2c.c.o
 .text.I2C_ITError
                0x08002614      0x15c .pio/build/genericSTM32F411CE/SrcWrapper/src/HAL/stm32yyxx_hal_i2c.c.o
 .text.HAL_I2C_EV_IRQHandler
                0x08002770      0x8c8 .pio/build/genericSTM32F411CE/SrcWrapper/src/HAL/stm32yyxx_hal_i2c.c.o
                0x08002770                HAL_I2C_EV_IRQHandler
 .text.HAL_I2C_ER_IRQHandler
                0x08003038      0x158 .pio/build/genericSTM32F411CE/SrcWrapper/src/HAL/stm32yyxx_hal_i2c.c.o
                0x08003038                HAL_I2C_ER_IRQHandler
 .text.HAL_I2C_GetState
                0x08003190        0x6 .pio/build/genericSTM32F411CE/SrcWrapper/src/HAL/stm32yyxx_hal_i2c.c.o
                0x08003190                HAL_I2C_GetState
 .text.HAL_I2C_GetError
                0x08003196        0x4 .pio/build/genericSTM32F411CE/SrcWrapper/src/HAL/stm32yyxx_hal_i2c.c.o
                0x08003196                HAL_I2C_GetError
 .text.HAL_PCD_Init
                0x0800319a       0xde .pio/build/genericSTM32F411CE/SrcWrapper/src/HAL/stm32yyxx_hal_pcd.c.o
                0x0800319a                HAL_PCD_Init
 .text.HAL_PCD_Start
                0x08003278       0x3e .pio/build/genericSTM32F411CE/SrcWrapper/src/HAL/stm32yyxx_hal_pcd.c.o
                0x08003278                HAL_PCD_Start
 .text.HAL_PCD_SetAddress
                0x080032b6       0x26 .pio/build/genericSTM32F411CE/SrcWrapper/src/HAL/stm32yyxx_hal_pcd.c.o
                0x080032b6                HAL_PCD_SetAddress
 .text.HAL_PCD_EP_Open
                0x080032dc       0x72 .pio/build/genericSTM32F411CE/SrcWrapper/src/HAL/stm32yyxx_hal_pcd.c.o
                0x080032dc                HAL_PCD_EP_Open
 .text.HAL_PCD_EP_Close
                0x0800334e       0x5c .pio/build/genericSTM32F411CE/SrcWrapper/src/HAL/stm32yyxx_hal_pcd.c.o
                0x0800334e                HAL_PCD_EP_Close
 .text.HAL_PCD_EP_Receive
                0x080033aa       0x3c .pio/build/genericSTM32F411CE/SrcWrapper/src/HAL/stm32yyxx_hal_pcd.c.o
                0x080033aa                HAL_PCD_EP_Receive
 .text.HAL_PCD_EP_GetRxCount
                0x080033e6       0x10 .pio/build/genericSTM32F411CE/SrcWrapper/src/HAL/stm32yyxx_hal_pcd.c.o
                0x080033e6                HAL_PCD_EP_GetRxCount
 .text.HAL_PCD_EP_Transmit
                0x080033f6       0x36 .pio/build/genericSTM32F411CE/SrcWrapper/src/HAL/stm32yyxx_hal_pcd.c.o
                0x080033f6                HAL_PCD_EP_Transmit
 .text.HAL_PCD_EP_SetStall
                0x0800342c       0x6e .pio/build/genericSTM32F411CE/SrcWrapper/src/HAL/stm32yyxx_hal_pcd.c.o
                0x0800342c                HAL_PCD_EP_SetStall
 .text.HAL_PCD_EP_ClrStall
                0x0800349a       0x6a .pio/build/genericSTM32F411CE/SrcWrapper/src/HAL/stm32yyxx_hal_pcd.c.o
                0x0800349a                HAL_PCD_EP_ClrStall
 .text.HAL_PCD_EP_Abort
                0x08003504       0x20 .pio/build/genericSTM32F411CE/SrcWrapper/src/HAL/stm32yyxx_hal_pcd.c.o
                0x08003504                HAL_PCD_EP_Abort
 .text.HAL_PCD_IRQHandler
                0x08003524      0x68c .pio/build/genericSTM32F411CE/SrcWrapper/src/HAL/stm32yyxx_hal_pcd.c.o
                0x08003524                HAL_PCD_IRQHandler
 .text.HAL_PCDEx_SetTxFiFo
                0x08003bb0       0x3e .pio/build/genericSTM32F411CE/SrcWrapper/src/HAL/stm32yyxx_hal_pcd_ex.c.o
                0x08003bb0                HAL_PCDEx_SetTxFiFo
 .text.HAL_PCDEx_SetRxFiFo
                0x08003bee        0x8 .pio/build/genericSTM32F411CE/SrcWrapper/src/HAL/stm32yyxx_hal_pcd_ex.c.o
                0x08003bee                HAL_PCDEx_SetRxFiFo
 .text.HAL_PCDEx_LPM_Callback
                0x08003bf6        0x2 .pio/build/genericSTM32F411CE/SrcWrapper/src/HAL/stm32yyxx_hal_pcd_ex.c.o
                0x08003bf6                HAL_PCDEx_LPM_Callback
 .text.HAL_RCC_OscConfig
                0x08003bf8      0x35c .pio/build/genericSTM32F411CE/SrcWrapper/src/HAL/stm32yyxx_hal_rcc.c.o
                0x08003bf8                HAL_RCC_OscConfig
 .text.HAL_RCC_GetSysClockFreq
                0x08003f54       0x5c .pio/build/genericSTM32F411CE/SrcWrapper/src/HAL/stm32yyxx_hal_rcc.c.o
                0x08003f54                HAL_RCC_GetSysClockFreq
 .text.HAL_RCC_ClockConfig
                0x08003fb0      0x134 .pio/build/genericSTM32F411CE/SrcWrapper/src/HAL/stm32yyxx_hal_rcc.c.o
                0x08003fb0                HAL_RCC_ClockConfig
 .text.HAL_RCC_GetHCLKFreq
                0x080040e4        0xc .pio/build/genericSTM32F411CE/SrcWrapper/src/HAL/stm32yyxx_hal_rcc.c.o
                0x080040e4                HAL_RCC_GetHCLKFreq
 .text.HAL_RCC_GetPCLK1Freq
                0x080040f0       0x20 .pio/build/genericSTM32F411CE/SrcWrapper/src/HAL/stm32yyxx_hal_rcc.c.o
                0x080040f0                HAL_RCC_GetPCLK1Freq
 .text.HAL_TIM_PWM_PulseFinishedCallback
                0x08004110        0x2 .pio/build/genericSTM32F411CE/SrcWrapper/src/HAL/stm32yyxx_hal_tim.c.o
                0x08004110                HAL_TIM_PWM_PulseFinishedCallback
 .text.HAL_TIM_TriggerCallback
                0x08004112        0x2 .pio/build/genericSTM32F411CE/SrcWrapper/src/HAL/stm32yyxx_hal_tim.c.o
                0x08004112                HAL_TIM_TriggerCallback
 .text.HAL_TIM_IRQHandler
                0x08004114      0x128 .pio/build/genericSTM32F411CE/SrcWrapper/src/HAL/stm32yyxx_hal_tim.c.o
                0x08004114                HAL_TIM_IRQHandler
 .text.TIM_Base_SetConfig
                0x0800423c       0x88 .pio/build/genericSTM32F411CE/SrcWrapper/src/HAL/stm32yyxx_hal_tim.c.o
                0x0800423c                TIM_Base_SetConfig
 .text.HAL_TIM_Base_Init
                0x080042c4       0x58 .pio/build/genericSTM32F411CE/SrcWrapper/src/HAL/stm32yyxx_hal_tim.c.o
                0x080042c4                HAL_TIM_Base_Init
 .text.HAL_TIMEx_CommutCallback
                0x0800431c        0x2 .pio/build/genericSTM32F411CE/SrcWrapper/src/HAL/stm32yyxx_hal_tim_ex.c.o
                0x0800431c                HAL_TIMEx_CommutCallback
 .text.HAL_TIMEx_BreakCallback
                0x0800431e        0x2 .pio/build/genericSTM32F411CE/SrcWrapper/src/HAL/stm32yyxx_hal_tim_ex.c.o
                0x0800431e                HAL_TIMEx_BreakCallback
 .text.UART_EndRxTransfer
                0x08004320       0x5c .pio/build/genericSTM32F411CE/SrcWrapper/src/HAL/stm32yyxx_hal_uart.c.o
 .text.HAL_UART_Transmit_IT
                0x0800437c       0x32 .pio/build/genericSTM32F411CE/SrcWrapper/src/HAL/stm32yyxx_hal_uart.c.o
                0x0800437c                HAL_UART_Transmit_IT
 .text.UART_DMAAbortOnError
                0x080043ae       0x10 .pio/build/genericSTM32F411CE/SrcWrapper/src/HAL/stm32yyxx_hal_uart.c.o
 .text.HAL_UARTEx_RxEventCallback
                0x080043be        0x2 .pio/build/genericSTM32F411CE/SrcWrapper/src/HAL/stm32yyxx_hal_uart.c.o
                0x080043be                HAL_UARTEx_RxEventCallback
 .text.UART_Receive_IT.isra.0
                0x080043c0       0xb6 .pio/build/genericSTM32F411CE/SrcWrapper/src/HAL/stm32yyxx_hal_uart.c.o
 *fill*         0x08004476        0x2 
 .text.HAL_UART_IRQHandler
                0x08004478      0x2dc .pio/build/genericSTM32F411CE/SrcWrapper/src/HAL/stm32yyxx_hal_uart.c.o
                0x08004478                HAL_UART_IRQHandler
 .text.HAL_HalfDuplex_EnableTransmitter
                0x08004754       0x30 .pio/build/genericSTM32F411CE/SrcWrapper/src/HAL/stm32yyxx_hal_uart.c.o
                0x08004754                HAL_HalfDuplex_EnableTransmitter
 .text.HAL_HalfDuplex_EnableReceiver
                0x08004784       0x30 .pio/build/genericSTM32F411CE/SrcWrapper/src/HAL/stm32yyxx_hal_uart.c.o
                0x08004784                HAL_HalfDuplex_EnableReceiver
 .text.HAL_UART_GetState
                0x080047b4        0xc .pio/build/genericSTM32F411CE/SrcWrapper/src/HAL/stm32yyxx_hal_uart.c.o
                0x080047b4                HAL_UART_GetState
 .text.UART_Start_Receive_IT
                0x080047c0       0x32 .pio/build/genericSTM32F411CE/SrcWrapper/src/HAL/stm32yyxx_hal_uart.c.o
                0x080047c0                UART_Start_Receive_IT
 .text.HAL_UART_Receive_IT
                0x080047f2       0x22 .pio/build/genericSTM32F411CE/SrcWrapper/src/HAL/stm32yyxx_hal_uart.c.o
                0x080047f2                HAL_UART_Receive_IT
 .text._ZNSt8functionIFvvEEaSEDn.isra.0
                0x08004814       0x16 .pio/build/genericSTM32F411CE/SrcWrapper/src/HardwareTimer.cpp.o
 .text._ZNSt14_Function_baseD2Ev
                0x0800482a       0x12 .pio/build/genericSTM32F411CE/SrcWrapper/src/HardwareTimer.cpp.o
                0x0800482a                std::_Function_base::~_Function_base()
                0x0800482a                std::_Function_base::~_Function_base()
 .text._Z15get_timer_indexP11TIM_TypeDef
                0x0800483c       0x64 .pio/build/genericSTM32F411CE/SrcWrapper/src/HardwareTimer.cpp.o
                0x0800483c                get_timer_index(TIM_TypeDef*)
 .text._ZN13HardwareTimerD2Ev
                0x080048a0       0x40 .pio/build/genericSTM32F411CE/SrcWrapper/src/HardwareTimer.cpp.o
                0x080048a0                HardwareTimer::~HardwareTimer()
                0x080048a0                HardwareTimer::~HardwareTimer()
 .text._ZN13HardwareTimer5setupEP11TIM_TypeDef
                0x080048e0       0x84 .pio/build/genericSTM32F411CE/SrcWrapper/src/HardwareTimer.cpp.o
                0x080048e0                HardwareTimer::setup(TIM_TypeDef*)
 .text.TIM1_UP_TIM10_IRQHandler
                0x08004964       0x24 .pio/build/genericSTM32F411CE/SrcWrapper/src/HardwareTimer.cpp.o
                0x08004964                TIM1_UP_TIM10_IRQHandler
 .text.TIM1_CC_IRQHandler
                0x08004988       0x14 .pio/build/genericSTM32F411CE/SrcWrapper/src/HardwareTimer.cpp.o
                0x08004988                TIM1_CC_IRQHandler
 .text.TIM2_IRQHandler
                0x0800499c       0x14 .pio/build/genericSTM32F411CE/SrcWrapper/src/HardwareTimer.cpp.o
                0x0800499c                TIM2_IRQHandler
 .text.TIM3_IRQHandler
                0x080049b0       0x14 .pio/build/genericSTM32F411CE/SrcWrapper/src/HardwareTimer.cpp.o
                0x080049b0                TIM3_IRQHandler
 .text.TIM4_IRQHandler
                0x080049c4       0x14 .pio/build/genericSTM32F411CE/SrcWrapper/src/HardwareTimer.cpp.o
                0x080049c4                TIM4_IRQHandler
 .text.TIM5_IRQHandler
                0x080049d8       0x14 .pio/build/genericSTM32F411CE/SrcWrapper/src/HardwareTimer.cpp.o
                0x080049d8                TIM5_IRQHandler
 .text.TIM1_BRK_TIM9_IRQHandler
                0x080049ec       0x14 .pio/build/genericSTM32F411CE/SrcWrapper/src/HardwareTimer.cpp.o
                0x080049ec                TIM1_BRK_TIM9_IRQHandler
 .text.TIM1_TRG_COM_TIM11_IRQHandler
                0x08004a00       0x14 .pio/build/genericSTM32F411CE/SrcWrapper/src/HardwareTimer.cpp.o
                0x08004a00                TIM1_TRG_COM_TIM11_IRQHandler
 .text._ZNSt8functionIFvvEEC2Ev
                0x08004a14        0xc .pio/build/genericSTM32F411CE/SrcWrapper/src/HardwareTimer.cpp.o
                0x08004a14                std::function<void ()>::function()
                0x08004a14                std::function<void ()>::function()
 .text._ZN13HardwareTimerC2EP11TIM_TypeDef
                0x08004a20       0x2a .pio/build/genericSTM32F411CE/SrcWrapper/src/HardwareTimer.cpp.o
                0x08004a20                HardwareTimer::HardwareTimer(TIM_TypeDef*)
                0x08004a20                HardwareTimer::HardwareTimer(TIM_TypeDef*)
 .text._ZNKSt8functionIFvvEEclEv
                0x08004a4a       0x12 .pio/build/genericSTM32F411CE/SrcWrapper/src/HardwareTimer.cpp.o
                0x08004a4a                std::function<void ()>::operator()() const
 .text._ZN13HardwareTimer14updateCallbackEP17TIM_HandleTypeDef
                0x08004a5c       0x18 .pio/build/genericSTM32F411CE/SrcWrapper/src/HardwareTimer.cpp.o
                0x08004a5c                HardwareTimer::updateCallback(TIM_HandleTypeDef*)
 .text.HAL_TIM_PeriodElapsedCallback
                0x08004a74        0x4 .pio/build/genericSTM32F411CE/SrcWrapper/src/HardwareTimer.cpp.o
                0x08004a74                HAL_TIM_PeriodElapsedCallback
 .text._ZN13HardwareTimer22captureCompareCallbackEP17TIM_HandleTypeDef
                0x08004a78       0x3e .pio/build/genericSTM32F411CE/SrcWrapper/src/HardwareTimer.cpp.o
                0x08004a78                HardwareTimer::captureCompareCallback(TIM_HandleTypeDef*)
 .text.HAL_TIM_OC_DelayElapsedCallback
                0x08004ab6        0x4 .pio/build/genericSTM32F411CE/SrcWrapper/src/HardwareTimer.cpp.o
                0x08004ab6                HAL_TIM_OC_DelayElapsedCallback
 .text.HAL_TIM_IC_CaptureCallback
                0x08004aba        0x4 .pio/build/genericSTM32F411CE/SrcWrapper/src/HardwareTimer.cpp.o
                0x08004aba                HAL_TIM_IC_CaptureCallback
 .text.USB_CoreReset
                0x08004abe       0x46 .pio/build/genericSTM32F411CE/SrcWrapper/src/LL/stm32yyxx_ll_usb.c.o
 .text.USB_CoreInit
                0x08004b04       0x88 .pio/build/genericSTM32F411CE/SrcWrapper/src/LL/stm32yyxx_ll_usb.c.o
                0x08004b04                USB_CoreInit
 .text.USB_SetTurnaroundTime
                0x08004b8c       0xe0 .pio/build/genericSTM32F411CE/SrcWrapper/src/LL/stm32yyxx_ll_usb.c.o
                0x08004b8c                USB_SetTurnaroundTime
 .text.USB_EnableGlobalInt
                0x08004c6c        0xc .pio/build/genericSTM32F411CE/SrcWrapper/src/LL/stm32yyxx_ll_usb.c.o
                0x08004c6c                USB_EnableGlobalInt
 .text.USB_DisableGlobalInt
                0x08004c78        0xc .pio/build/genericSTM32F411CE/SrcWrapper/src/LL/stm32yyxx_ll_usb.c.o
                0x08004c78                USB_DisableGlobalInt
 .text.USB_SetCurrentMode
                0x08004c84       0x60 .pio/build/genericSTM32F411CE/SrcWrapper/src/LL/stm32yyxx_ll_usb.c.o
                0x08004c84                USB_SetCurrentMode
 .text.USB_FlushTxFifo
                0x08004ce4       0x46 .pio/build/genericSTM32F411CE/SrcWrapper/src/LL/stm32yyxx_ll_usb.c.o
                0x08004ce4                USB_FlushTxFifo
 .text.USB_FlushRxFifo
                0x08004d2a       0x42 .pio/build/genericSTM32F411CE/SrcWrapper/src/LL/stm32yyxx_ll_usb.c.o
                0x08004d2a                USB_FlushRxFifo
 .text.USB_SetDevSpeed
                0x08004d6c        0xe .pio/build/genericSTM32F411CE/SrcWrapper/src/LL/stm32yyxx_ll_usb.c.o
                0x08004d6c                USB_SetDevSpeed
 *fill*         0x08004d7a        0x2 
 .text.USB_DevInit
                0x08004d7c      0x188 .pio/build/genericSTM32F411CE/SrcWrapper/src/LL/stm32yyxx_ll_usb.c.o
                0x08004d7c                USB_DevInit
 .text.USB_GetDevSpeed
                0x08004f04       0x16 .pio/build/genericSTM32F411CE/SrcWrapper/src/LL/stm32yyxx_ll_usb.c.o
                0x08004f04                USB_GetDevSpeed
 .text.USB_ActivateEndpoint
                0x08004f1a       0x7e .pio/build/genericSTM32F411CE/SrcWrapper/src/LL/stm32yyxx_ll_usb.c.o
                0x08004f1a                USB_ActivateEndpoint
 .text.USB_DeactivateEndpoint
                0x08004f98       0xac .pio/build/genericSTM32F411CE/SrcWrapper/src/LL/stm32yyxx_ll_usb.c.o
                0x08004f98                USB_DeactivateEndpoint
 .text.USB_EPStopXfer
                0x08005044       0x84 .pio/build/genericSTM32F411CE/SrcWrapper/src/LL/stm32yyxx_ll_usb.c.o
                0x08005044                USB_EPStopXfer
 .text.USB_WritePacket
                0x080050c8       0x26 .pio/build/genericSTM32F411CE/SrcWrapper/src/LL/stm32yyxx_ll_usb.c.o
                0x080050c8                USB_WritePacket
 *fill*         0x080050ee        0x2 
 .text.USB_EPStartXfer
                0x080050f0      0x204 .pio/build/genericSTM32F411CE/SrcWrapper/src/LL/stm32yyxx_ll_usb.c.o
                0x080050f0                USB_EPStartXfer
 .text.USB_ReadPacket
                0x080052f4       0x40 .pio/build/genericSTM32F411CE/SrcWrapper/src/LL/stm32yyxx_ll_usb.c.o
                0x080052f4                USB_ReadPacket
 .text.USB_EPSetStall
                0x08005334       0x56 .pio/build/genericSTM32F411CE/SrcWrapper/src/LL/stm32yyxx_ll_usb.c.o
                0x08005334                USB_EPSetStall
 .text.USB_EPClearStall
                0x0800538a       0x52 .pio/build/genericSTM32F411CE/SrcWrapper/src/LL/stm32yyxx_ll_usb.c.o
                0x0800538a                USB_EPClearStall
 .text.USB_SetDevAddress
                0x080053dc       0x20 .pio/build/genericSTM32F411CE/SrcWrapper/src/LL/stm32yyxx_ll_usb.c.o
                0x080053dc                USB_SetDevAddress
 .text.USB_DevConnect
                0x080053fc       0x1c .pio/build/genericSTM32F411CE/SrcWrapper/src/LL/stm32yyxx_ll_usb.c.o
                0x080053fc                USB_DevConnect
 .text.USB_DevDisconnect
                0x08005418       0x1c .pio/build/genericSTM32F411CE/SrcWrapper/src/LL/stm32yyxx_ll_usb.c.o
                0x08005418                USB_DevDisconnect
 .text.USB_ReadInterrupts
                0x08005434        0x8 .pio/build/genericSTM32F411CE/SrcWrapper/src/LL/stm32yyxx_ll_usb.c.o
                0x08005434                USB_ReadInterrupts
 .text.USB_ReadDevAllOutEpInterrupt
                0x0800543c       0x10 .pio/build/genericSTM32F411CE/SrcWrapper/src/LL/stm32yyxx_ll_usb.c.o
                0x0800543c                USB_ReadDevAllOutEpInterrupt
 .text.USB_ReadDevAllInEpInterrupt
                0x0800544c       0x10 .pio/build/genericSTM32F411CE/SrcWrapper/src/LL/stm32yyxx_ll_usb.c.o
                0x0800544c                USB_ReadDevAllInEpInterrupt
 .text.USB_ReadDevOutEPInterrupt
                0x0800545c       0x12 .pio/build/genericSTM32F411CE/SrcWrapper/src/LL/stm32yyxx_ll_usb.c.o
                0x0800545c                USB_ReadDevOutEPInterrupt
 .text.USB_ReadDevInEPInterrupt
                0x0800546e       0x22 .pio/build/genericSTM32F411CE/SrcWrapper/src/LL/stm32yyxx_ll_usb.c.o
                0x0800546e                USB_ReadDevInEPInterrupt
 .text.USB_GetMode
                0x08005490        0x8 .pio/build/genericSTM32F411CE/SrcWrapper/src/LL/stm32yyxx_ll_usb.c.o
                0x08005490                USB_GetMode
 .text.USB_ActivateSetup
                0x08005498       0x20 .pio/build/genericSTM32F411CE/SrcWrapper/src/LL/stm32yyxx_ll_usb.c.o
                0x08005498                USB_ActivateSetup
 .text.USB_EP0_OutStart
                0x080054b8       0x4c .pio/build/genericSTM32F411CE/SrcWrapper/src/LL/stm32yyxx_ll_usb.c.o
                0x080054b8                USB_EP0_OutStart
 .text._Znwj    0x08005504        0x4 .pio/build/genericSTM32F411CE/SrcWrapper/src/new.cpp.o
                0x08005504                operator new(unsigned int)
 .text._ZdlPvj  0x08005508        0x4 .pio/build/genericSTM32F411CE/SrcWrapper/src/new.cpp.o
                0x08005508                operator delete(void*, unsigned int)
 .text.set_GPIO_Port_Clock
                0x0800550c       0xd0 .pio/build/genericSTM32F411CE/SrcWrapper/src/stm32/PortNames.c.o
                0x0800550c                set_GPIO_Port_Clock
 .text.pwm_stop
                0x080055dc       0x5c .pio/build/genericSTM32F411CE/SrcWrapper/src/stm32/analog.cpp.o
                0x080055dc                pwm_stop
 .text.getCurrentMillis
                0x08005638        0x4 .pio/build/genericSTM32F411CE/SrcWrapper/src/stm32/clock.c.o
                0x08005638                getCurrentMillis
 .text.noOsSystickHandler
                0x0800563c        0x2 .pio/build/genericSTM32F411CE/SrcWrapper/src/stm32/clock.c.o
                0x0800563c                osSystickHandler
                0x0800563c                noOsSystickHandler
 .text.SysTick_Handler
                0x0800563e       0x10 .pio/build/genericSTM32F411CE/SrcWrapper/src/stm32/clock.c.o
                0x0800563e                SysTick_Handler
 .text.configHSECapacitorTuning
                0x0800564e        0x2 .pio/build/genericSTM32F411CE/SrcWrapper/src/stm32/clock.c.o
                0x0800564e                configHSECapacitorTuning
 .text.configIPClock
                0x08005650       0x4c .pio/build/genericSTM32F411CE/SrcWrapper/src/stm32/clock.c.o
                0x08005650                configIPClock
 .text.dwt_init
                0x0800569c       0x3c .pio/build/genericSTM32F411CE/SrcWrapper/src/stm32/dwt.c.o
                0x0800569c                dwt_init
 .text.hw_config_init
                0x080056d8       0x28 .pio/build/genericSTM32F411CE/SrcWrapper/src/stm32/hw_config.c.o
                0x080056d8                hw_config_init
 .text.startup._ZNSt8functionIFvvEEC2EDn.constprop.0.isra.0
                0x08005700        0xc .pio/build/genericSTM32F411CE/SrcWrapper/src/stm32/interrupt.cpp.o
 .text.HAL_GPIO_EXTI_Callback
                0x0800570c       0x2c .pio/build/genericSTM32F411CE/SrcWrapper/src/stm32/interrupt.cpp.o
                0x0800570c                HAL_GPIO_EXTI_Callback
 .text.EXTI0_IRQHandler
                0x08005738        0x6 .pio/build/genericSTM32F411CE/SrcWrapper/src/stm32/interrupt.cpp.o
                0x08005738                EXTI0_IRQHandler
 .text.EXTI1_IRQHandler
                0x0800573e        0x6 .pio/build/genericSTM32F411CE/SrcWrapper/src/stm32/interrupt.cpp.o
                0x0800573e                EXTI1_IRQHandler
 .text.EXTI2_IRQHandler
                0x08005744        0x6 .pio/build/genericSTM32F411CE/SrcWrapper/src/stm32/interrupt.cpp.o
                0x08005744                EXTI2_IRQHandler
 .text.EXTI3_IRQHandler
                0x0800574a        0x6 .pio/build/genericSTM32F411CE/SrcWrapper/src/stm32/interrupt.cpp.o
                0x0800574a                EXTI3_IRQHandler
 .text.EXTI4_IRQHandler
                0x08005750        0x6 .pio/build/genericSTM32F411CE/SrcWrapper/src/stm32/interrupt.cpp.o
                0x08005750                EXTI4_IRQHandler
 .text.EXTI9_5_IRQHandler
                0x08005756       0x16 .pio/build/genericSTM32F411CE/SrcWrapper/src/stm32/interrupt.cpp.o
                0x08005756                EXTI9_5_IRQHandler
 .text.EXTI15_10_IRQHandler
                0x0800576c       0x18 .pio/build/genericSTM32F411CE/SrcWrapper/src/stm32/interrupt.cpp.o
                0x0800576c                EXTI15_10_IRQHandler
 .text.startup._GLOBAL__sub_I__Z22stm32_interrupt_enableP12GPIO_TypeDeftSt8functionIFvvEEm
                0x08005784       0xd8 .pio/build/genericSTM32F411CE/SrcWrapper/src/stm32/interrupt.cpp.o
 .text.exit._GLOBAL__sub_D__Z22stm32_interrupt_enableP12GPIO_TypeDeftSt8functionIFvvEEm
                0x0800585c       0x1c .pio/build/genericSTM32F411CE/SrcWrapper/src/stm32/interrupt.cpp.o
 .text.LL_GPIO_SetPinPull
                0x08005878       0x2a .pio/build/genericSTM32F411CE/SrcWrapper/src/stm32/pinmap.c.o
 .text.pin_in_pinmap
                0x080058a2       0x1e .pio/build/genericSTM32F411CE/SrcWrapper/src/stm32/pinmap.c.o
                0x080058a2                pin_in_pinmap
 .text.pin_function
                0x080058c0      0x11c .pio/build/genericSTM32F411CE/SrcWrapper/src/stm32/pinmap.c.o
                0x080058c0                pin_function
 .text.pinmap_pinout
                0x080059dc       0x1a .pio/build/genericSTM32F411CE/SrcWrapper/src/stm32/pinmap.c.o
                0x080059dc                pinmap_pinout
 .text.pinmap_find_peripheral
                0x080059f6       0x16 .pio/build/genericSTM32F411CE/SrcWrapper/src/stm32/pinmap.c.o
                0x080059f6                pinmap_find_peripheral
 .text.pinmap_peripheral
                0x08005a0c        0xc .pio/build/genericSTM32F411CE/SrcWrapper/src/stm32/pinmap.c.o
                0x08005a0c                pinmap_peripheral
 .text.pinmap_find_pin
                0x08005a18       0x16 .pio/build/genericSTM32F411CE/SrcWrapper/src/stm32/pinmap.c.o
                0x08005a18                pinmap_find_pin
 .text.pinmap_pin
                0x08005a2e        0xc .pio/build/genericSTM32F411CE/SrcWrapper/src/stm32/pinmap.c.o
                0x08005a2e                pinmap_pin
 .text.pinmap_merge_peripheral
                0x08005a3a       0x14 .pio/build/genericSTM32F411CE/SrcWrapper/src/stm32/pinmap.c.o
                0x08005a3a                pinmap_merge_peripheral
 *fill*         0x08005a4e        0x2 
 .text.SystemInit
                0x08005a50       0x50 .pio/build/genericSTM32F411CE/SrcWrapper/src/stm32/system_stm32yyxx.c.o
                0x08005a50                SystemInit
 .text.get_timer_obj
                0x08005aa0        0x4 .pio/build/genericSTM32F411CE/SrcWrapper/src/stm32/timer.c.o
                0x08005aa0                get_timer_obj
 .text.enableTimerClock
                0x08005aa4      0x128 .pio/build/genericSTM32F411CE/SrcWrapper/src/stm32/timer.c.o
                0x08005aa4                enableTimerClock
 .text.disableTimerClock
                0x08005bcc       0xb4 .pio/build/genericSTM32F411CE/SrcWrapper/src/stm32/timer.c.o
                0x08005bcc                disableTimerClock
 .text.getTimerUpIrq
                0x08005c80       0x74 .pio/build/genericSTM32F411CE/SrcWrapper/src/stm32/timer.c.o
                0x08005c80                getTimerUpIrq
 .text.getTimerCCIrq
                0x08005cf4       0x78 .pio/build/genericSTM32F411CE/SrcWrapper/src/stm32/timer.c.o
                0x08005cf4                getTimerCCIrq
 .text.HAL_TIM_Base_MspInit
                0x08005d6c       0x4e .pio/build/genericSTM32F411CE/SrcWrapper/src/stm32/timer.c.o
                0x08005d6c                HAL_TIM_Base_MspInit
 *fill*         0x08005dba        0x2 
 .text.serial_rx_active
                0x08005dbc       0x24 .pio/build/genericSTM32F411CE/SrcWrapper/src/stm32/uart.c.o
                0x08005dbc                serial_rx_active
 .text.serial_tx_active
                0x08005de0       0x24 .pio/build/genericSTM32F411CE/SrcWrapper/src/stm32/uart.c.o
                0x08005de0                serial_tx_active
 .text.uart_attach_tx_callback
                0x08005e04       0x40 .pio/build/genericSTM32F411CE/SrcWrapper/src/stm32/uart.c.o
                0x08005e04                uart_attach_tx_callback
 .text.uart_enable_tx
                0x08005e44       0x1c .pio/build/genericSTM32F411CE/SrcWrapper/src/stm32/uart.c.o
                0x08005e44                uart_enable_tx
 .text.uart_enable_rx
                0x08005e60       0x1c .pio/build/genericSTM32F411CE/SrcWrapper/src/stm32/uart.c.o
                0x08005e60                uart_enable_rx
 .text.HAL_UART_RxCpltCallback
                0x08005e7c        0x6 .pio/build/genericSTM32F411CE/SrcWrapper/src/stm32/uart.c.o
                0x08005e7c                HAL_UART_RxCpltCallback
 .text.HAL_UART_TxCpltCallback
                0x08005e82        0x6 .pio/build/genericSTM32F411CE/SrcWrapper/src/stm32/uart.c.o
                0x08005e82                HAL_UART_TxCpltCallback
 .text.HAL_UART_ErrorCallback
                0x08005e88       0x7c .pio/build/genericSTM32F411CE/SrcWrapper/src/stm32/uart.c.o
                0x08005e88                HAL_UART_ErrorCallback
 .text.USART1_IRQHandler
                0x08005f04       0x18 .pio/build/genericSTM32F411CE/SrcWrapper/src/stm32/uart.c.o
                0x08005f04                USART1_IRQHandler
 .text.USART2_IRQHandler
                0x08005f1c       0x1c .pio/build/genericSTM32F411CE/SrcWrapper/src/stm32/uart.c.o
                0x08005f1c                USART2_IRQHandler
 .text.USART6_IRQHandler
                0x08005f38       0x18 .pio/build/genericSTM32F411CE/SrcWrapper/src/stm32/uart.c.o
                0x08005f38                USART6_IRQHandler
 .text._sbrk    0x08005f50       0x3c .pio/build/genericSTM32F411CE/SrcWrapper/src/syscalls.c.o
                0x08005f50                _sbrk
 .text._exit    0x08005f8c        0x2 .pio/build/genericSTM32F411CE/SrcWrapper/src/syscalls.c.o
                0x08005f8c                _exit
 *fill*         0x08005f8e        0x2 
 .text._kill    0x08005f90       0x10 .pio/build/genericSTM32F411CE/SrcWrapper/src/syscalls.c.o
                0x08005f90                _kill
 .text._getpid  0x08005fa0        0x4 .pio/build/genericSTM32F411CE/SrcWrapper/src/syscalls.c.o
                0x08005fa0                _getpid
 .text._Z10setReportsv
                0x08005fa4       0x50 .pio/build/genericSTM32F411CE/src/main.cpp.o
                0x08005fa4                setReports()
 .text.setup    0x08005ff4      0x1c4 .pio/build/genericSTM32F411CE/src/main.cpp.o
                0x08005ff4                setup
 .text._Z13printActivityh
                0x080061b8       0x94 .pio/build/genericSTM32F411CE/src/main.cpp.o
                0x080061b8                printActivity(unsigned char)
 .text.loop     0x0800624c      0x380 .pio/build/genericSTM32F411CE/src/main.cpp.o
                0x0800624c                loop
 .text.startup._GLOBAL__sub_I_sensor0
                0x080065cc       0xe0 .pio/build/genericSTM32F411CE/src/main.cpp.o
 .text.exit._GLOBAL__sub_D_sensor0
                0x080066ac        0xc .pio/build/genericSTM32F411CE/src/main.cpp.o
 .text._ZN5Print17availableForWriteEv
                0x080066b8        0x4 .pio/build/genericSTM32F411CE/libe3c/libWire.a(Wire.cpp.o)
                0x080066b8                Print::availableForWrite()
 .text._ZN7TwoWire9availableEv
                0x080066bc        0x8 .pio/build/genericSTM32F411CE/libe3c/libWire.a(Wire.cpp.o)
                0x080066bc                TwoWire::available()
 .text._ZN7TwoWire4readEv
                0x080066c4       0x1a .pio/build/genericSTM32F411CE/libe3c/libWire.a(Wire.cpp.o)
                0x080066c4                TwoWire::read()
 .text._ZN7TwoWire4peekEv
                0x080066de       0x12 .pio/build/genericSTM32F411CE/libe3c/libWire.a(Wire.cpp.o)
                0x080066de                TwoWire::peek()
 .text._ZN7TwoWire16onRequestServiceEP5i2c_s
                0x080066f0       0x16 .pio/build/genericSTM32F411CE/libe3c/libWire.a(Wire.cpp.o)
                0x080066f0                TwoWire::onRequestService(i2c_s*)
 *fill*         0x08006706        0x2 
 .text._ZN7TwoWireC2Emm
                0x08006708       0xcc .pio/build/genericSTM32F411CE/libe3c/libWire.a(Wire.cpp.o)
                0x08006708                TwoWire::TwoWire(unsigned long, unsigned long)
                0x08006708                TwoWire::TwoWire(unsigned long, unsigned long)
 .text._ZN7TwoWire3endEv
                0x080067d4       0x28 .pio/build/genericSTM32F411CE/libe3c/libWire.a(Wire.cpp.o)
                0x080067d4                TwoWire::end()
 .text._ZN7TwoWireD2Ev
                0x080067fc       0x28 .pio/build/genericSTM32F411CE/libe3c/libWire.a(Wire.cpp.o)
                0x080067fc                TwoWire::~TwoWire()
                0x080067fc                TwoWire::~TwoWire()
 .text._ZN7TwoWire17beginTransmissionEh
                0x08006824       0x10 .pio/build/genericSTM32F411CE/libe3c/libWire.a(Wire.cpp.o)
                0x08006824                TwoWire::beginTransmission(unsigned char)
 .text._ZN7TwoWire17beginTransmissionEi
                0x08006834       0x10 .pio/build/genericSTM32F411CE/libe3c/libWire.a(Wire.cpp.o)
                0x08006834                TwoWire::beginTransmission(int)
 .text._ZN7TwoWire16allocateRxBufferEj
                0x08006844       0x24 .pio/build/genericSTM32F411CE/libe3c/libWire.a(Wire.cpp.o)
                0x08006844                TwoWire::allocateRxBuffer(unsigned int)
 .text._ZN7TwoWire16onReceiveServiceEP5i2c_s
                0x08006868       0x4c .pio/build/genericSTM32F411CE/libe3c/libWire.a(Wire.cpp.o)
                0x08006868                TwoWire::onReceiveService(i2c_s*)
 .text._ZN7TwoWire16allocateTxBufferEj
                0x080068b4       0x32 .pio/build/genericSTM32F411CE/libe3c/libWire.a(Wire.cpp.o)
                0x080068b4                TwoWire::allocateTxBuffer(unsigned int)
 .text._ZN7TwoWire5writeEh
                0x080068e6       0x42 .pio/build/genericSTM32F411CE/libe3c/libWire.a(Wire.cpp.o)
                0x080068e6                TwoWire::write(unsigned char)
 .text._ZN7TwoWire5writeEPKhj
                0x08006928       0x42 .pio/build/genericSTM32F411CE/libe3c/libWire.a(Wire.cpp.o)
                0x08006928                TwoWire::write(unsigned char const*, unsigned int)
 .text._ZN7TwoWire13resetRxBufferEv
                0x0800696a       0x10 .pio/build/genericSTM32F411CE/libe3c/libWire.a(Wire.cpp.o)
                0x0800696a                TwoWire::resetRxBuffer()
 .text._ZN7TwoWire13resetTxBufferEv
                0x0800697a       0x10 .pio/build/genericSTM32F411CE/libe3c/libWire.a(Wire.cpp.o)
                0x0800697a                TwoWire::resetTxBuffer()
 .text._ZN7TwoWire15endTransmissionEh
                0x0800698a       0x46 .pio/build/genericSTM32F411CE/libe3c/libWire.a(Wire.cpp.o)
                0x0800698a                TwoWire::endTransmission(unsigned char)
 .text._ZN7TwoWire11requestFromEhhmhh
                0x080069d0       0x94 .pio/build/genericSTM32F411CE/libe3c/libWire.a(Wire.cpp.o)
                0x080069d0                TwoWire::requestFrom(unsigned char, unsigned char, unsigned long, unsigned char, unsigned char)
 .text._ZN7TwoWire11requestFromEhhh
                0x08006a64       0x12 .pio/build/genericSTM32F411CE/libe3c/libWire.a(Wire.cpp.o)
                0x08006a64                TwoWire::requestFrom(unsigned char, unsigned char, unsigned char)
 .text._ZN7TwoWire11requestFromEii
                0x08006a76        0xa .pio/build/genericSTM32F411CE/libe3c/libWire.a(Wire.cpp.o)
                0x08006a76                TwoWire::requestFrom(int, int)
 .text._ZN7TwoWire15endTransmissionEv
                0x08006a80        0x6 .pio/build/genericSTM32F411CE/libe3c/libWire.a(Wire.cpp.o)
                0x08006a80                TwoWire::endTransmission()
 .text._ZN7TwoWire5flushEv
                0x08006a86       0x18 .pio/build/genericSTM32F411CE/libe3c/libWire.a(Wire.cpp.o)
                0x08006a86                TwoWire::flush()
 *fill*         0x08006a9e        0x2 
 .text._ZN7TwoWire10recoverBusEv
                0x08006aa0       0xcc .pio/build/genericSTM32F411CE/libe3c/libWire.a(Wire.cpp.o)
                0x08006aa0                TwoWire::recoverBus()
 .text._ZN7TwoWire5beginEhbb
                0x08006b6c       0x98 .pio/build/genericSTM32F411CE/libe3c/libWire.a(Wire.cpp.o)
                0x08006b6c                TwoWire::begin(unsigned char, bool, bool)
 .text._ZN7TwoWire5beginEb
                0x08006c04        0xa .pio/build/genericSTM32F411CE/libe3c/libWire.a(Wire.cpp.o)
                0x08006c04                TwoWire::begin(bool)
 *fill*         0x08006c0e        0x2 
 .text.startup._GLOBAL__sub_I__ZN7TwoWireC2Emm
                0x08006c10       0x10 .pio/build/genericSTM32F411CE/libe3c/libWire.a(Wire.cpp.o)
 .text.exit._GLOBAL__sub_D__ZN7TwoWireC2Emm
                0x08006c20        0xc .pio/build/genericSTM32F411CE/libe3c/libWire.a(Wire.cpp.o)
 .text.i2c_init
                0x08006c2c      0x1bc .pio/build/genericSTM32F411CE/libe3c/libWire.a(twi.c.o)
                0x08006c2c                i2c_init
 .text.i2c_deinit
                0x08006de8       0xa0 .pio/build/genericSTM32F411CE/libe3c/libWire.a(twi.c.o)
                0x08006de8                i2c_deinit
 .text.i2c_slave_write_IT
                0x08006e88       0x34 .pio/build/genericSTM32F411CE/libe3c/libWire.a(twi.c.o)
                0x08006e88                i2c_slave_write_IT
 .text.i2c_master_read
                0x08006ebc       0x8e .pio/build/genericSTM32F411CE/libe3c/libWire.a(twi.c.o)
                0x08006ebc                i2c_master_read
 .text.i2c_IsDeviceReady
                0x08006f4a       0x40 .pio/build/genericSTM32F411CE/libe3c/libWire.a(twi.c.o)
                0x08006f4a                i2c_IsDeviceReady
 .text.i2c_master_write
                0x08006f8a       0xa2 .pio/build/genericSTM32F411CE/libe3c/libWire.a(twi.c.o)
                0x08006f8a                i2c_master_write
 .text.i2c_attachSlaveRxEvent
                0x0800702c        0xe .pio/build/genericSTM32F411CE/libe3c/libWire.a(twi.c.o)
                0x0800702c                i2c_attachSlaveRxEvent
 .text.i2c_attachSlaveTxEvent
                0x0800703a        0xe .pio/build/genericSTM32F411CE/libe3c/libWire.a(twi.c.o)
                0x0800703a                i2c_attachSlaveTxEvent
 .text.HAL_I2C_AddrCallback
                0x08007048       0x68 .pio/build/genericSTM32F411CE/libe3c/libWire.a(twi.c.o)
                0x08007048                HAL_I2C_AddrCallback
 .text.HAL_I2C_ListenCpltCallback
                0x080070b0       0x2a .pio/build/genericSTM32F411CE/libe3c/libWire.a(twi.c.o)
                0x080070b0                HAL_I2C_ListenCpltCallback
 .text.HAL_I2C_SlaveRxCpltCallback
                0x080070da       0x24 .pio/build/genericSTM32F411CE/libe3c/libWire.a(twi.c.o)
                0x080070da                HAL_I2C_SlaveRxCpltCallback
 .text.HAL_I2C_SlaveTxCpltCallback
                0x080070fe        0x8 .pio/build/genericSTM32F411CE/libe3c/libWire.a(twi.c.o)
                0x080070fe                HAL_I2C_SlaveTxCpltCallback
 .text.HAL_I2C_ErrorCallback
                0x08007106        0xc .pio/build/genericSTM32F411CE/libe3c/libWire.a(twi.c.o)
                0x08007106                HAL_I2C_ErrorCallback
 *fill*         0x08007112        0x2 
 .text.I2C1_EV_IRQHandler
                0x08007114        0xc .pio/build/genericSTM32F411CE/libe3c/libWire.a(twi.c.o)
                0x08007114                I2C1_EV_IRQHandler
 .text.I2C1_ER_IRQHandler
                0x08007120        0xc .pio/build/genericSTM32F411CE/libe3c/libWire.a(twi.c.o)
                0x08007120                I2C1_ER_IRQHandler
 .text.I2C2_EV_IRQHandler
                0x0800712c        0xc .pio/build/genericSTM32F411CE/libe3c/libWire.a(twi.c.o)
                0x0800712c                I2C2_EV_IRQHandler
 .text.I2C2_ER_IRQHandler
                0x08007138        0xc .pio/build/genericSTM32F411CE/libe3c/libWire.a(twi.c.o)
                0x08007138                I2C2_ER_IRQHandler
 .text.I2C3_EV_IRQHandler
                0x08007144        0xc .pio/build/genericSTM32F411CE/libe3c/libWire.a(twi.c.o)
                0x08007144                I2C3_EV_IRQHandler
 .text.I2C3_ER_IRQHandler
                0x08007150        0xc .pio/build/genericSTM32F411CE/libe3c/libWire.a(twi.c.o)
                0x08007150                I2C3_ER_IRQHandler
 .text._ZN7TwoWire5writeEi.isra.0
                0x0800715c        0x8 .pio/build/genericSTM32F411CE/libf06/libBlueRobotics MS5837 Library.a(MS5837.cpp.o)
 .text._ZN6MS5837C2Ev
                0x08007164        0xc .pio/build/genericSTM32F411CE/libf06/libBlueRobotics MS5837 Library.a(MS5837.cpp.o)
                0x08007164                MS5837::MS5837()
                0x08007164                MS5837::MS5837()
 .text._ZN6MS58378setModelEh
                0x08007170        0x6 .pio/build/genericSTM32F411CE/libf06/libBlueRobotics MS5837 Library.a(MS5837.cpp.o)
                0x08007170                MS5837::setModel(unsigned char)
 .text._ZN6MS583715setFluidDensityEf
                0x08007176        0x6 .pio/build/genericSTM32F411CE/libf06/libBlueRobotics MS5837 Library.a(MS5837.cpp.o)
                0x08007176                MS5837::setFluidDensity(float)
 .text._ZN6MS58379calculateEv
                0x0800717c      0x208 .pio/build/genericSTM32F411CE/libf06/libBlueRobotics MS5837 Library.a(MS5837.cpp.o)
                0x0800717c                MS5837::calculate()
 .text._ZN6MS58378pressureEf
                0x08007384       0x28 .pio/build/genericSTM32F411CE/libf06/libBlueRobotics MS5837 Library.a(MS5837.cpp.o)
                0x08007384                MS5837::pressure(float)
 .text._ZN6MS58374crc4EPt
                0x080073ac       0x4e .pio/build/genericSTM32F411CE/libf06/libBlueRobotics MS5837 Library.a(MS5837.cpp.o)
                0x080073ac                MS5837::crc4(unsigned short*)
 *fill*         0x080073fa        0x2 
 .text._ZN6MS58374initEv
                0x080073fc       0x80 .pio/build/genericSTM32F411CE/libf06/libBlueRobotics MS5837 Library.a(MS5837.cpp.o)
                0x080073fc                MS5837::init()
 .text._ZN6MS58374readEv
                0x0800747c       0xd8 .pio/build/genericSTM32F411CE/libf06/libBlueRobotics MS5837 Library.a(MS5837.cpp.o)
                0x0800747c                MS5837::read()
 .text._ZN8TCA9548AC2Eh
                0x08007554        0x4 .pio/build/genericSTM32F411CE/libc01/libTCA9548A.a(TCA9548A.cpp.o)
                0x08007554                TCA9548A::TCA9548A(unsigned char)
                0x08007554                TCA9548A::TCA9548A(unsigned char)
 .text._ZN8TCA9548A5beginER7TwoWire
                0x08007558        0xc .pio/build/genericSTM32F411CE/libc01/libTCA9548A.a(TCA9548A.cpp.o)
                0x08007558                TCA9548A::begin(TwoWire&)
 .text._ZN8TCA9548A5writeEh
                0x08007564       0x24 .pio/build/genericSTM32F411CE/libc01/libTCA9548A.a(TCA9548A.cpp.o)
                0x08007564                TCA9548A::write(unsigned char)
 .text._ZN8TCA9548A11openChannelEh
                0x08007588       0x10 .pio/build/genericSTM32F411CE/libc01/libTCA9548A.a(TCA9548A.cpp.o)
                0x08007588                TCA9548A::openChannel(unsigned char)
 .text._ZN8TCA9548A12closeChannelEh
                0x08007598       0x10 .pio/build/genericSTM32F411CE/libc01/libTCA9548A.a(TCA9548A.cpp.o)
                0x08007598                TCA9548A::closeChannel(unsigned char)
 .text._ZN8TCA9548A8closeAllEv
                0x080075a8        0x8 .pio/build/genericSTM32F411CE/libc01/libTCA9548A.a(TCA9548A.cpp.o)
                0x080075a8                TCA9548A::closeAll()
 .text._ZL12i2chal_closeP9sh2_Hal_s
                0x080075b0        0x2 .pio/build/genericSTM32F411CE/lib242/libAdafruit BNO08x.a(Adafruit_BNO08x.cpp.o)
 *fill*         0x080075b2        0x2 
 .text._ZL12hal_callbackPvP14sh2_AsyncEvent
                0x080075b4       0x10 .pio/build/genericSTM32F411CE/lib242/libAdafruit BNO08x.a(Adafruit_BNO08x.cpp.o)
 .text._ZL13hal_getTimeUsP9sh2_Hal_s
                0x080075c4        0xe .pio/build/genericSTM32F411CE/lib242/libAdafruit BNO08x.a(Adafruit_BNO08x.cpp.o)
 *fill*         0x080075d2        0x2 
 .text._ZL12i2chal_writeP9sh2_Hal_sPhj
                0x080075d4       0x30 .pio/build/genericSTM32F411CE/lib242/libAdafruit BNO08x.a(Adafruit_BNO08x.cpp.o)
 .text._ZL11i2chal_readP9sh2_Hal_sPhjPm
                0x08007604       0xb8 .pio/build/genericSTM32F411CE/lib242/libAdafruit BNO08x.a(Adafruit_BNO08x.cpp.o)
 .text._ZL11i2chal_openP9sh2_Hal_s
                0x080076bc       0x50 .pio/build/genericSTM32F411CE/lib242/libAdafruit BNO08x.a(Adafruit_BNO08x.cpp.o)
 .text._ZL17hal_hardwareResetv
                0x0800770c       0x4c .pio/build/genericSTM32F411CE/lib242/libAdafruit BNO08x.a(Adafruit_BNO08x.cpp.o)
 .text._ZL13sensorHandlerPvP15sh2_SensorEvent
                0x08007758       0x2c .pio/build/genericSTM32F411CE/lib242/libAdafruit BNO08x.a(Adafruit_BNO08x.cpp.o)
 .text._ZN15Adafruit_BNO08x5_initEl
                0x08007784       0x44 .pio/build/genericSTM32F411CE/lib242/libAdafruit BNO08x.a(Adafruit_BNO08x.cpp.o)
                0x08007784                Adafruit_BNO08x::_init(long)
 .text._ZN15Adafruit_BNO08xC2Ea
                0x080077c8       0x14 .pio/build/genericSTM32F411CE/lib242/libAdafruit BNO08x.a(Adafruit_BNO08x.cpp.o)
                0x080077c8                Adafruit_BNO08x::Adafruit_BNO08x(signed char)
                0x080077c8                Adafruit_BNO08x::Adafruit_BNO08x(signed char)
 .text._ZN15Adafruit_BNO08xD2Ev
                0x080077dc        0x2 .pio/build/genericSTM32F411CE/lib242/libAdafruit BNO08x.a(Adafruit_BNO08x.cpp.o)
                0x080077dc                Adafruit_BNO08x::~Adafruit_BNO08x()
                0x080077dc                Adafruit_BNO08x::~Adafruit_BNO08x()
 *fill*         0x080077de        0x2 
 .text._ZN15Adafruit_BNO08x9begin_I2CEhP7TwoWirel
                0x080077e0       0x8c .pio/build/genericSTM32F411CE/lib242/libAdafruit BNO08x.a(Adafruit_BNO08x.cpp.o)
                0x080077e0                Adafruit_BNO08x::begin_I2C(unsigned char, TwoWire*, long)
 .text._ZN15Adafruit_BNO08x8wasResetEv
                0x0800786c       0x10 .pio/build/genericSTM32F411CE/lib242/libAdafruit BNO08x.a(Adafruit_BNO08x.cpp.o)
                0x0800786c                Adafruit_BNO08x::wasReset()
 .text._ZN15Adafruit_BNO08x14getSensorEventEP15sh2_SensorValue
                0x0800787c       0x30 .pio/build/genericSTM32F411CE/lib242/libAdafruit BNO08x.a(Adafruit_BNO08x.cpp.o)
                0x0800787c                Adafruit_BNO08x::getSensorEvent(sh2_SensorValue*)
 .text._ZN15Adafruit_BNO08x12enableReportEhm
                0x080078ac       0x24 .pio/build/genericSTM32F411CE/lib242/libAdafruit BNO08x.a(Adafruit_BNO08x.cpp.o)
                0x080078ac                Adafruit_BNO08x::enableReport(unsigned char, unsigned long)
 .text.opRx     0x080078d0        0xe .pio/build/genericSTM32F411CE/lib242/libAdafruit BNO08x.a(sh2.c.o)
 .text.executableAdvertHdlr
                0x080078de        0x2 .pio/build/genericSTM32F411CE/lib242/libAdafruit BNO08x.a(sh2.c.o)
 .text.shtpEventCallback
                0x080078e0       0x24 .pio/build/genericSTM32F411CE/lib242/libAdafruit BNO08x.a(sh2.c.o)
 .text.sendCtrl
                0x08007904        0xc .pio/build/genericSTM32F411CE/lib242/libAdafruit BNO08x.a(sh2.c.o)
 .text.getProdIdStart
                0x08007910       0x1e .pio/build/genericSTM32F411CE/lib242/libAdafruit BNO08x.a(sh2.c.o)
 .text.setSensorConfigStart
                0x0800792e       0x76 .pio/build/genericSTM32F411CE/lib242/libAdafruit BNO08x.a(sh2.c.o)
 .text.sensorhubInputGyroRvHdlr
                0x080079a4       0x6e .pio/build/genericSTM32F411CE/lib242/libAdafruit BNO08x.a(sh2.c.o)
 *fill*         0x08007a12        0x2 
 .text.sensorhubAdvertHdlr
                0x08007a14       0x78 .pio/build/genericSTM32F411CE/lib242/libAdafruit BNO08x.a(sh2.c.o)
 .text.sensorhubControlHdlr
                0x08007a8c       0xc4 .pio/build/genericSTM32F411CE/lib242/libAdafruit BNO08x.a(sh2.c.o)
 .text.executableDeviceHdlr
                0x08007b50       0x30 .pio/build/genericSTM32F411CE/lib242/libAdafruit BNO08x.a(sh2.c.o)
 .text.getProdIdRx
                0x08007b80       0x78 .pio/build/genericSTM32F411CE/lib242/libAdafruit BNO08x.a(sh2.c.o)
 .text.opProcess.constprop.0
                0x08007bf8       0x64 .pio/build/genericSTM32F411CE/lib242/libAdafruit BNO08x.a(sh2.c.o)
 .text.sensorhubInputHdlr
                0x08007c5c       0xe8 .pio/build/genericSTM32F411CE/lib242/libAdafruit BNO08x.a(sh2.c.o)
 .text.sensorhubInputNormalHdlr
                0x08007d44        0x4 .pio/build/genericSTM32F411CE/lib242/libAdafruit BNO08x.a(sh2.c.o)
 .text.sensorhubInputWakeHdlr
                0x08007d48        0x4 .pio/build/genericSTM32F411CE/lib242/libAdafruit BNO08x.a(sh2.c.o)
 .text.sh2_open
                0x08007d4c      0x104 .pio/build/genericSTM32F411CE/lib242/libAdafruit BNO08x.a(sh2.c.o)
                0x08007d4c                sh2_open
 .text.sh2_service
                0x08007e50        0xc .pio/build/genericSTM32F411CE/lib242/libAdafruit BNO08x.a(sh2.c.o)
                0x08007e50                sh2_service
 .text.sh2_setSensorCallback
                0x08007e5c       0x10 .pio/build/genericSTM32F411CE/lib242/libAdafruit BNO08x.a(sh2.c.o)
                0x08007e5c                sh2_setSensorCallback
 .text.sh2_getProdIds
                0x08007e6c       0x1c .pio/build/genericSTM32F411CE/lib242/libAdafruit BNO08x.a(sh2.c.o)
                0x08007e6c                sh2_getProdIds
 .text.sh2_setSensorConfig
                0x08007e88       0x20 .pio/build/genericSTM32F411CE/lib242/libAdafruit BNO08x.a(sh2.c.o)
                0x08007e88                sh2_setSensorConfig
 .text.decodeAccelerometer
                0x08007ea8       0x64 .pio/build/genericSTM32F411CE/lib242/libAdafruit BNO08x.a(sh2_SensorValue.c.o)
 .text.decodeRotationVector
                0x08007f0c       0x90 .pio/build/genericSTM32F411CE/lib242/libAdafruit BNO08x.a(sh2_SensorValue.c.o)
 .text.decodeGameRotationVector
                0x08007f9c       0x7c .pio/build/genericSTM32F411CE/lib242/libAdafruit BNO08x.a(sh2_SensorValue.c.o)
 .text.decodeRawAccelerometer
                0x08008018       0x32 .pio/build/genericSTM32F411CE/lib242/libAdafruit BNO08x.a(sh2_SensorValue.c.o)
 *fill*         0x0800804a        0x2 
 .text.sh2_decodeSensorEvent
                0x0800804c      0x3fc .pio/build/genericSTM32F411CE/lib242/libAdafruit BNO08x.a(sh2_SensorValue.c.o)
                0x0800804c                sh2_decodeSensorEvent
 .text.readu8   0x08008448        0x4 .pio/build/genericSTM32F411CE/lib242/libAdafruit BNO08x.a(sh2_util.c.o)
                0x08008448                readu8
 .text.readu16  0x0800844c        0x4 .pio/build/genericSTM32F411CE/lib242/libAdafruit BNO08x.a(sh2_util.c.o)
                0x0800844c                readu16
 .text.readu32  0x08008450        0x4 .pio/build/genericSTM32F411CE/lib242/libAdafruit BNO08x.a(sh2_util.c.o)
                0x08008450                readu32
 .text.read16   0x08008454        0x6 .pio/build/genericSTM32F411CE/lib242/libAdafruit BNO08x.a(sh2_util.c.o)
                0x08008454                read16
 .text.read32   0x0800845a        0x4 .pio/build/genericSTM32F411CE/lib242/libAdafruit BNO08x.a(sh2_util.c.o)
                0x0800845a                read32
 .text.callAdvertHandler
                0x0800845e       0x3a .pio/build/genericSTM32F411CE/lib242/libAdafruit BNO08x.a(shtp.c.o)
 .text.updateCallbacks
                0x08008498       0x68 .pio/build/genericSTM32F411CE/lib242/libAdafruit BNO08x.a(shtp.c.o)
 .text.addApp   0x08008500       0x50 .pio/build/genericSTM32F411CE/lib242/libAdafruit BNO08x.a(shtp.c.o)
 .text.shtpAdvertHdlr
                0x08008550       0x24 .pio/build/genericSTM32F411CE/lib242/libAdafruit BNO08x.a(shtp.c.o)
 .text.shtpCmdListener
                0x08008574      0x1b8 .pio/build/genericSTM32F411CE/lib242/libAdafruit BNO08x.a(shtp.c.o)
 .text.shtp_setEventCallback
                0x0800872c        0x6 .pio/build/genericSTM32F411CE/lib242/libAdafruit BNO08x.a(shtp.c.o)
                0x0800872c                shtp_setEventCallback
 .text.shtp_listenChan
                0x08008732       0x50 .pio/build/genericSTM32F411CE/lib242/libAdafruit BNO08x.a(shtp.c.o)
                0x08008732                shtp_listenChan
 .text.shtp_listenAdvert
                0x08008782       0x34 .pio/build/genericSTM32F411CE/lib242/libAdafruit BNO08x.a(shtp.c.o)
                0x08008782                shtp_listenAdvert
 *fill*         0x080087b6        0x2 
 .text.shtp_open
                0x080087b8       0xa8 .pio/build/genericSTM32F411CE/lib242/libAdafruit BNO08x.a(shtp.c.o)
                0x080087b8                shtp_open
 .text.shtp_chanNo
                0x08008860       0x62 .pio/build/genericSTM32F411CE/lib242/libAdafruit BNO08x.a(shtp.c.o)
                0x08008860                shtp_chanNo
 *fill*         0x080088c2        0x2 
 .text.shtp_service
                0x080088c4      0x154 .pio/build/genericSTM32F411CE/lib242/libAdafruit BNO08x.a(shtp.c.o)
                0x080088c4                shtp_service
 .text.shtp_send
                0x08008a18       0xb4 .pio/build/genericSTM32F411CE/lib242/libAdafruit BNO08x.a(shtp.c.o)
                0x08008a18                shtp_send
 .text._ZN14HardwareSerial9availableEv
                0x08008acc       0x10 .pio/build/genericSTM32F411CE/libFrameworkArduino.a(HardwareSerial.cpp.o)
                0x08008acc                HardwareSerial::available()
 .text._ZN14HardwareSerial4peekEv
                0x08008adc       0x1a .pio/build/genericSTM32F411CE/libFrameworkArduino.a(HardwareSerial.cpp.o)
                0x08008adc                HardwareSerial::peek()
 .text._ZN14HardwareSerial17availableForWriteEv
                0x08008af6       0x1c .pio/build/genericSTM32F411CE/libFrameworkArduino.a(HardwareSerial.cpp.o)
                0x08008af6                HardwareSerial::availableForWrite()
 .text._ZN14HardwareSerial5writeEh
                0x08008b12       0x18 .pio/build/genericSTM32F411CE/libFrameworkArduino.a(HardwareSerial.cpp.o)
                0x08008b12                HardwareSerial::write(unsigned char)
 *fill*         0x08008b2a        0x2 
 .text._ZN14HardwareSerial16_tx_complete_irqEP8serial_s
                0x08008b2c       0x60 .pio/build/genericSTM32F411CE/libFrameworkArduino.a(HardwareSerial.cpp.o)
                0x08008b2c                HardwareSerial::_tx_complete_irq(serial_s*)
 .text._ZN14HardwareSerial5writeEPKhj
                0x08008b8c       0xe4 .pio/build/genericSTM32F411CE/libFrameworkArduino.a(HardwareSerial.cpp.o)
                0x08008b8c                HardwareSerial::write(unsigned char const*, unsigned int)
 .text._ZN14HardwareSerial4initE7PinNameS0_S0_S0_
                0x08008c70       0x32 .pio/build/genericSTM32F411CE/libFrameworkArduino.a(HardwareSerial.cpp.o)
                0x08008c70                HardwareSerial::init(PinName, PinName, PinName, PinName)
 .text._ZN14HardwareSerial5flushEm
                0x08008ca2       0x36 .pio/build/genericSTM32F411CE/libFrameworkArduino.a(HardwareSerial.cpp.o)
                0x08008ca2                HardwareSerial::flush(unsigned long)
 .text._ZN14HardwareSerial5flushEv
                0x08008cd8        0x6 .pio/build/genericSTM32F411CE/libFrameworkArduino.a(HardwareSerial.cpp.o)
                0x08008cd8                HardwareSerial::flush()
 *fill*         0x08008cde        0x2 
 .text._ZN14HardwareSerial5setRxEm
                0x08008ce0       0x48 .pio/build/genericSTM32F411CE/libFrameworkArduino.a(HardwareSerial.cpp.o)
                0x08008ce0                HardwareSerial::setRx(unsigned long)
 .text._ZN14HardwareSerial5setTxEm
                0x08008d28       0x48 .pio/build/genericSTM32F411CE/libFrameworkArduino.a(HardwareSerial.cpp.o)
                0x08008d28                HardwareSerial::setTx(unsigned long)
 .text._ZN14HardwareSerialC2EPv16HalfDuplexMode_t
                0x08008d70       0x90 .pio/build/genericSTM32F411CE/libFrameworkArduino.a(HardwareSerial.cpp.o)
                0x08008d70                HardwareSerial::HardwareSerial(void*, HalfDuplexMode_t)
                0x08008d70                HardwareSerial::HardwareSerial(void*, HalfDuplexMode_t)
 .text._ZN14HardwareSerial18enableHalfDuplexRxEv
                0x08008e00       0x2c .pio/build/genericSTM32F411CE/libFrameworkArduino.a(HardwareSerial.cpp.o)
                0x08008e00                HardwareSerial::enableHalfDuplexRx()
 .text._ZN14HardwareSerial4readEv
                0x08008e2c       0x2e .pio/build/genericSTM32F411CE/libFrameworkArduino.a(HardwareSerial.cpp.o)
                0x08008e2c                HardwareSerial::read()
 *fill*         0x08008e5a        0x2 
 .text.startup._GLOBAL__sub_I_Serial2
                0x08008e5c       0x14 .pio/build/genericSTM32F411CE/libFrameworkArduino.a(HardwareSerial.cpp.o)
 .text._ZN5Print5writeEPKc
                0x08008e70       0x20 .pio/build/genericSTM32F411CE/libFrameworkArduino.a(Print.cpp.o)
                0x08008e70                Print::write(char const*)
 .text._ZN5Print5printEPKc
                0x08008e90        0x8 .pio/build/genericSTM32F411CE/libFrameworkArduino.a(Print.cpp.o)
                0x08008e90                Print::print(char const*)
 .text._ZN5Print5printEc
                0x08008e98        0x6 .pio/build/genericSTM32F411CE/libFrameworkArduino.a(Print.cpp.o)
                0x08008e98                Print::print(char)
 *fill*         0x08008e9e        0x2 
 .text._ZN5Print7printlnEv
                0x08008ea0       0x10 .pio/build/genericSTM32F411CE/libFrameworkArduino.a(Print.cpp.o)
                0x08008ea0                Print::println()
 .text._ZN5Print7printlnEPK19__FlashStringHelper
                0x08008eb0       0x14 .pio/build/genericSTM32F411CE/libFrameworkArduino.a(Print.cpp.o)
                0x08008eb0                Print::println(__FlashStringHelper const*)
 .text._ZN5Print7printlnEPKc
                0x08008ec4        0x4 .pio/build/genericSTM32F411CE/libFrameworkArduino.a(Print.cpp.o)
                0x08008ec4                Print::println(char const*)
 .text._ZN5Print11printNumberEmh
                0x08008ec8       0x3c .pio/build/genericSTM32F411CE/libFrameworkArduino.a(Print.cpp.o)
                0x08008ec8                Print::printNumber(unsigned long, unsigned char)
 .text._ZN5Print5printEli
                0x08008f04       0x44 .pio/build/genericSTM32F411CE/libFrameworkArduino.a(Print.cpp.o)
                0x08008f04                Print::print(long, int)
 .text._ZN5Print5printEii
                0x08008f48        0x4 .pio/build/genericSTM32F411CE/libFrameworkArduino.a(Print.cpp.o)
                0x08008f48                Print::print(int, int)
 .text._ZN5Print7printlnEii
                0x08008f4c       0x14 .pio/build/genericSTM32F411CE/libFrameworkArduino.a(Print.cpp.o)
                0x08008f4c                Print::println(int, int)
 .text._ZN5Print5printEmi
                0x08008f60       0x1a .pio/build/genericSTM32F411CE/libFrameworkArduino.a(Print.cpp.o)
                0x08008f60                Print::print(unsigned long, int)
 .text._ZN5Print5printEhi
                0x08008f7a        0x4 .pio/build/genericSTM32F411CE/libFrameworkArduino.a(Print.cpp.o)
                0x08008f7a                Print::print(unsigned char, int)
 .text._ZN5Print7printlnEhi
                0x08008f7e       0x14 .pio/build/genericSTM32F411CE/libFrameworkArduino.a(Print.cpp.o)
                0x08008f7e                Print::println(unsigned char, int)
 .text._ZN5Print7printlnEmi
                0x08008f92       0x14 .pio/build/genericSTM32F411CE/libFrameworkArduino.a(Print.cpp.o)
                0x08008f92                Print::println(unsigned long, int)
 *fill*         0x08008fa6        0x2 
 .text._ZN5Print10printFloatIfEEjT_h
                0x08008fa8      0x104 .pio/build/genericSTM32F411CE/libFrameworkArduino.a(Print.cpp.o)
                0x08008fa8                unsigned int Print::printFloat<float>(float, unsigned char)
 .text._ZN5Print5printEfi
                0x080090ac        0xa .pio/build/genericSTM32F411CE/libFrameworkArduino.a(Print.cpp.o)
                0x080090ac                Print::print(float, int)
 .text._ZN5Print7printlnEfi
                0x080090b6       0x16 .pio/build/genericSTM32F411CE/libFrameworkArduino.a(Print.cpp.o)
                0x080090b6                Print::println(float, int)
 .text._ZN6Stream9timedReadEv
                0x080090cc       0x2a .pio/build/genericSTM32F411CE/libFrameworkArduino.a(Stream.cpp.o)
                0x080090cc                Stream::timedRead()
 .text._ZN6Stream9readBytesEPcj
                0x080090f6       0x22 .pio/build/genericSTM32F411CE/libFrameworkArduino.a(Stream.cpp.o)
                0x080090f6                Stream::readBytes(char*, unsigned int)
 .text._ZN6Stream14readBytesUntilEcPcj
                0x08009118       0x30 .pio/build/genericSTM32F411CE/libFrameworkArduino.a(Stream.cpp.o)
                0x08009118                Stream::readBytesUntil(char, char*, unsigned int)
 .text.__empty  0x08009148        0x2 .pio/build/genericSTM32F411CE/libFrameworkArduino.a(hooks.c.o)
                0x08009148                yield
 .text.startup._Z7premainv
                0x0800914a       0x10 .pio/build/genericSTM32F411CE/libFrameworkArduino.a(main.cpp.o)
                0x0800914a                premain()
 .text.startup.main
                0x0800915a       0x14 .pio/build/genericSTM32F411CE/libFrameworkArduino.a(main.cpp.o)
                0x0800915a                main
 *fill*         0x0800916e        0x2 
 .text.pinNametoDigitalPin
                0x08009170       0x34 .pio/build/genericSTM32F411CE/libFrameworkArduino.a(pins_arduino.c.o)
                0x08009170                pinNametoDigitalPin
 .text.Reset_Handler
                0x080091a4       0x50 .pio/build/genericSTM32F411CE/libFrameworkArduino.a(startup_stm32yyxx.S.o)
                0x080091a4                Reset_Handler
 .text.Default_Handler
                0x080091f4        0x2 .pio/build/genericSTM32F411CE/libFrameworkArduino.a(startup_stm32yyxx.S.o)
                0x080091f4                RTC_Alarm_IRQHandler
                0x080091f4                DebugMon_Handler
                0x080091f4                SPI4_IRQHandler
                0x080091f4                DMA2_Stream5_IRQHandler
                0x080091f4                HardFault_Handler
                0x080091f4                DMA1_Stream5_IRQHandler
                0x080091f4                PVD_IRQHandler
                0x080091f4                SDIO_IRQHandler
                0x080091f4                TAMP_STAMP_IRQHandler
                0x080091f4                PendSV_Handler
                0x080091f4                NMI_Handler
                0x080091f4                DMA1_Stream2_IRQHandler
                0x080091f4                FPU_IRQHandler
                0x080091f4                UsageFault_Handler
                0x080091f4                DMA2_Stream2_IRQHandler
                0x080091f4                SPI1_IRQHandler
                0x080091f4                DMA2_Stream3_IRQHandler
                0x080091f4                DMA2_Stream0_IRQHandler
                0x080091f4                DMA1_Stream6_IRQHandler
                0x080091f4                DMA1_Stream1_IRQHandler
                0x080091f4                RCC_IRQHandler
                0x080091f4                Default_Handler
                0x080091f4                ADC_IRQHandler
                0x080091f4                DMA1_Stream7_IRQHandler
                0x080091f4                SPI5_IRQHandler